216816
216816
tralala
tralaal
trallaa
trallaa
tralala
tralaal
traalla
traalal
traalla
traalal
traaall
traaall
tralala
tralaal
trallaa
trallaa
tralala
tralaal
traaall
traaall
traalal
traalla
traalla
traalal
trlaala
trlaaal
trlalaa
trlalaa
trlaala
trlaaal
trlaala
trlaaal
trlalaa
trlalaa
trlaala
trlaaal
trllaaa
trllaaa
trllaaa
trllaaa
trllaaa
trllaaa
trlaala
trlaaal
trlalaa
trlalaa
trlaala
trlaaal
tralala
tralaal
trallaa
trallaa
tralala
tralaal
traalla
traalal
traalla
traalal
traaall
traaall
tralala
tralaal
trallaa
trallaa
tralala
tralaal
traaall
traaall
traalal
traalla
traalla
traalal
trllaaa
trllaaa
trllaaa
trllaaa
trllaaa
trllaaa
trlalaa
trlalaa
trlaala
trlaaal
trlaaal
trlaala
trlaala
trlaaal
trlalaa
trlalaa
trlaala
trlaaal
trlaaal
trlaala
trlaaal
trlaala
trlalaa
trlalaa
tralala
tralaal
trallaa
trallaa
tralala
tralaal
traalla
traalal
traalla
traalal
traaall
traaall
tralala
tralaal
trallaa
trallaa
tralala
tralaal
traaall
traaall
traalal
traalla
traalla
traalal
tarlala
tarlaal
tarllaa
tarllaa
tarlala
tarlaal
taralla
taralal
taralla
taralal
taraall
taraall
tarlala
tarlaal
tarllaa
tarllaa
tarlala
tarlaal
taraall
taraall
taralal
taralla
taralla
taralal
talrala
talraal
talrlaa
talrlaa
talrala
talraal
talarla
talaral
talalra
talalar
talaalr
talaarl
tallara
tallaar
tallraa
tallraa
tallara
tallaar
talaalr
talaarl
talalar
talalra
talarla
talaral
taalrla
taalral
taallra
taallar
taalalr
taalarl
taarlla
taarlal
taarlla
taarlal
taarall
taarall
taalrla
taalral
taallra
taallar
taalalr
taalarl
taaarll
taaarll
taaalrl
taaallr
taaallr
taaalrl
tallara
tallaar
tallraa
tallraa
tallara
tallaar
talalra
talalar
talarla
talaral
talaarl
talaalr
talrala
talraal
talrlaa
talrlaa
talrala
talraal
talaarl
talaalr
talaral
talarla
talalra
talalar
taalalr
taalarl
taallar
taallra
taalrla
taalral
taaallr
taaalrl
taaallr
taaalrl
taaarll
taaarll
taalalr
taalarl
taallar
taallra
taalrla
taalral
taarall
taarall
taarlal
taarlla
taarlla
taarlal
tlarala
tlaraal
tlarlaa
tlarlaa
tlarala
tlaraal
tlaarla
tlaaral
tlaalra
tlaalar
tlaaalr
tlaaarl
tlalara
tlalaar
tlalraa
tlalraa
tlalara
tlalaar
tlaaalr
tlaaarl
tlaalar
tlaalra
tlaarla
tlaaral
tlraala
tlraaal
tlralaa
tlralaa
tlraala
tlraaal
tlraala
tlraaal
tlralaa
tlralaa
tlraala
tlraaal
tlrlaaa
tlrlaaa
tlrlaaa
tlrlaaa
tlrlaaa
tlrlaaa
tlraala
tlraaal
tlralaa
tlralaa
tlraala
tlraaal
tlarala
tlaraal
tlarlaa
tlarlaa
tlarala
tlaraal
tlaarla
tlaaral
tlaalra
tlaalar
tlaaalr
tlaaarl
tlalara
tlalaar
tlalraa
tlalraa
tlalara
tlalaar
tlaaalr
tlaaarl
tlaalar
tlaalra
tlaarla
tlaaral
tllraaa
tllraaa
tllraaa
tllraaa
tllraaa
tllraaa
tllaraa
tllaraa
tllaara
tllaaar
tllaaar
tllaara
tllaara
tllaaar
tllaraa
tllaraa
tllaara
tllaaar
tllaaar
tllaara
tllaaar
tllaara
tllaraa
tllaraa
tlarala
tlaraal
tlarlaa
tlarlaa
tlarala
tlaraal
tlaarla
tlaaral
tlaalra
tlaalar
tlaaalr
tlaaarl
tlalara
tlalaar
tlalraa
tlalraa
tlalara
tlalaar
tlaaalr
tlaaarl
tlaalar
tlaalra
tlaarla
tlaaral
taalrla
taalral
taallra
taallar
taalalr
taalarl
taarlla
taarlal
taarlla
taarlal
taarall
taarall
taalrla
taalral
taallra
taallar
taalalr
taalarl
taaarll
taaarll
taaalrl
taaallr
taaallr
taaalrl
talarla
talaral
talalra
talalar
talaalr
talaarl
talrala
talraal
talrlaa
talrlaa
talrala
talraal
tallraa
tallraa
tallara
tallaar
tallaar
tallara
talarla
talaral
talalra
talalar
talaalr
talaarl
tarlala
tarlaal
tarllaa
tarllaa
tarlala
tarlaal
taralla
taralal
taralla
taralal
taraall
taraall
tarlala
tarlaal
tarllaa
tarllaa
tarlala
tarlaal
taraall
taraall
taralal
taralla
taralla
taralal
tallraa
tallraa
tallara
tallaar
tallaar
tallara
talrlaa
talrlaa
talrala
talraal
talraal
talrala
talarla
talaral
talalra
talalar
talaalr
talaarl
talaral
talarla
talaarl
talaalr
talalar
talalra
taalrla
taalral
taallra
taallar
taalalr
taalarl
taarlla
taarlal
taarlla
taarlal
taarall
taarall
taalrla
taalral
taallra
taallar
taalalr
taalarl
taaarll
taaarll
taaalrl
taaallr
taaallr
taaalrl
tlalara
tlalaar
tlalraa
tlalraa
tlalara
tlalaar
tlaalra
tlaalar
tlaarla
tlaaral
tlaaarl
tlaaalr
tlarala
tlaraal
tlarlaa
tlarlaa
tlarala
tlaraal
tlaaarl
tlaaalr
tlaaral
tlaarla
tlaalra
tlaalar
tllaara
tllaaar
tllaraa
tllaraa
tllaara
tllaaar
tllaara
tllaaar
tllaraa
tllaraa
tllaara
tllaaar
tllraaa
tllraaa
tllraaa
tllraaa
tllraaa
tllraaa
tllaara
tllaaar
tllaraa
tllaraa
tllaara
tllaaar
tlalara
tlalaar
tlalraa
tlalraa
tlalara
tlalaar
tlaalra
tlaalar
tlaarla
tlaaral
tlaaarl
tlaaalr
tlarala
tlaraal
tlarlaa
tlarlaa
tlarala
tlaraal
tlaaarl
tlaaalr
tlaaral
tlaarla
tlaalra
tlaalar
tlrlaaa
tlrlaaa
tlrlaaa
tlrlaaa
tlrlaaa
tlrlaaa
tlralaa
tlralaa
tlraala
tlraaal
tlraaal
tlraala
tlraala
tlraaal
tlralaa
tlralaa
tlraala
tlraaal
tlraaal
tlraala
tlraaal
tlraala
tlralaa
tlralaa
tlalara
tlalaar
tlalraa
tlalraa
tlalara
tlalaar
tlaalra
tlaalar
tlaarla
tlaaral
tlaaarl
tlaaalr
tlarala
tlaraal
tlarlaa
tlarlaa
tlarala
tlaraal
tlaaarl
tlaaalr
tlaaral
tlaarla
tlaalra
tlaalar
taalalr
taalarl
taallar
taallra
taalrla
taalral
taaallr
taaalrl
taaallr
taaalrl
taaarll
taaarll
taalalr
taalarl
taallar
taallra
taalrla
taalral
taarall
taarall
taarlal
taarlla
taarlla
taarlal
talaalr
talaarl
talalar
talalra
talarla
talaral
talaalr
talaarl
talalar
talalra
talarla
talaral
tallaar
tallara
tallaar
tallara
tallraa
tallraa
talrala
talraal
talrlaa
talrlaa
talrala
talraal
taalalr
taalarl
taallar
taallra
taalrla
taalral
taaallr
taaalrl
taaallr
taaalrl
taaarll
taaarll
taalalr
taalarl
taallar
taallra
taalrla
taalral
taarall
taarall
taarlal
taarlla
taarlla
taarlal
tallaar
tallara
tallaar
tallara
tallraa
tallraa
talalar
talalra
talaalr
talaarl
talaral
talarla
talaalr
talaarl
talalar
talalra
talarla
talaral
talraal
talrala
talraal
talrala
talrlaa
talrlaa
tarlala
tarlaal
tarllaa
tarllaa
tarlala
tarlaal
taralla
taralal
taralla
taralal
taraall
taraall
tarlala
tarlaal
tarllaa
tarllaa
tarlala
tarlaal
taraall
taraall
taralal
taralla
taralla
taralal
rtalala
rtalaal
rtallaa
rtallaa
rtalala
rtalaal
rtaalla
rtaalal
rtaalla
rtaalal
rtaaall
rtaaall
rtalala
rtalaal
rtallaa
rtallaa
rtalala
rtalaal
rtaaall
rtaaall
rtaalal
rtaalla
rtaalla
rtaalal
rtlaala
rtlaaal
rtlalaa
rtlalaa
rtlaala
rtlaaal
rtlaala
rtlaaal
rtlalaa
rtlalaa
rtlaala
rtlaaal
rtllaaa
rtllaaa
rtllaaa
rtllaaa
rtllaaa
rtllaaa
rtlaala
rtlaaal
rtlalaa
rtlalaa
rtlaala
rtlaaal
rtalala
rtalaal
rtallaa
rtallaa
rtalala
rtalaal
rtaalla
rtaalal
rtaalla
rtaalal
rtaaall
rtaaall
rtalala
rtalaal
rtallaa
rtallaa
rtalala
rtalaal
rtaaall
rtaaall
rtaalal
rtaalla
rtaalla
rtaalal
rtllaaa
rtllaaa
rtllaaa
rtllaaa
rtllaaa
rtllaaa
rtlalaa
rtlalaa
rtlaala
rtlaaal
rtlaaal
rtlaala
rtlaala
rtlaaal
rtlalaa
rtlalaa
rtlaala
rtlaaal
rtlaaal
rtlaala
rtlaaal
rtlaala
rtlalaa
rtlalaa
rtalala
rtalaal
rtallaa
rtallaa
rtalala
rtalaal
rtaalla
rtaalal
rtaalla
rtaalal
rtaaall
rtaaall
rtalala
rtalaal
rtallaa
rtallaa
rtalala
rtalaal
rtaaall
rtaaall
rtaalal
rtaalla
rtaalla
rtaalal
ratlala
ratlaal
ratllaa
ratllaa
ratlala
ratlaal
ratalla
ratalal
ratalla
ratalal
rataall
rataall
ratlala
ratlaal
ratllaa
ratllaa
ratlala
ratlaal
rataall
rataall
ratalal
ratalla
ratalla
ratalal
raltala
raltaal
raltlaa
raltlaa
raltala
raltaal
ralatla
ralatal
ralalta
ralalat
ralaalt
ralaatl
rallata
rallaat
ralltaa
ralltaa
rallata
rallaat
ralaalt
ralaatl
ralalat
ralalta
ralatla
ralatal
raaltla
raaltal
raallta
raallat
raalalt
raalatl
raatlla
raatlal
raatlla
raatlal
raatall
raatall
raaltla
raaltal
raallta
raallat
raalalt
raalatl
raaatll
raaatll
raaaltl
raaallt
raaallt
raaaltl
rallata
rallaat
ralltaa
ralltaa
rallata
rallaat
ralalta
ralalat
ralatla
ralatal
ralaatl
ralaalt
raltala
raltaal
raltlaa
raltlaa
raltala
raltaal
ralaatl
ralaalt
ralatal
ralatla
ralalta
ralalat
raalalt
raalatl
raallat
raallta
raaltla
raaltal
raaallt
raaaltl
raaallt
raaaltl
raaatll
raaatll
raalalt
raalatl
raallat
raallta
raaltla
raaltal
raatall
raatall
raatlal
raatlla
raatlla
raatlal
rlatala
rlataal
rlatlaa
rlatlaa
rlatala
rlataal
rlaatla
rlaatal
rlaalta
rlaalat
rlaaalt
rlaaatl
rlalata
rlalaat
rlaltaa
rlaltaa
rlalata
rlalaat
rlaaalt
rlaaatl
rlaalat
rlaalta
rlaatla
rlaatal
rltaala
rltaaal
rltalaa
rltalaa
rltaala
rltaaal
rltaala
rltaaal
rltalaa
rltalaa
rltaala
rltaaal
rltlaaa
rltlaaa
rltlaaa
rltlaaa
rltlaaa
rltlaaa
rltaala
rltaaal
rltalaa
rltalaa
rltaala
rltaaal
rlatala
rlataal
rlatlaa
rlatlaa
rlatala
rlataal
rlaatla
rlaatal
rlaalta
rlaalat
rlaaalt
rlaaatl
rlalata
rlalaat
rlaltaa
rlaltaa
rlalata
rlalaat
rlaaalt
rlaaatl
rlaalat
rlaalta
rlaatla
rlaatal
rlltaaa
rlltaaa
rlltaaa
rlltaaa
rlltaaa
rlltaaa
rllataa
rllataa
rllaata
rllaaat
rllaaat
rllaata
rllaata
rllaaat
rllataa
rllataa
rllaata
rllaaat
rllaaat
rllaata
rllaaat
rllaata
rllataa
rllataa
rlatala
rlataal
rlatlaa
rlatlaa
rlatala
rlataal
rlaatla
rlaatal
rlaalta
rlaalat
rlaaalt
rlaaatl
rlalata
rlalaat
rlaltaa
rlaltaa
rlalata
rlalaat
rlaaalt
rlaaatl
rlaalat
rlaalta
rlaatla
rlaatal
raaltla
raaltal
raallta
raallat
raalalt
raalatl
raatlla
raatlal
raatlla
raatlal
raatall
raatall
raaltla
raaltal
raallta
raallat
raalalt
raalatl
raaatll
raaatll
raaaltl
raaallt
raaallt
raaaltl
ralatla
ralatal
ralalta
ralalat
ralaalt
ralaatl
raltala
raltaal
raltlaa
raltlaa
raltala
raltaal
ralltaa
ralltaa
rallata
rallaat
rallaat
rallata
ralatla
ralatal
ralalta
ralalat
ralaalt
ralaatl
ratlala
ratlaal
ratllaa
ratllaa
ratlala
ratlaal
ratalla
ratalal
ratalla
ratalal
rataall
rataall
ratlala
ratlaal
ratllaa
ratllaa
ratlala
ratlaal
rataall
rataall
ratalal
ratalla
ratalla
ratalal
ralltaa
ralltaa
rallata
rallaat
rallaat
rallata
raltlaa
raltlaa
raltala
raltaal
raltaal
raltala
ralatla
ralatal
ralalta
ralalat
ralaalt
ralaatl
ralatal
ralatla
ralaatl
ralaalt
ralalat
ralalta
raaltla
raaltal
raallta
raallat
raalalt
raalatl
raatlla
raatlal
raatlla
raatlal
raatall
raatall
raaltla
raaltal
raallta
raallat
raalalt
raalatl
raaatll
raaatll
raaaltl
raaallt
raaallt
raaaltl
rlalata
rlalaat
rlaltaa
rlaltaa
rlalata
rlalaat
rlaalta
rlaalat
rlaatla
rlaatal
rlaaatl
rlaaalt
rlatala
rlataal
rlatlaa
rlatlaa
rlatala
rlataal
rlaaatl
rlaaalt
rlaatal
rlaatla
rlaalta
rlaalat
rllaata
rllaaat
rllataa
rllataa
rllaata
rllaaat
rllaata
rllaaat
rllataa
rllataa
rllaata
rllaaat
rlltaaa
rlltaaa
rlltaaa
rlltaaa
rlltaaa
rlltaaa
rllaata
rllaaat
rllataa
rllataa
rllaata
rllaaat
rlalata
rlalaat
rlaltaa
rlaltaa
rlalata
rlalaat
rlaalta
rlaalat
rlaatla
rlaatal
rlaaatl
rlaaalt
rlatala
rlataal
rlatlaa
rlatlaa
rlatala
rlataal
rlaaatl
rlaaalt
rlaatal
rlaatla
rlaalta
rlaalat
rltlaaa
rltlaaa
rltlaaa
rltlaaa
rltlaaa
rltlaaa
rltalaa
rltalaa
rltaala
rltaaal
rltaaal
rltaala
rltaala
rltaaal
rltalaa
rltalaa
rltaala
rltaaal
rltaaal
rltaala
rltaaal
rltaala
rltalaa
rltalaa
rlalata
rlalaat
rlaltaa
rlaltaa
rlalata
rlalaat
rlaalta
rlaalat
rlaatla
rlaatal
rlaaatl
rlaaalt
rlatala
rlataal
rlatlaa
rlatlaa
rlatala
rlataal
rlaaatl
rlaaalt
rlaatal
rlaatla
rlaalta
rlaalat
raalalt
raalatl
raallat
raallta
raaltla
raaltal
raaallt
raaaltl
raaallt
raaaltl
raaatll
raaatll
raalalt
raalatl
raallat
raallta
raaltla
raaltal
raatall
raatall
raatlal
raatlla
raatlla
raatlal
ralaalt
ralaatl
ralalat
ralalta
ralatla
ralatal
ralaalt
ralaatl
ralalat
ralalta
ralatla
ralatal
rallaat
rallata
rallaat
rallata
ralltaa
ralltaa
raltala
raltaal
raltlaa
raltlaa
raltala
raltaal
raalalt
raalatl
raallat
raallta
raaltla
raaltal
raaallt
raaaltl
raaallt
raaaltl
raaatll
raaatll
raalalt
raalatl
raallat
raallta
raaltla
raaltal
raatall
raatall
raatlal
raatlla
raatlla
raatlal
rallaat
rallata
rallaat
rallata
ralltaa
ralltaa
ralalat
ralalta
ralaalt
ralaatl
ralatal
ralatla
ralaalt
ralaatl
ralalat
ralalta
ralatla
ralatal
raltaal
raltala
raltaal
raltala
raltlaa
raltlaa
ratlala
ratlaal
ratllaa
ratllaa
ratlala
ratlaal
ratalla
ratalal
ratalla
ratalal
rataall
rataall
ratlala
ratlaal
ratllaa
ratllaa
ratlala
ratlaal
rataall
rataall
ratalal
ratalla
ratalla
ratalal
artlala
artlaal
artllaa
artllaa
artlala
artlaal
artalla
artalal
artalla
artalal
artaall
artaall
artlala
artlaal
artllaa
artllaa
artlala
artlaal
artaall
artaall
artalal
artalla
artalla
artalal
arltala
arltaal
arltlaa
arltlaa
arltala
arltaal
arlatla
arlatal
arlalta
arlalat
arlaalt
arlaatl
arllata
arllaat
arlltaa
arlltaa
arllata
arllaat
arlaalt
arlaatl
arlalat
arlalta
arlatla
arlatal
araltla
araltal
arallta
arallat
aralalt
aralatl
aratlla
aratlal
aratlla
aratlal
aratall
aratall
araltla
araltal
arallta
arallat
aralalt
aralatl
araatll
araatll
araaltl
araallt
araallt
araaltl
arllata
arllaat
arlltaa
arlltaa
arllata
arllaat
arlalta
arlalat
arlatla
arlatal
arlaatl
arlaalt
arltala
arltaal
arltlaa
arltlaa
arltala
arltaal
arlaatl
arlaalt
arlatal
arlatla
arlalta
arlalat
aralalt
aralatl
arallat
arallta
araltla
araltal
araallt
araaltl
araallt
araaltl
araatll
araatll
aralalt
aralatl
arallat
arallta
araltla
araltal
aratall
aratall
aratlal
aratlla
aratlla
aratlal
atrlala
atrlaal
atrllaa
atrllaa
atrlala
atrlaal
atralla
atralal
atralla
atralal
atraall
atraall
atrlala
atrlaal
atrllaa
atrllaa
atrlala
atrlaal
atraall
atraall
atralal
atralla
atralla
atralal
atlrala
atlraal
atlrlaa
atlrlaa
atlrala
atlraal
atlarla
atlaral
atlalra
atlalar
atlaalr
atlaarl
atllara
atllaar
atllraa
atllraa
atllara
atllaar
atlaalr
atlaarl
atlalar
atlalra
atlarla
atlaral
atalrla
atalral
atallra
atallar
atalalr
atalarl
atarlla
atarlal
atarlla
atarlal
atarall
atarall
atalrla
atalral
atallra
atallar
atalalr
atalarl
ataarll
ataarll
ataalrl
ataallr
ataallr
ataalrl
atllara
atllaar
atllraa
atllraa
atllara
atllaar
atlalra
atlalar
atlarla
atlaral
atlaarl
atlaalr
atlrala
atlraal
atlrlaa
atlrlaa
atlrala
atlraal
atlaarl
atlaalr
atlaral
atlarla
atlalra
atlalar
atalalr
atalarl
atallar
atallra
atalrla
atalral
ataallr
ataalrl
ataallr
ataalrl
ataarll
ataarll
atalalr
atalarl
atallar
atallra
atalrla
atalral
atarall
atarall
atarlal
atarlla
atarlla
atarlal
altrala
altraal
altrlaa
altrlaa
altrala
altraal
altarla
altaral
altalra
altalar
altaalr
altaarl
altlara
altlaar
altlraa
altlraa
altlara
altlaar
altaalr
altaarl
altalar
altalra
altarla
altaral
alrtala
alrtaal
alrtlaa
alrtlaa
alrtala
alrtaal
alratla
alratal
alralta
alralat
alraalt
alraatl
alrlata
alrlaat
alrltaa
alrltaa
alrlata
alrlaat
alraalt
alraatl
alralat
alralta
alratla
alratal
alartla
alartal
alarlta
alarlat
alaralt
alaratl
alatrla
alatral
alatlra
alatlar
alatalr
alatarl
alaltra
alaltar
alalrta
alalrat
alalart
alalatr
alaatlr
alaatrl
alaaltr
alaalrt
alaarlt
alaartl
allrata
allraat
allrtaa
allrtaa
allrata
allraat
allarta
allarat
allatra
allatar
allaatr
allaart
alltara
alltaar
alltraa
alltraa
alltara
alltaar
allaatr
allaart
allatar
allatra
allarta
allarat
alaralt
alaratl
alarlat
alarlta
alartla
alartal
alaarlt
alaartl
alaalrt
alaaltr
alaatlr
alaatrl
alalart
alalatr
alalrat
alalrta
alaltra
alaltar
alatalr
alatarl
alatlar
alatlra
alatrla
alatral
aatlrla
aatlral
aatllra
aatllar
aatlalr
aatlarl
aatrlla
aatrlal
aatrlla
aatrlal
aatrall
aatrall
aatlrla
aatlral
aatllra
aatllar
aatlalr
aatlarl
aatarll
aatarll
aatalrl
aatallr
aatallr
aatalrl
aaltrla
aaltral
aaltlra
aaltlar
aaltalr
aaltarl
aalrtla
aalrtal
aalrlta
aalrlat
aalralt
aalratl
aallrta
aallrat
aalltra
aalltar
aallatr
aallart
aalarlt
aalartl
aalalrt
aalaltr
aalatlr
aalatrl
aarltla
aarltal
aarllta
aarllat
aarlalt
aarlatl
aartlla
aartlal
aartlla
aartlal
aartall
aartall
aarltla
aarltal
aarllta
aarllat
aarlalt
aarlatl
aaratll
aaratll
aaraltl
aarallt
aarallt
aaraltl
aallrta
aallrat
aalltra
aalltar
aallatr
aallart
aalrlta
aalrlat
aalrtla
aalrtal
aalratl
aalralt
aaltrla
aaltral
aaltlra
aaltlar
aaltalr
aaltarl
aalartl
aalarlt
aalatrl
aalatlr
aalaltr
aalalrt
aaalrlt
aaalrtl
aaallrt
aaalltr
aaaltlr
aaaltrl
aaarllt
aaarltl
aaarllt
aaarltl
aaartll
aaartll
aaalrlt
aaalrtl
aaallrt
aaalltr
aaaltlr
aaaltrl
aaatrll
aaatrll
aaatlrl
aaatllr
aaatllr
aaatlrl
altlara
altlaar
altlraa
altlraa
altlara
altlaar
altalra
altalar
altarla
altaral
altaarl
altaalr
altrala
altraal
altrlaa
altrlaa
altrala
altraal
altaarl
altaalr
altaral
altarla
altalra
altalar
alltara
alltaar
alltraa
alltraa
alltara
alltaar
allatra
allatar
allarta
allarat
allaart
allaatr
allrata
allraat
allrtaa
allrtaa
allrata
allraat
allaart
allaatr
allarat
allarta
allatra
allatar
alaltra
alaltar
alalrta
alalrat
alalart
alalatr
alatlra
alatlar
alatrla
alatral
alatarl
alatalr
alartla
alartal
alarlta
alarlat
alaralt
alaratl
alaatrl
alaatlr
alaartl
alaarlt
alaalrt
alaaltr
alrlata
alrlaat
alrltaa
alrltaa
alrlata
alrlaat
alralta
alralat
alratla
alratal
alraatl
alraalt
alrtala
alrtaal
alrtlaa
alrtlaa
alrtala
alrtaal
alraatl
alraalt
alratal
alratla
alralta
alralat
alalart
alalatr
alalrat
alalrta
alaltra
alaltar
alaalrt
alaaltr
alaarlt
alaartl
alaatrl
alaatlr
alaralt
alaratl
alarlat
alarlta
alartla
alartal
alatarl
alatalr
alatral
alatrla
alatlra
alatlar
aatlalr
aatlarl
aatllar
aatllra
aatlrla
aatlral
aatallr
aatalrl
aatallr
aatalrl
aatarll
aatarll
aatlalr
aatlarl
aatllar
aatllra
aatlrla
aatlral
aatrall
aatrall
aatrlal
aatrlla
aatrlla
aatrlal
aaltalr
aaltarl
aaltlar
aaltlra
aaltrla
aaltral
aalatlr
aalatrl
aalaltr
aalalrt
aalarlt
aalartl
aallatr
aallart
aalltar
aalltra
aallrta
aallrat
aalralt
aalratl
aalrlat
aalrlta
aalrtla
aalrtal
aaaltlr
aaaltrl
aaalltr
aaallrt
aaalrlt
aaalrtl
aaatllr
aaatlrl
aaatllr
aaatlrl
aaatrll
aaatrll
aaaltlr
aaaltrl
aaalltr
aaallrt
aaalrlt
aaalrtl
aaartll
aaartll
aaarltl
aaarllt
aaarllt
aaarltl
aallatr
aallart
aalltar
aalltra
aallrta
aallrat
aalaltr
aalalrt
aalatlr
aalatrl
aalartl
aalarlt
aaltalr
aaltarl
aaltlar
aaltlra
aaltrla
aaltral
aalratl
aalralt
aalrtal
aalrtla
aalrlta
aalrlat
aarlalt
aarlatl
aarllat
aarllta
aarltla
aarltal
aarallt
aaraltl
aarallt
aaraltl
aaratll
aaratll
aarlalt
aarlatl
aarllat
aarllta
aarltla
aarltal
aartall
aartall
aartlal
aartlla
aartlla
aartlal
lratala
lrataal
lratlaa
lratlaa
lratala
lrataal
lraatla
lraatal
lraalta
lraalat
lraaalt
lraaatl
lralata
lralaat
lraltaa
lraltaa
lralata
lralaat
lraaalt
lraaatl
lraalat
lraalta
lraatla
lraatal
lrtaala
lrtaaal
lrtalaa
lrtalaa
lrtaala
lrtaaal
lrtaala
lrtaaal
lrtalaa
lrtalaa
lrtaala
lrtaaal
lrtlaaa
lrtlaaa
lrtlaaa
lrtlaaa
lrtlaaa
lrtlaaa
lrtaala
lrtaaal
lrtalaa
lrtalaa
lrtaala
lrtaaal
lratala
lrataal
lratlaa
lratlaa
lratala
lrataal
lraatla
lraatal
lraalta
lraalat
lraaalt
lraaatl
lralata
lralaat
lraltaa
lraltaa
lralata
lralaat
lraaalt
lraaatl
lraalat
lraalta
lraatla
lraatal
lrltaaa
lrltaaa
lrltaaa
lrltaaa
lrltaaa
lrltaaa
lrlataa
lrlataa
lrlaata
lrlaaat
lrlaaat
lrlaata
lrlaata
lrlaaat
lrlataa
lrlataa
lrlaata
lrlaaat
lrlaaat
lrlaata
lrlaaat
lrlaata
lrlataa
lrlataa
lratala
lrataal
lratlaa
lratlaa
lratala
lrataal
lraatla
lraatal
lraalta
lraalat
lraaalt
lraaatl
lralata
lralaat
lraltaa
lraltaa
lralata
lralaat
lraaalt
lraaatl
lraalat
lraalta
lraatla
lraatal
lartala
lartaal
lartlaa
lartlaa
lartala
lartaal
laratla
laratal
laralta
laralat
laraalt
laraatl
larlata
larlaat
larltaa
larltaa
larlata
larlaat
laraalt
laraatl
laralat
laralta
laratla
laratal
latrala
latraal
latrlaa
latrlaa
latrala
latraal
latarla
lataral
latalra
latalar
lataalr
lataarl
latlara
latlaar
latlraa
latlraa
latlara
latlaar
lataalr
lataarl
latalar
latalra
latarla
lataral
laatrla
laatral
laatlra
laatlar
laatalr
laatarl
laartla
laartal
laarlta
laarlat
laaralt
laaratl
laalrta
laalrat
laaltra
laaltar
laalatr
laalart
laaarlt
laaartl
laaalrt
laaaltr
laaatlr
laaatrl
laltara
laltaar
laltraa
laltraa
laltara
laltaar
lalatra
lalatar
lalarta
lalarat
lalaart
lalaatr
lalrata
lalraat
lalrtaa
lalrtaa
lalrata
lalraat
lalaart
lalaatr
lalarat
lalarta
lalatra
lalatar
laatalr
laatarl
laatlar
laatlra
laatrla
laatral
laaatlr
laaatrl
laaaltr
laaalrt
laaarlt
laaartl
laalatr
laalart
laaltar
laaltra
laalrta
laalrat
laaralt
laaratl
laarlat
laarlta
laartla
laartal
ltarala
ltaraal
ltarlaa
ltarlaa
ltarala
ltaraal
ltaarla
ltaaral
ltaalra
ltaalar
ltaaalr
ltaaarl
ltalara
ltalaar
ltalraa
ltalraa
ltalara
ltalaar
ltaaalr
ltaaarl
ltaalar
ltaalra
ltaarla
ltaaral
ltraala
ltraaal
ltralaa
ltralaa
ltraala
ltraaal
ltraala
ltraaal
ltralaa
ltralaa
ltraala
ltraaal
ltrlaaa
ltrlaaa
ltrlaaa
ltrlaaa
ltrlaaa
ltrlaaa
ltraala
ltraaal
ltralaa
ltralaa
ltraala
ltraaal
ltarala
ltaraal
ltarlaa
ltarlaa
ltarala
ltaraal
ltaarla
ltaaral
ltaalra
ltaalar
ltaaalr
ltaaarl
ltalara
ltalaar
ltalraa
ltalraa
ltalara
ltalaar
ltaaalr
ltaaarl
ltaalar
ltaalra
ltaarla
ltaaral
ltlraaa
ltlraaa
ltlraaa
ltlraaa
ltlraaa
ltlraaa
ltlaraa
ltlaraa
ltlaara
ltlaaar
ltlaaar
ltlaara
ltlaara
ltlaaar
ltlaraa
ltlaraa
ltlaara
ltlaaar
ltlaaar
ltlaara
ltlaaar
ltlaara
ltlaraa
ltlaraa
ltarala
ltaraal
ltarlaa
ltarlaa
ltarala
ltaraal
ltaarla
ltaaral
ltaalra
ltaalar
ltaaalr
ltaaarl
ltalara
ltalaar
ltalraa
ltalraa
ltalara
ltalaar
ltaaalr
ltaaarl
ltaalar
ltaalra
ltaarla
ltaaral
laatrla
laatral
laatlra
laatlar
laatalr
laatarl
laartla
laartal
laarlta
laarlat
laaralt
laaratl
laalrta
laalrat
laaltra
laaltar
laalatr
laalart
laaarlt
laaartl
laaalrt
laaaltr
laaatlr
laaatrl
latarla
lataral
latalra
latalar
lataalr
lataarl
latrala
latraal
latrlaa
latrlaa
latrala
latraal
latlraa
latlraa
latlara
latlaar
latlaar
latlara
latarla
lataral
latalra
latalar
lataalr
lataarl
lartala
lartaal
lartlaa
lartlaa
lartala
lartaal
laratla
laratal
laralta
laralat
laraalt
laraatl
larlata
larlaat
larltaa
larltaa
larlata
larlaat
laraalt
laraatl
laralat
laralta
laratla
laratal
laltraa
laltraa
laltara
laltaar
laltaar
laltara
lalrtaa
lalrtaa
lalrata
lalraat
lalraat
lalrata
lalarta
lalarat
lalatra
lalatar
lalaatr
lalaart
lalarat
lalarta
lalaart
lalaatr
lalatar
lalatra
laatrla
laatral
laatlra
laatlar
laatalr
laatarl
laartla
laartal
laarlta
laarlat
laaralt
laaratl
laalrta
laalrat
laaltra
laaltar
laalatr
laalart
laaarlt
laaartl
laaalrt
laaaltr
laaatlr
laaatrl
llatara
llataar
llatraa
llatraa
llatara
llataar
llaatra
llaatar
llaarta
llaarat
llaaart
llaaatr
llarata
llaraat
llartaa
llartaa
llarata
llaraat
llaaart
llaaatr
llaarat
llaarta
llaatra
llaatar
lltaara
lltaaar
lltaraa
lltaraa
lltaara
lltaaar
lltaara
lltaaar
lltaraa
lltaraa
lltaara
lltaaar
lltraaa
lltraaa
lltraaa
lltraaa
lltraaa
lltraaa
lltaara
lltaaar
lltaraa
lltaraa
lltaara
lltaaar
llatara
llataar
llatraa
llatraa
llatara
llataar
llaatra
llaatar
llaarta
llaarat
llaaart
llaaatr
llarata
llaraat
llartaa
llartaa
llarata
llaraat
llaaart
llaaatr
llaarat
llaarta
llaatra
llaatar
llrtaaa
llrtaaa
llrtaaa
llrtaaa
llrtaaa
llrtaaa
llrataa
llrataa
llraata
llraaat
llraaat
llraata
llraata
llraaat
llrataa
llrataa
llraata
llraaat
llraaat
llraata
llraaat
llraata
llrataa
llrataa
llatara
llataar
llatraa
llatraa
llatara
llataar
llaatra
llaatar
llaarta
llaarat
llaaart
llaaatr
llarata
llaraat
llartaa
llartaa
llarata
llaraat
llaaart
llaaatr
llaarat
llaarta
llaatra
llaatar
laatalr
laatarl
laatlar
laatlra
laatrla
laatral
laaatlr
laaatrl
laaaltr
laaalrt
laaarlt
laaartl
laalatr
laalart
laaltar
laaltra
laalrta
laalrat
laaralt
laaratl
laarlat
laarlta
laartla
laartal
lataalr
lataarl
latalar
latalra
latarla
lataral
lataalr
lataarl
latalar
latalra
latarla
lataral
latlaar
latlara
latlaar
latlara
latlraa
latlraa
latrala
latraal
latrlaa
latrlaa
latrala
latraal
laatalr
laatarl
laatlar
laatlra
laatrla
laatral
laaatlr
laaatrl
laaaltr
laaalrt
laaarlt
laaartl
laalatr
laalart
laaltar
laaltra
laalrta
laalrat
laaralt
laaratl
laarlat
laarlta
laartla
laartal
laltaar
laltara
laltaar
laltara
laltraa
laltraa
lalatar
lalatra
lalaatr
lalaart
lalarat
lalarta
lalaatr
lalaart
lalatar
lalatra
lalarta
lalarat
lalraat
lalrata
lalraat
lalrata
lalrtaa
lalrtaa
lartala
lartaal
lartlaa
lartlaa
lartala
lartaal
laratla
laratal
laralta
laralat
laraalt
laraatl
larlata
larlaat
larltaa
larltaa
larlata
larlaat
laraalt
laraatl
laralat
laralta
laratla
laratal
araltla
araltal
arallta
arallat
aralalt
aralatl
aratlla
aratlal
aratlla
aratlal
aratall
aratall
araltla
araltal
arallta
arallat
aralalt
aralatl
araatll
araatll
araaltl
araallt
araallt
araaltl
arlatla
arlatal
arlalta
arlalat
arlaalt
arlaatl
arltala
arltaal
arltlaa
arltlaa
arltala
arltaal
arlltaa
arlltaa
arllata
arllaat
arllaat
arllata
arlatla
arlatal
arlalta
arlalat
arlaalt
arlaatl
artlala
artlaal
artllaa
artllaa
artlala
artlaal
artalla
artalal
artalla
artalal
artaall
artaall
artlala
artlaal
artllaa
artllaa
artlala
artlaal
artaall
artaall
artalal
artalla
artalla
artalal
arlltaa
arlltaa
arllata
arllaat
arllaat
arllata
arltlaa
arltlaa
arltala
arltaal
arltaal
arltala
arlatla
arlatal
arlalta
arlalat
arlaalt
arlaatl
arlatal
arlatla
arlaatl
arlaalt
arlalat
arlalta
araltla
araltal
arallta
arallat
aralalt
aralatl
aratlla
aratlal
aratlla
aratlal
aratall
aratall
araltla
araltal
arallta
arallat
aralalt
aralatl
araatll
araatll
araaltl
araallt
araallt
araaltl
aarltla
aarltal
aarllta
aarllat
aarlalt
aarlatl
aartlla
aartlal
aartlla
aartlal
aartall
aartall
aarltla
aarltal
aarllta
aarllat
aarlalt
aarlatl
aaratll
aaratll
aaraltl
aarallt
aarallt
aaraltl
aalrtla
aalrtal
aalrlta
aalrlat
aalralt
aalratl
aaltrla
aaltral
aaltlra
aaltlar
aaltalr
aaltarl
aalltra
aalltar
aallrta
aallrat
aallart
aallatr
aalatlr
aalatrl
aalaltr
aalalrt
aalarlt
aalartl
aatlrla
aatlral
aatllra
aatllar
aatlalr
aatlarl
aatrlla
aatrlal
aatrlla
aatrlal
aatrall
aatrall
aatlrla
aatlral
aatllra
aatllar
aatlalr
aatlarl
aatarll
aatarll
aatalrl
aatallr
aatallr
aatalrl
aalltra
aalltar
aallrta
aallrat
aallart
aallatr
aaltlra
aaltlar
aaltrla
aaltral
aaltarl
aaltalr
aalrtla
aalrtal
aalrlta
aalrlat
aalralt
aalratl
aalatrl
aalatlr
aalartl
aalarlt
aalalrt
aalaltr
aaaltlr
aaaltrl
aaalltr
aaallrt
aaalrlt
aaalrtl
aaatllr
aaatlrl
aaatllr
aaatlrl
aaatrll
aaatrll
aaaltlr
aaaltrl
aaalltr
aaallrt
aaalrlt
aaalrtl
aaartll
aaartll
aaarltl
aaarllt
aaarllt
aaarltl
alartla
alartal
alarlta
alarlat
alaralt
alaratl
alatrla
alatral
alatlra
alatlar
alatalr
alatarl
alaltra
alaltar
alalrta
alalrat
alalart
alalatr
alaatlr
alaatrl
alaaltr
alaalrt
alaarlt
alaartl
alratla
alratal
alralta
alralat
alraalt
alraatl
alrtala
alrtaal
alrtlaa
alrtlaa
alrtala
alrtaal
alrltaa
alrltaa
alrlata
alrlaat
alrlaat
alrlata
alratla
alratal
alralta
alralat
alraalt
alraatl
altrala
altraal
altrlaa
altrlaa
altrala
altraal
altarla
altaral
altalra
altalar
altaalr
altaarl
altlara
altlaar
altlraa
altlraa
altlara
altlaar
altaalr
altaarl
altalar
altalra
altarla
altaral
allrtaa
allrtaa
allrata
allraat
allraat
allrata
alltraa
alltraa
alltara
alltaar
alltaar
alltara
allatra
allatar
allarta
allarat
allaart
allaatr
allatar
allatra
allaatr
allaart
allarat
allarta
alartla
alartal
alarlta
alarlat
alaralt
alaratl
alatrla
alatral
alatlra
alatlar
alatalr
alatarl
alaltra
alaltar
alalrta
alalrat
alalart
alalatr
alaatlr
alaatrl
alaaltr
alaalrt
alaarlt
alaartl
atalrla
atalral
atallra
atallar
atalalr
atalarl
atarlla
atarlal
atarlla
atarlal
atarall
atarall
atalrla
atalral
atallra
atallar
atalalr
atalarl
ataarll
ataarll
ataalrl
ataallr
ataallr
ataalrl
atlarla
atlaral
atlalra
atlalar
atlaalr
atlaarl
atlrala
atlraal
atlrlaa
atlrlaa
atlrala
atlraal
atllraa
atllraa
atllara
atllaar
atllaar
atllara
atlarla
atlaral
atlalra
atlalar
atlaalr
atlaarl
atrlala
atrlaal
atrllaa
atrllaa
atrlala
atrlaal
atralla
atralal
atralla
atralal
atraall
atraall
atrlala
atrlaal
atrllaa
atrllaa
atrlala
atrlaal
atraall
atraall
atralal
atralla
atralla
atralal
atllraa
atllraa
atllara
atllaar
atllaar
atllara
atlrlaa
atlrlaa
atlrala
atlraal
atlraal
atlrala
atlarla
atlaral
atlalra
atlalar
atlaalr
atlaarl
atlaral
atlarla
atlaarl
atlaalr
atlalar
atlalra
atalrla
atalral
atallra
atallar
atalalr
atalarl
atarlla
atarlal
atarlla
atarlal
atarall
atarall
atalrla
atalral
atallra
atallar
atalalr
atalarl
ataarll
ataarll
ataalrl
ataallr
ataallr
ataalrl
alaltra
alaltar
alalrta
alalrat
alalart
alalatr
alatlra
alatlar
alatrla
alatral
alatarl
alatalr
alartla
alartal
alarlta
alarlat
alaralt
alaratl
alaatrl
alaatlr
alaartl
alaarlt
alaalrt
alaaltr
allatra
allatar
allarta
allarat
allaart
allaatr
alltara
alltaar
alltraa
alltraa
alltara
alltaar
allrtaa
allrtaa
allrata
allraat
allraat
allrata
allatra
allatar
allarta
allarat
allaart
allaatr
altlara
altlaar
altlraa
altlraa
altlara
altlaar
altalra
altalar
altarla
altaral
altaarl
altaalr
altrala
altraal
altrlaa
altrlaa
altrala
altraal
altaarl
altaalr
altaral
altarla
altalra
altalar
alrltaa
alrltaa
alrlata
alrlaat
alrlaat
alrlata
alrtlaa
alrtlaa
alrtala
alrtaal
alrtaal
alrtala
alratla
alratal
alralta
alralat
alraalt
alraatl
alratal
alratla
alraatl
alraalt
alralat
alralta
alaltra
alaltar
alalrta
alalrat
alalart
alalatr
alatlra
alatlar
alatrla
alatral
alatarl
alatalr
alartla
alartal
alarlta
alarlat
alaralt
alaratl
alaatrl
alaatlr
alaartl
alaarlt
alaalrt
alaaltr
aaaltlr
aaaltrl
aaalltr
aaallrt
aaalrlt
aaalrtl
aaatllr
aaatlrl
aaatllr
aaatlrl
aaatrll
aaatrll
aaaltlr
aaaltrl
aaalltr
aaallrt
aaalrlt
aaalrtl
aaartll
aaartll
aaarltl
aaarllt
aaarllt
aaarltl
aalatlr
aalatrl
aalaltr
aalalrt
aalarlt
aalartl
aaltalr
aaltarl
aaltlar
aaltlra
aaltrla
aaltral
aalltar
aalltra
aallatr
aallart
aallrat
aallrta
aalrtla
aalrtal
aalrlta
aalrlat
aalralt
aalratl
aatlalr
aatlarl
aatllar
aatllra
aatlrla
aatlral
aatallr
aatalrl
aatallr
aatalrl
aatarll
aatarll
aatlalr
aatlarl
aatllar
aatllra
aatlrla
aatlral
aatrall
aatrall
aatrlal
aatrlla
aatrlla
aatrlal
aalltar
aalltra
aallatr
aallart
aallrat
aallrta
aaltlar
aaltlra
aaltalr
aaltarl
aaltral
aaltrla
aalatlr
aalatrl
aalaltr
aalalrt
aalarlt
aalartl
aalrtal
aalrtla
aalratl
aalralt
aalrlat
aalrlta
aarltla
aarltal
aarllta
aarllat
aarlalt
aarlatl
aartlla
aartlal
aartlla
aartlal
aartall
aartall
aarltla
aarltal
aarllta
aarllat
aarlalt
aarlatl
aaratll
aaratll
aaraltl
aarallt
aarallt
aaraltl
lralata
lralaat
lraltaa
lraltaa
lralata
lralaat
lraalta
lraalat
lraatla
lraatal
lraaatl
lraaalt
lratala
lrataal
lratlaa
lratlaa
lratala
lrataal
lraaatl
lraaalt
lraatal
lraatla
lraalta
lraalat
lrlaata
lrlaaat
lrlataa
lrlataa
lrlaata
lrlaaat
lrlaata
lrlaaat
lrlataa
lrlataa
lrlaata
lrlaaat
lrltaaa
lrltaaa
lrltaaa
lrltaaa
lrltaaa
lrltaaa
lrlaata
lrlaaat
lrlataa
lrlataa
lrlaata
lrlaaat
lralata
lralaat
lraltaa
lraltaa
lralata
lralaat
lraalta
lraalat
lraatla
lraatal
lraaatl
lraaalt
lratala
lrataal
lratlaa
lratlaa
lratala
lrataal
lraaatl
lraaalt
lraatal
lraatla
lraalta
lraalat
lrtlaaa
lrtlaaa
lrtlaaa
lrtlaaa
lrtlaaa
lrtlaaa
lrtalaa
lrtalaa
lrtaala
lrtaaal
lrtaaal
lrtaala
lrtaala
lrtaaal
lrtalaa
lrtalaa
lrtaala
lrtaaal
lrtaaal
lrtaala
lrtaaal
lrtaala
lrtalaa
lrtalaa
lralata
lralaat
lraltaa
lraltaa
lralata
lralaat
lraalta
lraalat
lraatla
lraatal
lraaatl
lraaalt
lratala
lrataal
lratlaa
lratlaa
lratala
lrataal
lraaatl
lraaalt
lraatal
lraatla
lraalta
lraalat
larlata
larlaat
larltaa
larltaa
larlata
larlaat
laralta
laralat
laratla
laratal
laraatl
laraalt
lartala
lartaal
lartlaa
lartlaa
lartala
lartaal
laraatl
laraalt
laratal
laratla
laralta
laralat
lalrata
lalraat
lalrtaa
lalrtaa
lalrata
lalraat
lalarta
lalarat
lalatra
lalatar
lalaatr
lalaart
laltara
laltaar
laltraa
laltraa
laltara
laltaar
lalaatr
lalaart
lalatar
lalatra
lalarta
lalarat
laalrta
laalrat
laaltra
laaltar
laalatr
laalart
laarlta
laarlat
laartla
laartal
laaratl
laaralt
laatrla
laatral
laatlra
laatlar
laatalr
laatarl
laaartl
laaarlt
laaatrl
laaatlr
laaaltr
laaalrt
latlara
latlaar
latlraa
latlraa
latlara
latlaar
latalra
latalar
latarla
lataral
lataarl
lataalr
latrala
latraal
latrlaa
latrlaa
latrala
latraal
lataarl
lataalr
lataral
latarla
latalra
latalar
laalatr
laalart
laaltar
laaltra
laalrta
laalrat
laaaltr
laaalrt
laaatlr
laaatrl
laaartl
laaarlt
laatalr
laatarl
laatlar
laatlra
laatrla
laatral
laaratl
laaralt
laartal
laartla
laarlta
laarlat
llarata
llaraat
llartaa
llartaa
llarata
llaraat
llaarta
llaarat
llaatra
llaatar
llaaatr
llaaart
llatara
llataar
llatraa
llatraa
llatara
llataar
llaaatr
llaaart
llaatar
llaatra
llaarta
llaarat
llraata
llraaat
llrataa
llrataa
llraata
llraaat
llraata
llraaat
llrataa
llrataa
llraata
llraaat
llrtaaa
llrtaaa
llrtaaa
llrtaaa
llrtaaa
llrtaaa
llraata
llraaat
llrataa
llrataa
llraata
llraaat
llarata
llaraat
llartaa
llartaa
llarata
llaraat
llaarta
llaarat
llaatra
llaatar
llaaatr
llaaart
llatara
llataar
llatraa
llatraa
llatara
llataar
llaaatr
llaaart
llaatar
llaatra
llaarta
llaarat
lltraaa
lltraaa
lltraaa
lltraaa
lltraaa
lltraaa
lltaraa
lltaraa
lltaara
lltaaar
lltaaar
lltaara
lltaara
lltaaar
lltaraa
lltaraa
lltaara
lltaaar
lltaaar
lltaara
lltaaar
lltaara
lltaraa
lltaraa
llarata
llaraat
llartaa
llartaa
llarata
llaraat
llaarta
llaarat
llaatra
llaatar
llaaatr
llaaart
llatara
llataar
llatraa
llatraa
llatara
llataar
llaaatr
llaaart
llaatar
llaatra
llaarta
llaarat
laalrta
laalrat
laaltra
laaltar
laalatr
laalart
laarlta
laarlat
laartla
laartal
laaratl
laaralt
laatrla
laatral
laatlra
laatlar
laatalr
laatarl
laaartl
laaarlt
laaatrl
laaatlr
laaaltr
laaalrt
lalarta
lalarat
lalatra
lalatar
lalaatr
lalaart
lalrata
lalraat
lalrtaa
lalrtaa
lalrata
lalraat
laltraa
laltraa
laltara
laltaar
laltaar
laltara
lalarta
lalarat
lalatra
lalatar
lalaatr
lalaart
larlata
larlaat
larltaa
larltaa
larlata
larlaat
laralta
laralat
laratla
laratal
laraatl
laraalt
lartala
lartaal
lartlaa
lartlaa
lartala
lartaal
laraatl
laraalt
laratal
laratla
laralta
laralat
latlraa
latlraa
latlara
latlaar
latlaar
latlara
latrlaa
latrlaa
latrala
latraal
latraal
latrala
latarla
lataral
latalra
latalar
lataalr
lataarl
lataral
latarla
lataarl
lataalr
latalar
latalra
laalrta
laalrat
laaltra
laaltar
laalatr
laalart
laarlta
laarlat
laartla
laartal
laaratl
laaralt
laatrla
laatral
laatlra
laatlar
laatalr
laatarl
laaartl
laaarlt
laaatrl
laaatlr
laaaltr
laaalrt
ltalara
ltalaar
ltalraa
ltalraa
ltalara
ltalaar
ltaalra
ltaalar
ltaarla
ltaaral
ltaaarl
ltaaalr
ltarala
ltaraal
ltarlaa
ltarlaa
ltarala
ltaraal
ltaaarl
ltaaalr
ltaaral
ltaarla
ltaalra
ltaalar
ltlaara
ltlaaar
ltlaraa
ltlaraa
ltlaara
ltlaaar
ltlaara
ltlaaar
ltlaraa
ltlaraa
ltlaara
ltlaaar
ltlraaa
ltlraaa
ltlraaa
ltlraaa
ltlraaa
ltlraaa
ltlaara
ltlaaar
ltlaraa
ltlaraa
ltlaara
ltlaaar
ltalara
ltalaar
ltalraa
ltalraa
ltalara
ltalaar
ltaalra
ltaalar
ltaarla
ltaaral
ltaaarl
ltaaalr
ltarala
ltaraal
ltarlaa
ltarlaa
ltarala
ltaraal
ltaaarl
ltaaalr
ltaaral
ltaarla
ltaalra
ltaalar
ltrlaaa
ltrlaaa
ltrlaaa
ltrlaaa
ltrlaaa
ltrlaaa
ltralaa
ltralaa
ltraala
ltraaal
ltraaal
ltraala
ltraala
ltraaal
ltralaa
ltralaa
ltraala
ltraaal
ltraaal
ltraala
ltraaal
ltraala
ltralaa
ltralaa
ltalara
ltalaar
ltalraa
ltalraa
ltalara
ltalaar
ltaalra
ltaalar
ltaarla
ltaaral
ltaaarl
ltaaalr
ltarala
ltaraal
ltarlaa
ltarlaa
ltarala
ltaraal
ltaaarl
ltaaalr
ltaaral
ltaarla
ltaalra
ltaalar
laalatr
laalart
laaltar
laaltra
laalrta
laalrat
laaaltr
laaalrt
laaatlr
laaatrl
laaartl
laaarlt
laatalr
laatarl
laatlar
laatlra
laatrla
laatral
laaratl
laaralt
laartal
laartla
laarlta
laarlat
lalaatr
lalaart
lalatar
lalatra
lalarta
lalarat
lalaatr
lalaart
lalatar
lalatra
lalarta
lalarat
laltaar
laltara
laltaar
laltara
laltraa
laltraa
lalrata
lalraat
lalrtaa
lalrtaa
lalrata
lalraat
laalatr
laalart
laaltar
laaltra
laalrta
laalrat
laaaltr
laaalrt
laaatlr
laaatrl
laaartl
laaarlt
laatalr
laatarl
laatlar
laatlra
laatrla
laatral
laaratl
laaralt
laartal
laartla
laarlta
laarlat
latlaar
latlara
latlaar
latlara
latlraa
latlraa
latalar
latalra
lataalr
lataarl
lataral
latarla
lataalr
lataarl
latalar
latalra
latarla
lataral
latraal
latrala
latraal
latrala
latrlaa
latrlaa
larlata
larlaat
larltaa
larltaa
larlata
larlaat
laralta
laralat
laratla
laratal
laraatl
laraalt
lartala
lartaal
lartlaa
lartlaa
lartala
lartaal
laraatl
laraalt
laratal
laratla
laralta
laralat
aralalt
aralatl
arallat
arallta
araltla
araltal
araallt
araaltl
araallt
araaltl
araatll
araatll
aralalt
aralatl
arallat
arallta
araltla
araltal
aratall
aratall
aratlal
aratlla
aratlla
aratlal
arlaalt
arlaatl
arlalat
arlalta
arlatla
arlatal
arlaalt
arlaatl
arlalat
arlalta
arlatla
arlatal
arllaat
arllata
arllaat
arllata
arlltaa
arlltaa
arltala
arltaal
arltlaa
arltlaa
arltala
arltaal
aralalt
aralatl
arallat
arallta
araltla
araltal
araallt
araaltl
araallt
araaltl
araatll
araatll
aralalt
aralatl
arallat
arallta
araltla
araltal
aratall
aratall
aratlal
aratlla
aratlla
aratlal
arllaat
arllata
arllaat
arllata
arlltaa
arlltaa
arlalat
arlalta
arlaalt
arlaatl
arlatal
arlatla
arlaalt
arlaatl
arlalat
arlalta
arlatla
arlatal
arltaal
arltala
arltaal
arltala
arltlaa
arltlaa
artlala
artlaal
artllaa
artllaa
artlala
artlaal
artalla
artalal
artalla
artalal
artaall
artaall
artlala
artlaal
artllaa
artllaa
artlala
artlaal
artaall
artaall
artalal
artalla
artalla
artalal
aarlalt
aarlatl
aarllat
aarllta
aarltla
aarltal
aarallt
aaraltl
aarallt
aaraltl
aaratll
aaratll
aarlalt
aarlatl
aarllat
aarllta
aarltla
aarltal
aartall
aartall
aartlal
aartlla
aartlla
aartlal
aalralt
aalratl
aalrlat
aalrlta
aalrtla
aalrtal
aalarlt
aalartl
aalalrt
aalaltr
aalatlr
aalatrl
aallart
aallatr
aallrat
aallrta
aalltra
aalltar
aaltalr
aaltarl
aaltlar
aaltlra
aaltrla
aaltral
aaalrlt
aaalrtl
aaallrt
aaalltr
aaaltlr
aaaltrl
aaarllt
aaarltl
aaarllt
aaarltl
aaartll
aaartll
aaalrlt
aaalrtl
aaallrt
aaalltr
aaaltlr
aaaltrl
aaatrll
aaatrll
aaatlrl
aaatllr
aaatllr
aaatlrl
aallart
aallatr
aallrat
aallrta
aalltra
aalltar
aalalrt
aalaltr
aalarlt
aalartl
aalatrl
aalatlr
aalralt
aalratl
aalrlat
aalrlta
aalrtla
aalrtal
aaltarl
aaltalr
aaltral
aaltrla
aaltlra
aaltlar
aatlalr
aatlarl
aatllar
aatllra
aatlrla
aatlral
aatallr
aatalrl
aatallr
aatalrl
aatarll
aatarll
aatlalr
aatlarl
aatllar
aatllra
aatlrla
aatlral
aatrall
aatrall
aatrlal
aatrlla
aatrlla
aatrlal
alaralt
alaratl
alarlat
alarlta
alartla
alartal
alaarlt
alaartl
alaalrt
alaaltr
alaatlr
alaatrl
alalart
alalatr
alalrat
alalrta
alaltra
alaltar
alatalr
alatarl
alatlar
alatlra
alatrla
alatral
alraalt
alraatl
alralat
alralta
alratla
alratal
alraalt
alraatl
alralat
alralta
alratla
alratal
alrlaat
alrlata
alrlaat
alrlata
alrltaa
alrltaa
alrtala
alrtaal
alrtlaa
alrtlaa
alrtala
alrtaal
alaralt
alaratl
alarlat
alarlta
alartla
alartal
alaarlt
alaartl
alaalrt
alaaltr
alaatlr
alaatrl
alalart
alalatr
alalrat
alalrta
alaltra
alaltar
alatalr
alatarl
alatlar
alatlra
alatrla
alatral
allraat
allrata
allraat
allrata
allrtaa
allrtaa
allarat
allarta
allaart
allaatr
allatar
allatra
allaart
allaatr
allarat
allarta
allatra
allatar
alltaar
alltara
alltaar
alltara
alltraa
alltraa
altrala
altraal
altrlaa
altrlaa
altrala
altraal
altarla
altaral
altalra
altalar
altaalr
altaarl
altlara
altlaar
altlraa
altlraa
altlara
altlaar
altaalr
altaarl
altalar
altalra
altarla
altaral
aaalrlt
aaalrtl
aaallrt
aaalltr
aaaltlr
aaaltrl
aaarllt
aaarltl
aaarllt
aaarltl
aaartll
aaartll
aaalrlt
aaalrtl
aaallrt
aaalltr
aaaltlr
aaaltrl
aaatrll
aaatrll
aaatlrl
aaatllr
aaatllr
aaatlrl
aalarlt
aalartl
aalalrt
aalaltr
aalatlr
aalatrl
aalralt
aalratl
aalrlat
aalrlta
aalrtla
aalrtal
aallrat
aallrta
aallart
aallatr
aalltar
aalltra
aaltrla
aaltral
aaltlra
aaltlar
aaltalr
aaltarl
aarlalt
aarlatl
aarllat
aarllta
aarltla
aarltal
aarallt
aaraltl
aarallt
aaraltl
aaratll
aaratll
aarlalt
aarlatl
aarllat
aarllta
aarltla
aarltal
aartall
aartall
aartlal
aartlla
aartlla
aartlal
aallrat
aallrta
aallart
aallatr
aalltar
aalltra
aalrlat
aalrlta
aalralt
aalratl
aalrtal
aalrtla
aalarlt
aalartl
aalalrt
aalaltr
aalatlr
aalatrl
aaltral
aaltrla
aaltarl
aaltalr
aaltlar
aaltlra
aatlrla
aatlral
aatllra
aatllar
aatlalr
aatlarl
aatrlla
aatrlal
aatrlla
aatrlal
aatrall
aatrall
aatlrla
aatlral
aatllra
aatllar
aatlalr
aatlarl
aatarll
aatarll
aatalrl
aatallr
aatallr
aatalrl
alalart
alalatr
alalrat
alalrta
alaltra
alaltar
alaalrt
alaaltr
alaarlt
alaartl
alaatrl
alaatlr
alaralt
alaratl
alarlat
alarlta
alartla
alartal
alatarl
alatalr
alatral
alatrla
alatlra
alatlar
allaart
allaatr
allarat
allarta
allatra
allatar
allaart
allaatr
allarat
allarta
allatra
allatar
allraat
allrata
allraat
allrata
allrtaa
allrtaa
alltara
alltaar
alltraa
alltraa
alltara
alltaar
alalart
alalatr
alalrat
alalrta
alaltra
alaltar
alaalrt
alaaltr
alaarlt
alaartl
alaatrl
alaatlr
alaralt
alaratl
alarlat
alarlta
alartla
alartal
alatarl
alatalr
alatral
alatrla
alatlra
alatlar
alrlaat
alrlata
alrlaat
alrlata
alrltaa
alrltaa
alralat
alralta
alraalt
alraatl
alratal
alratla
alraalt
alraatl
alralat
alralta
alratla
alratal
alrtaal
alrtala
alrtaal
alrtala
alrtlaa
alrtlaa
altlara
altlaar
altlraa
altlraa
altlara
altlaar
altalra
altalar
altarla
altaral
altaarl
altaalr
altrala
altraal
altrlaa
altrlaa
altrala
altraal
altaarl
altaalr
altaral
altarla
altalra
altalar
atalalr
atalarl
atallar
atallra
atalrla
atalral
ataallr
ataalrl
ataallr
ataalrl
ataarll
ataarll
atalalr
atalarl
atallar
atallra
atalrla
atalral
atarall
atarall
atarlal
atarlla
atarlla
atarlal
atlaalr
atlaarl
atlalar
atlalra
atlarla
atlaral
atlaalr
atlaarl
atlalar
atlalra
atlarla
atlaral
atllaar
atllara
atllaar
atllara
atllraa
atllraa
atlrala
atlraal
atlrlaa
atlrlaa
atlrala
atlraal
atalalr
atalarl
atallar
atallra
atalrla
atalral
ataallr
ataalrl
ataallr
ataalrl
ataarll
ataarll
atalalr
atalarl
atallar
atallra
atalrla
atalral
atarall
atarall
atarlal
atarlla
atarlla
atarlal
atllaar
atllara
atllaar
atllara
atllraa
atllraa
atlalar
atlalra
atlaalr
atlaarl
atlaral
atlarla
atlaalr
atlaarl
atlalar
atlalra
atlarla
atlaral
atlraal
atlrala
atlraal
atlrala
atlrlaa
atlrlaa
atrlala
atrlaal
atrllaa
atrllaa
atrlala
atrlaal
atralla
atralal
atralla
atralal
atraall
atraall
atrlala
atrlaal
atrllaa
atrllaa
atrlala
atrlaal
atraall
atraall
atralal
atralla
atralla
atralal

216816
216816
216816
216816
216816
216816
216816
216816
216816
216816
216816
