minge
mineg
migne
migen
miegn
mieng
mnige
mnieg
mngie
mngei
mnegi
mneig
mgnie
mgnei
mgine
mgien
mgein
mgeni
mengi
menig
megni
megin
meign
meing
imnge
imneg
imgne
imgen
imegn
imeng
inmge
inmeg
ingme
ingem
inegm
inemg
ignme
ignem
igmne
igmen
igemn
igenm
iengm
ienmg
iegnm
iegmn
iemgn
iemng
nimge
nimeg
nigme
nigem
niegm
niemg
nmige
nmieg
nmgie
nmgei
nmegi
nmeig
ngmie
ngmei
ngime
ngiem
ngeim
ngemi
nemgi
nemig
negmi
negim
neigm
neimg
ginme
ginem
gimne
gimen
giemn
gienm
gnime
gniem
gnmie
gnmei
gnemi
gneim
gmnie
gmnei
gmine
gmien
gmein
gmeni
genmi
genim
gemni
gemin
geimn
geinm
eingm
einmg
eignm
eigmn
eimgn
eimng
enigm
enimg
engim
engmi
enmgi
enmig
egnim
egnmi
eginm
egimn
egmin
egmni
emngi
emnig
emgni
emgin
emign
eming
