papusa
papuas
papsua
papsau
papasu
papaus
paupsa
paupas
pauspa
pausap
pauasp
pauaps
pasupa
pasuap
paspua
paspau
pasapu
pasaup
paausp
paaups
paasup
paaspu
paapsu
paapus
ppausa
ppauas
ppasua
ppasau
ppaasu
ppaaus
ppuasa
ppuaas
ppusaa
ppusaa
ppuasa
ppuaas
ppsuaa
ppsuaa
ppsaua
ppsaau
ppsaau
ppsaua
ppausa
ppauas
ppasua
ppasau
ppaasu
ppaaus
pupasa
pupaas
pupsaa
pupsaa
pupasa
pupaas
puapsa
puapas
puaspa
puasap
puaasp
puaaps
pusapa
pusaap
puspaa
puspaa
pusapa
pusaap
puaasp
puaaps
puasap
puaspa
puapsa
puapas
pspuaa
pspuaa
pspaua
pspaau
pspaau
pspaua
psupaa
psupaa
psuapa
psuaap
psuaap
psuapa
psaupa
psauap
psapua
psapau
psaapu
psaaup
psauap
psaupa
psaaup
psaapu
psapau
psapua
papusa
papuas
papsua
papsau
papasu
papaus
paupsa
paupas
pauspa
pausap
pauasp
pauaps
pasupa
pasuap
paspua
paspau
pasapu
pasaup
paausp
paaups
paasup
paaspu
paapsu
paapus
appusa
appuas
appsua
appsau
appasu
appaus
apupsa
apupas
apuspa
apusap
apuasp
apuaps
apsupa
apsuap
apspua
apspau
apsapu
apsaup
apausp
apaups
apasup
apaspu
apapsu
apapus
appusa
appuas
appsua
appsau
appasu
appaus
apupsa
apupas
apuspa
apusap
apuasp
apuaps
apsupa
apsuap
apspua
apspau
apsapu
apsaup
apausp
apaups
apasup
apaspu
apapsu
apapus
auppsa
auppas
aupspa
aupsap
aupasp
aupaps
auppsa
auppas
aupspa
aupsap
aupasp
aupaps
ausppa
auspap
ausppa
auspap
ausapp
ausapp
auapsp
auapps
auaspp
auaspp
auapsp
auapps
aspupa
aspuap
asppua
asppau
aspapu
aspaup
asuppa
asupap
asuppa
asupap
asuapp
asuapp
aspupa
aspuap
asppua
asppau
aspapu
aspaup
asaupp
asaupp
asapup
asappu
asappu
asapup
aapusp
aapups
aapsup
aapspu
aappsu
aappus
aaupsp
aaupps
aauspp
aauspp
aaupsp
aaupps
aasupp
aasupp
aaspup
aasppu
aasppu
aaspup
aapusp
aapups
aapsup
aapspu
aappsu
aappus
papusa
papuas
papsua
papsau
papasu
papaus
paupsa
paupas
pauspa
pausap
pauasp
pauaps
pasupa
pasuap
paspua
paspau
pasapu
pasaup
paausp
paaups
paasup
paaspu
paapsu
paapus
ppausa
ppauas
ppasua
ppasau
ppaasu
ppaaus
ppuasa
ppuaas
ppusaa
ppusaa
ppuasa
ppuaas
ppsuaa
ppsuaa
ppsaua
ppsaau
ppsaau
ppsaua
ppausa
ppauas
ppasua
ppasau
ppaasu
ppaaus
pupasa
pupaas
pupsaa
pupsaa
pupasa
pupaas
puapsa
puapas
puaspa
puasap
puaasp
puaaps
pusapa
pusaap
puspaa
puspaa
pusapa
pusaap
puaasp
puaaps
puasap
puaspa
puapsa
puapas
pspuaa
pspuaa
pspaua
pspaau
pspaau
pspaua
psupaa
psupaa
psuapa
psuaap
psuaap
psuapa
psaupa
psauap
psapua
psapau
psaapu
psaaup
psauap
psaupa
psaaup
psaapu
psapau
psapua
papusa
papuas
papsua
papsau
papasu
papaus
paupsa
paupas
pauspa
pausap
pauasp
pauaps
pasupa
pasuap
paspua
paspau
pasapu
pasaup
paausp
paaups
paasup
paaspu
paapsu
paapus
uappsa
uappas
uapspa
uapsap
uapasp
uapaps
uappsa
uappas
uapspa
uapsap
uapasp
uapaps
uasppa
uaspap
uasppa
uaspap
uasapp
uasapp
uaapsp
uaapps
uaaspp
uaaspp
uaapsp
uaapps
upapsa
upapas
upaspa
upasap
upaasp
upaaps
uppasa
uppaas
uppsaa
uppsaa
uppasa
uppaas
upspaa
upspaa
upsapa
upsaap
upsaap
upsapa
upapsa
upapas
upaspa
upasap
upaasp
upaaps
uppasa
uppaas
uppsaa
uppsaa
uppasa
uppaas
upapsa
upapas
upaspa
upasap
upaasp
upaaps
upsapa
upsaap
upspaa
upspaa
upsapa
upsaap
upaasp
upaaps
upasap
upaspa
upapsa
upapas
usppaa
usppaa
uspapa
uspaap
uspaap
uspapa
usppaa
usppaa
uspapa
uspaap
uspaap
uspapa
usappa
usapap
usappa
usapap
usaapp
usaapp
usapap
usappa
usaapp
usaapp
usapap
usappa
uappsa
uappas
uapspa
uapsap
uapasp
uapaps
uappsa
uappas
uapspa
uapsap
uapasp
uapaps
uasppa
uaspap
uasppa
uaspap
uasapp
uasapp
uaapsp
uaapps
uaaspp
uaaspp
uaapsp
uaapps
sapupa
sapuap
sappua
sappau
sapapu
sapaup
sauppa
saupap
sauppa
saupap
sauapp
sauapp
sapupa
sapuap
sappua
sappau
sapapu
sapaup
saaupp
saaupp
saapup
saappu
saappu
saapup
spaupa
spauap
spapua
spapau
spaapu
spaaup
spuapa
spuaap
spupaa
spupaa
spuapa
spuaap
sppuaa
sppuaa
sppaua
sppaau
sppaau
sppaua
spaupa
spauap
spapua
spapau
spaapu
spaaup
supapa
supaap
suppaa
suppaa
supapa
supaap
suappa
suapap
suappa
suapap
suaapp
suaapp
supapa
supaap
suppaa
suppaa
supapa
supaap
suaapp
suaapp
suapap
suappa
suappa
suapap
sppuaa
sppuaa
sppaua
sppaau
sppaau
sppaua
spupaa
spupaa
spuapa
spuaap
spuaap
spuapa
spaupa
spauap
spapua
spapau
spaapu
spaaup
spauap
spaupa
spaaup
spaapu
spapau
spapua
sapupa
sapuap
sappua
sappau
sapapu
sapaup
sauppa
saupap
sauppa
saupap
sauapp
sauapp
sapupa
sapuap
sappua
sappau
sapapu
sapaup
saaupp
saaupp
saapup
saappu
saappu
saapup
aapusp
aapups
aapsup
aapspu
aappsu
aappus
aaupsp
aaupps
aauspp
aauspp
aaupsp
aaupps
aasupp
aasupp
aaspup
aasppu
aasppu
aaspup
aapusp
aapups
aapsup
aapspu
aappsu
aappus
apausp
apaups
apasup
apaspu
apapsu
apapus
apuasp
apuaps
apusap
apuspa
apupsa
apupas
apsuap
apsupa
apsaup
apsapu
apspau
apspua
appusa
appuas
appsua
appsau
appasu
appaus
aupasp
aupaps
aupsap
aupspa
auppsa
auppas
auapsp
auapps
auaspp
auaspp
auapsp
auapps
ausapp
ausapp
auspap
ausppa
ausppa
auspap
aupasp
aupaps
aupsap
aupspa
auppsa
auppas
aspuap
aspupa
aspaup
aspapu
asppau
asppua
asupap
asuppa
asuapp
asuapp
asupap
asuppa
asaupp
asaupp
asapup
asappu
asappu
asapup
aspuap
aspupa
aspaup
aspapu
asppau
asppua
appusa
appuas
appsua
appsau
appasu
appaus
apupsa
apupas
apuspa
apusap
apuasp
apuaps
apsupa
apsuap
apspua
apspau
apsapu
apsaup
apausp
apaups
apasup
apaspu
apapsu
apapus

