asculta
asculat
ascutla
ascutal
ascuatl
ascualt
ascluta
ascluat
ascltua
ascltau
asclatu
asclaut
asctlua
asctlau
asctula
asctual
asctaul
asctalu
ascaltu
ascalut
ascatlu
ascatul
ascautl
ascault
asuclta
asuclat
asuctla
asuctal
asucatl
asucalt
asulcta
asulcat
asultca
asultac
asulatc
asulact
asutlca
asutlac
asutcla
asutcal
asutacl
asutalc
asualtc
asualct
asuatlc
asuatcl
asuactl
asuaclt
aslucta
aslucat
aslutca
aslutac
asluatc
asluact
aslcuta
aslcuat
aslctua
aslctau
aslcatu
aslcaut
asltcua
asltcau
asltuca
asltuac
asltauc
asltacu
aslactu
aslacut
aslatcu
aslatuc
aslautc
aslauct
astulca
astulac
astucla
astucal
astuacl
astualc
astluca
astluac
astlcua
astlcau
astlacu
astlauc
astclua
astclau
astcula
astcual
astcaul
astcalu
astalcu
astaluc
astaclu
astacul
astaucl
astaulc
asaultc
asaulct
asautlc
asautcl
asauctl
asauclt
asalutc
asaluct
asaltuc
asaltcu
asalctu
asalcut
asatluc
asatlcu
asatulc
asatucl
asatcul
asatclu
asacltu
asaclut
asactlu
asactul
asacutl
asacult
acsulta
acsulat
acsutla
acsutal
acsuatl
acsualt
acsluta
acsluat
acsltua
acsltau
acslatu
acslaut
acstlua
acstlau
acstula
acstual
acstaul
acstalu
acsaltu
acsalut
acsatlu
acsatul
acsautl
acsault
acuslta
acuslat
acustla
acustal
acusatl
acusalt
aculsta
aculsat
acultsa
acultas
aculats
aculast
acutlsa
acutlas
acutsla
acutsal
acutasl
acutals
acualts
acualst
acuatls
acuatsl
acuastl
acuaslt
aclusta
aclusat
aclutsa
aclutas
acluats
acluast
aclsuta
aclsuat
aclstua
aclstau
aclsatu
aclsaut
acltsua
acltsau
acltusa
acltuas
acltaus
acltasu
aclastu
aclasut
aclatsu
aclatus
aclauts
aclaust
actulsa
actulas
actusla
actusal
actuasl
actuals
actlusa
actluas
actlsua
actlsau
actlasu
actlaus
actslua
actslau
actsula
actsual
actsaul
actsalu
actalsu
actalus
actaslu
actasul
actausl
actauls
acaults
acaulst
acautls
acautsl
acaustl
acauslt
acaluts
acalust
acaltus
acaltsu
acalstu
acalsut
acatlus
acatlsu
acatuls
acatusl
acatsul
acatslu
acasltu
acaslut
acastlu
acastul
acasutl
acasult
aucslta
aucslat
aucstla
aucstal
aucsatl
aucsalt
auclsta
auclsat
aucltsa
aucltas
auclats
auclast
auctlsa
auctlas
auctsla
auctsal
auctasl
auctals
aucalts
aucalst
aucatls
aucatsl
aucastl
aucaslt
ausclta
ausclat
ausctla
ausctal
auscatl
auscalt
auslcta
auslcat
ausltca
ausltac
auslatc
auslact
austlca
austlac
austcla
austcal
austacl
austalc
ausaltc
ausalct
ausatlc
ausatcl
ausactl
ausaclt
aulscta
aulscat
aulstca
aulstac
aulsatc
aulsact
aulcsta
aulcsat
aulctsa
aulctas
aulcats
aulcast
aultcsa
aultcas
aultsca
aultsac
aultasc
aultacs
aulacts
aulacst
aulatcs
aulatsc
aulastc
aulasct
autslca
autslac
autscla
autscal
autsacl
autsalc
autlsca
autlsac
autlcsa
autlcas
autlacs
autlasc
autclsa
autclas
autcsla
autcsal
autcasl
autcals
autalcs
autalsc
autacls
autacsl
autascl
autaslc
auasltc
auaslct
auastlc
auastcl
auasctl
auasclt
aualstc
aualsct
aualtsc
aualtcs
aualcts
aualcst
auatlsc
auatlcs
auatslc
auatscl
auatcsl
auatcls
auaclts
auaclst
auactls
auactsl
auacstl
auacslt
alcusta
alcusat
alcutsa
alcutas
alcuats
alcuast
alcsuta
alcsuat
alcstua
alcstau
alcsatu
alcsaut
alctsua
alctsau
alctusa
alctuas
alctaus
alctasu
alcastu
alcasut
alcatsu
alcatus
alcauts
alcaust
alucsta
alucsat
aluctsa
aluctas
alucats
alucast
aluscta
aluscat
alustca
alustac
alusatc
alusact
alutsca
alutsac
alutcsa
alutcas
alutacs
alutasc
aluastc
aluasct
aluatsc
aluatcs
aluacts
aluacst
alsucta
alsucat
alsutca
alsutac
alsuatc
alsuact
alscuta
alscuat
alsctua
alsctau
alscatu
alscaut
alstcua
alstcau
alstuca
alstuac
alstauc
alstacu
alsactu
alsacut
alsatcu
alsatuc
alsautc
alsauct
altusca
altusac
altucsa
altucas
altuacs
altuasc
altsuca
altsuac
altscua
altscau
altsacu
altsauc
altcsua
altcsau
altcusa
altcuas
altcaus
altcasu
altascu
altasuc
altacsu
altacus
altaucs
altausc
alaustc
alausct
alautsc
alautcs
alaucts
alaucst
alasutc
alasuct
alastuc
alastcu
alasctu
alascut
alatsuc
alatscu
alatusc
alatucs
alatcus
alatcsu
alacstu
alacsut
alactsu
alactus
alacuts
alacust
atculsa
atculas
atcusla
atcusal
atcuasl
atcuals
atclusa
atcluas
atclsua
atclsau
atclasu
atclaus
atcslua
atcslau
atcsula
atcsual
atcsaul
atcsalu
atcalsu
atcalus
atcaslu
atcasul
atcausl
atcauls
atuclsa
atuclas
atucsla
atucsal
atucasl
atucals
atulcsa
atulcas
atulsca
atulsac
atulasc
atulacs
atuslca
atuslac
atuscla
atuscal
atusacl
atusalc
atualsc
atualcs
atuaslc
atuascl
atuacsl
atuacls
atlucsa
atlucas
atlusca
atlusac
atluasc
atluacs
atlcusa
atlcuas
atlcsua
atlcsau
atlcasu
atlcaus
atlscua
atlscau
atlsuca
atlsuac
atlsauc
atlsacu
atlacsu
atlacus
atlascu
atlasuc
atlausc
atlaucs
atsulca
atsulac
atsucla
atsucal
atsuacl
atsualc
atsluca
atsluac
atslcua
atslcau
atslacu
atslauc
atsclua
atsclau
atscula
atscual
atscaul
atscalu
atsalcu
atsaluc
atsaclu
atsacul
atsaucl
atsaulc
ataulsc
ataulcs
atauslc
atauscl
ataucsl
ataucls
atalusc
atalucs
atalsuc
atalscu
atalcsu
atalcus
atasluc
ataslcu
atasulc
atasucl
atascul
atasclu
ataclsu
ataclus
atacslu
atacsul
atacusl
ataculs
aacults
aaculst
aacutls
aacutsl
aacustl
aacuslt
aacluts
aaclust
aacltus
aacltsu
aaclstu
aaclsut
aactlus
aactlsu
aactuls
aactusl
aactsul
aactslu
aacsltu
aacslut
aacstlu
aacstul
aacsutl
aacsult
aauclts
aauclst
aauctls
aauctsl
aaucstl
aaucslt
aaulcts
aaulcst
aaultcs
aaultsc
aaulstc
aaulsct
aautlcs
aautlsc
aautcls
aautcsl
aautscl
aautslc
aausltc
aauslct
aaustlc
aaustcl
aausctl
aausclt
aalucts
aalucst
aalutcs
aalutsc
aalustc
aalusct
aalcuts
aalcust
aalctus
aalctsu
aalcstu
aalcsut
aaltcus
aaltcsu
aaltucs
aaltusc
aaltsuc
aaltscu
aalsctu
aalscut
aalstcu
aalstuc
aalsutc
aalsuct
aatulcs
aatulsc
aatucls
aatucsl
aatuscl
aatuslc
aatlucs
aatlusc
aatlcus
aatlcsu
aatlscu
aatlsuc
aatclus
aatclsu
aatculs
aatcusl
aatcsul
aatcslu
aatslcu
aatsluc
aatsclu
aatscul
aatsucl
aatsulc
aasultc
aasulct
aasutlc
aasutcl
aasuctl
aasuclt
aaslutc
aasluct
aasltuc
aasltcu
aaslctu
aaslcut
aastluc
aastlcu
aastulc
aastucl
aastcul
aastclu
aascltu
aasclut
aasctlu
aasctul
aascutl
aascult
saculta
saculat
sacutla
sacutal
sacuatl
sacualt
sacluta
sacluat
sacltua
sacltau
saclatu
saclaut
sactlua
sactlau
sactula
sactual
sactaul
sactalu
sacaltu
sacalut
sacatlu
sacatul
sacautl
sacault
sauclta
sauclat
sauctla
sauctal
saucatl
saucalt
saulcta
saulcat
saultca
saultac
saulatc
saulact
sautlca
sautlac
sautcla
sautcal
sautacl
sautalc
saualtc
saualct
sauatlc
sauatcl
sauactl
sauaclt
salucta
salucat
salutca
salutac
saluatc
saluact
salcuta
salcuat
salctua
salctau
salcatu
salcaut
saltcua
saltcau
saltuca
saltuac
saltauc
saltacu
salactu
salacut
salatcu
salatuc
salautc
salauct
satulca
satulac
satucla
satucal
satuacl
satualc
satluca
satluac
satlcua
satlcau
satlacu
satlauc
satclua
satclau
satcula
satcual
satcaul
satcalu
satalcu
sataluc
sataclu
satacul
sataucl
sataulc
saaultc
saaulct
saautlc
saautcl
saauctl
saauclt
saalutc
saaluct
saaltuc
saaltcu
saalctu
saalcut
saatluc
saatlcu
saatulc
saatucl
saatcul
saatclu
saacltu
saaclut
saactlu
saactul
saacutl
saacult
scaulta
scaulat
scautla
scautal
scauatl
scaualt
scaluta
scaluat
scaltua
scaltau
scalatu
scalaut
scatlua
scatlau
scatula
scatual
scataul
scatalu
scaaltu
scaalut
scaatlu
scaatul
scaautl
scaault
scualta
scualat
scuatla
scuatal
scuaatl
scuaalt
sculata
sculaat
scultaa
scultaa
sculata
sculaat
scutlaa
scutlaa
scutala
scutaal
scutaal
scutala
scualta
scualat
scuatla
scuatal
scuaatl
scuaalt
scluata
scluaat
sclutaa
sclutaa
scluata
scluaat
sclauta
sclauat
sclatua
sclatau
sclaatu
sclaaut
scltaua
scltaau
scltuaa
scltuaa
scltaua
scltaau
sclaatu
sclaaut
sclatau
sclatua
sclauta
sclauat
sctulaa
sctulaa
sctuala
sctuaal
sctuaal
sctuala
sctluaa
sctluaa
sctlaua
sctlaau
sctlaau
sctlaua
sctalua
sctalau
sctaula
sctaual
sctaaul
sctaalu
sctalau
sctalua
sctaalu
sctaaul
sctaual
sctaula
scaulta
scaulat
scautla
scautal
scauatl
scaualt
scaluta
scaluat
scaltua
scaltau
scalatu
scalaut
scatlua
scatlau
scatula
scatual
scataul
scatalu
scaaltu
scaalut
scaatlu
scaatul
scaautl
scaault
sucalta
sucalat
sucatla
sucatal
sucaatl
sucaalt
suclata
suclaat
sucltaa
sucltaa
suclata
suclaat
suctlaa
suctlaa
suctala
suctaal
suctaal
suctala
sucalta
sucalat
sucatla
sucatal
sucaatl
sucaalt
suaclta
suaclat
suactla
suactal
suacatl
suacalt
sualcta
sualcat
sualtca
sualtac
sualatc
sualact
suatlca
suatlac
suatcla
suatcal
suatacl
suatalc
suaaltc
suaalct
suaatlc
suaatcl
suaactl
suaaclt
sulacta
sulacat
sulatca
sulatac
sulaatc
sulaact
sulcata
sulcaat
sulctaa
sulctaa
sulcata
sulcaat
sultcaa
sultcaa
sultaca
sultaac
sultaac
sultaca
sulacta
sulacat
sulatca
sulatac
sulaatc
sulaact
sutalca
sutalac
sutacla
sutacal
sutaacl
sutaalc
sutlaca
sutlaac
sutlcaa
sutlcaa
sutlaca
sutlaac
sutclaa
sutclaa
sutcala
sutcaal
sutcaal
sutcala
sutalca
sutalac
sutacla
sutacal
sutaacl
sutaalc
suaaltc
suaalct
suaatlc
suaatcl
suaactl
suaaclt
sualatc
sualact
sualtac
sualtca
sualcta
sualcat
suatlac
suatlca
suatalc
suatacl
suatcal
suatcla
suaclta
suaclat
suactla
suactal
suacatl
suacalt
slcuata
slcuaat
slcutaa
slcutaa
slcuata
slcuaat
slcauta
slcauat
slcatua
slcatau
slcaatu
slcaaut
slctaua
slctaau
slctuaa
slctuaa
slctaua
slctaau
slcaatu
slcaaut
slcatau
slcatua
slcauta
slcauat
slucata
slucaat
sluctaa
sluctaa
slucata
slucaat
sluacta
sluacat
sluatca
sluatac
sluaatc
sluaact
slutaca
slutaac
slutcaa
slutcaa
slutaca
slutaac
sluaatc
sluaact
sluatac
sluatca
sluacta
sluacat
slaucta
slaucat
slautca
slautac
slauatc
slauact
slacuta
slacuat
slactua
slactau
slacatu
slacaut
slatcua
slatcau
slatuca
slatuac
slatauc
slatacu
slaactu
slaacut
slaatcu
slaatuc
slaautc
slaauct
sltuaca
sltuaac
sltucaa
sltucaa
sltuaca
sltuaac
sltauca
sltauac
sltacua
sltacau
sltaacu
sltaauc
sltcaua
sltcaau
sltcuaa
sltcuaa
sltcaua
sltcaau
sltaacu
sltaauc
sltacau
sltacua
sltauca
sltauac
slauatc
slauact
slautac
slautca
slaucta
slaucat
slaautc
slaauct
slaatuc
slaatcu
slaactu
slaacut
slatauc
slatacu
slatuac
slatuca
slatcua
slatcau
slacatu
slacaut
slactau
slactua
slacuta
slacuat
stculaa
stculaa
stcuala
stcuaal
stcuaal
stcuala
stcluaa
stcluaa
stclaua
stclaau
stclaau
stclaua
stcalua
stcalau
stcaula
stcaual
stcaaul
stcaalu
stcalau
stcalua
stcaalu
stcaaul
stcaual
stcaula
stuclaa
stuclaa
stucala
stucaal
stucaal
stucala
stulcaa
stulcaa
stulaca
stulaac
stulaac
stulaca
stualca
stualac
stuacla
stuacal
stuaacl
stuaalc
stualac
stualca
stuaalc
stuaacl
stuacal
stuacla
stlucaa
stlucaa
stluaca
stluaac
stluaac
stluaca
stlcuaa
stlcuaa
stlcaua
stlcaau
stlcaau
stlcaua
stlacua
stlacau
stlauca
stlauac
stlaauc
stlaacu
stlacau
stlacua
stlaacu
stlaauc
stlauac
stlauca
staulca
staulac
staucla
staucal
stauacl
staualc
staluca
staluac
stalcua
stalcau
stalacu
stalauc
staclua
staclau
stacula
stacual
stacaul
stacalu
staalcu
staaluc
staaclu
staacul
staaucl
staaulc
staulac
staulca
staualc
stauacl
staucal
staucla
staluac
staluca
stalauc
stalacu
stalcau
stalcua
staaluc
staalcu
staaulc
staaucl
staacul
staaclu
staclau
staclua
stacalu
stacaul
stacual
stacula
saculta
saculat
sacutla
sacutal
sacuatl
sacualt
sacluta
sacluat
sacltua
sacltau
saclatu
saclaut
sactlua
sactlau
sactula
sactual
sactaul
sactalu
sacaltu
sacalut
sacatlu
sacatul
sacautl
sacault
sauclta
sauclat
sauctla
sauctal
saucatl
saucalt
saulcta
saulcat
saultca
saultac
saulatc
saulact
sautlca
sautlac
sautcla
sautcal
sautacl
sautalc
saualtc
saualct
sauatlc
sauatcl
sauactl
sauaclt
salucta
salucat
salutca
salutac
saluatc
saluact
salcuta
salcuat
salctua
salctau
salcatu
salcaut
saltcua
saltcau
saltuca
saltuac
saltauc
saltacu
salactu
salacut
salatcu
salatuc
salautc
salauct
satulca
satulac
satucla
satucal
satuacl
satualc
satluca
satluac
satlcua
satlcau
satlacu
satlauc
satclua
satclau
satcula
satcual
satcaul
satcalu
satalcu
sataluc
sataclu
satacul
sataucl
sataulc
saaultc
saaulct
saautlc
saautcl
saauctl
saauclt
saalutc
saaluct
saaltuc
saaltcu
saalctu
saalcut
saatluc
saatlcu
saatulc
saatucl
saatcul
saatclu
saacltu
saaclut
saactlu
saactul
saacutl
saacult
csaulta
csaulat
csautla
csautal
csauatl
csaualt
csaluta
csaluat
csaltua
csaltau
csalatu
csalaut
csatlua
csatlau
csatula
csatual
csataul
csatalu
csaaltu
csaalut
csaatlu
csaatul
csaautl
csaault
csualta
csualat
csuatla
csuatal
csuaatl
csuaalt
csulata
csulaat
csultaa
csultaa
csulata
csulaat
csutlaa
csutlaa
csutala
csutaal
csutaal
csutala
csualta
csualat
csuatla
csuatal
csuaatl
csuaalt
csluata
csluaat
cslutaa
cslutaa
csluata
csluaat
cslauta
cslauat
cslatua
cslatau
cslaatu
cslaaut
csltaua
csltaau
csltuaa
csltuaa
csltaua
csltaau
cslaatu
cslaaut
cslatau
cslatua
cslauta
cslauat
cstulaa
cstulaa
cstuala
cstuaal
cstuaal
cstuala
cstluaa
cstluaa
cstlaua
cstlaau
cstlaau
cstlaua
cstalua
cstalau
cstaula
cstaual
cstaaul
cstaalu
cstalau
cstalua
cstaalu
cstaaul
cstaual
cstaula
csaulta
csaulat
csautla
csautal
csauatl
csaualt
csaluta
csaluat
csaltua
csaltau
csalatu
csalaut
csatlua
csatlau
csatula
csatual
csataul
csatalu
csaaltu
csaalut
csaatlu
csaatul
csaautl
csaault
casulta
casulat
casutla
casutal
casuatl
casualt
casluta
casluat
casltua
casltau
caslatu
caslaut
castlua
castlau
castula
castual
castaul
castalu
casaltu
casalut
casatlu
casatul
casautl
casault
causlta
causlat
caustla
caustal
causatl
causalt
caulsta
caulsat
caultsa
caultas
caulats
caulast
cautlsa
cautlas
cautsla
cautsal
cautasl
cautals
caualts
caualst
cauatls
cauatsl
cauastl
cauaslt
calusta
calusat
calutsa
calutas
caluats
caluast
calsuta
calsuat
calstua
calstau
calsatu
calsaut
caltsua
caltsau
caltusa
caltuas
caltaus
caltasu
calastu
calasut
calatsu
calatus
calauts
calaust
catulsa
catulas
catusla
catusal
catuasl
catuals
catlusa
catluas
catlsua
catlsau
catlasu
catlaus
catslua
catslau
catsula
catsual
catsaul
catsalu
catalsu
catalus
cataslu
catasul
catausl
catauls
caaults
caaulst
caautls
caautsl
caaustl
caauslt
caaluts
caalust
caaltus
caaltsu
caalstu
caalsut
caatlus
caatlsu
caatuls
caatusl
caatsul
caatslu
caasltu
caaslut
caastlu
caastul
caasutl
caasult
cuaslta
cuaslat
cuastla
cuastal
cuasatl
cuasalt
cualsta
cualsat
cualtsa
cualtas
cualats
cualast
cuatlsa
cuatlas
cuatsla
cuatsal
cuatasl
cuatals
cuaalts
cuaalst
cuaatls
cuaatsl
cuaastl
cuaaslt
cusalta
cusalat
cusatla
cusatal
cusaatl
cusaalt
cuslata
cuslaat
cusltaa
cusltaa
cuslata
cuslaat
custlaa
custlaa
custala
custaal
custaal
custala
cusalta
cusalat
cusatla
cusatal
cusaatl
cusaalt
culsata
culsaat
culstaa
culstaa
culsata
culsaat
culasta
culasat
culatsa
culatas
culaats
culaast
cultasa
cultaas
cultsaa
cultsaa
cultasa
cultaas
culaats
culaast
culatas
culatsa
culasta
culasat
cutslaa
cutslaa
cutsala
cutsaal
cutsaal
cutsala
cutlsaa
cutlsaa
cutlasa
cutlaas
cutlaas
cutlasa
cutalsa
cutalas
cutasla
cutasal
cutaasl
cutaals
cutalas
cutalsa
cutaals
cutaasl
cutasal
cutasla
cuaslta
cuaslat
cuastla
cuastal
cuasatl
cuasalt
cualsta
cualsat
cualtsa
cualtas
cualats
cualast
cuatlsa
cuatlas
cuatsla
cuatsal
cuatasl
cuatals
cuaalts
cuaalst
cuaatls
cuaatsl
cuaastl
cuaaslt
clausta
clausat
clautsa
clautas
clauats
clauast
clasuta
clasuat
clastua
clastau
clasatu
clasaut
clatsua
clatsau
clatusa
clatuas
clataus
clatasu
claastu
claasut
claatsu
claatus
claauts
claaust
cluasta
cluasat
cluatsa
cluatas
cluaats
cluaast
clusata
clusaat
clustaa
clustaa
clusata
clusaat
clutsaa
clutsaa
clutasa
clutaas
clutaas
clutasa
cluasta
cluasat
cluatsa
cluatas
cluaats
cluaast
clsuata
clsuaat
clsutaa
clsutaa
clsuata
clsuaat
clsauta
clsauat
clsatua
clsatau
clsaatu
clsaaut
clstaua
clstaau
clstuaa
clstuaa
clstaua
clstaau
clsaatu
clsaaut
clsatau
clsatua
clsauta
clsauat
cltusaa
cltusaa
cltuasa
cltuaas
cltuaas
cltuasa
cltsuaa
cltsuaa
cltsaua
cltsaau
cltsaau
cltsaua
cltasua
cltasau
cltausa
cltauas
cltaaus
cltaasu
cltasau
cltasua
cltaasu
cltaaus
cltauas
cltausa
clausta
clausat
clautsa
clautas
clauats
clauast
clasuta
clasuat
clastua
clastau
clasatu
clasaut
clatsua
clatsau
clatusa
clatuas
clataus
clatasu
claastu
claasut
claatsu
claatus
claauts
claaust
ctaulsa
ctaulas
ctausla
ctausal
ctauasl
ctauals
ctalusa
ctaluas
ctalsua
ctalsau
ctalasu
ctalaus
ctaslua
ctaslau
ctasula
ctasual
ctasaul
ctasalu
ctaalsu
ctaalus
ctaaslu
ctaasul
ctaausl
ctaauls
ctualsa
ctualas
ctuasla
ctuasal
ctuaasl
ctuaals
ctulasa
ctulaas
ctulsaa
ctulsaa
ctulasa
ctulaas
ctuslaa
ctuslaa
ctusala
ctusaal
ctusaal
ctusala
ctualsa
ctualas
ctuasla
ctuasal
ctuaasl
ctuaals
ctluasa
ctluaas
ctlusaa
ctlusaa
ctluasa
ctluaas
ctlausa
ctlauas
ctlasua
ctlasau
ctlaasu
ctlaaus
ctlsaua
ctlsaau
ctlsuaa
ctlsuaa
ctlsaua
ctlsaau
ctlaasu
ctlaaus
ctlasau
ctlasua
ctlausa
ctlauas
ctsulaa
ctsulaa
ctsuala
ctsuaal
ctsuaal
ctsuala
ctsluaa
ctsluaa
ctslaua
ctslaau
ctslaau
ctslaua
ctsalua
ctsalau
ctsaula
ctsaual
ctsaaul
ctsaalu
ctsalau
ctsalua
ctsaalu
ctsaaul
ctsaual
ctsaula
ctaulsa
ctaulas
ctausla
ctausal
ctauasl
ctauals
ctalusa
ctaluas
ctalsua
ctalsau
ctalasu
ctalaus
ctaslua
ctaslau
ctasula
ctasual
ctasaul
ctasalu
ctaalsu
ctaalus
ctaaslu
ctaasul
ctaausl
ctaauls
caaults
caaulst
caautls
caautsl
caaustl
caauslt
caaluts
caalust
caaltus
caaltsu
caalstu
caalsut
caatlus
caatlsu
caatuls
caatusl
caatsul
caatslu
caasltu
caaslut
caastlu
caastul
caasutl
caasult
caualts
caualst
cauatls
cauatsl
cauastl
cauaslt
caulats
caulast
caultas
caultsa
caulsta
caulsat
cautlas
cautlsa
cautals
cautasl
cautsal
cautsla
causlta
causlat
caustla
caustal
causatl
causalt
caluats
caluast
calutas
calutsa
calusta
calusat
calauts
calaust
calatus
calatsu
calastu
calasut
caltaus
caltasu
caltuas
caltusa
caltsua
caltsau
calsatu
calsaut
calstau
calstua
calsuta
calsuat
catulas
catulsa
catuals
catuasl
catusal
catusla
catluas
catlusa
catlaus
catlasu
catlsau
catlsua
catalus
catalsu
catauls
catausl
catasul
cataslu
catslau
catslua
catsalu
catsaul
catsual
catsula
casulta
casulat
casutla
casutal
casuatl
casualt
casluta
casluat
casltua
casltau
caslatu
caslaut
castlua
castlau
castula
castual
castaul
castalu
casaltu
casalut
casatlu
casatul
casautl
casault
uscalta
uscalat
uscatla
uscatal
uscaatl
uscaalt
usclata
usclaat
uscltaa
uscltaa
usclata
usclaat
usctlaa
usctlaa
usctala
usctaal
usctaal
usctala
uscalta
uscalat
uscatla
uscatal
uscaatl
uscaalt
usaclta
usaclat
usactla
usactal
usacatl
usacalt
usalcta
usalcat
usaltca
usaltac
usalatc
usalact
usatlca
usatlac
usatcla
usatcal
usatacl
usatalc
usaaltc
usaalct
usaatlc
usaatcl
usaactl
usaaclt
uslacta
uslacat
uslatca
uslatac
uslaatc
uslaact
uslcata
uslcaat
uslctaa
uslctaa
uslcata
uslcaat
usltcaa
usltcaa
usltaca
usltaac
usltaac
usltaca
uslacta
uslacat
uslatca
uslatac
uslaatc
uslaact
ustalca
ustalac
ustacla
ustacal
ustaacl
ustaalc
ustlaca
ustlaac
ustlcaa
ustlcaa
ustlaca
ustlaac
ustclaa
ustclaa
ustcala
ustcaal
ustcaal
ustcala
ustalca
ustalac
ustacla
ustacal
ustaacl
ustaalc
usaaltc
usaalct
usaatlc
usaatcl
usaactl
usaaclt
usalatc
usalact
usaltac
usaltca
usalcta
usalcat
usatlac
usatlca
usatalc
usatacl
usatcal
usatcla
usaclta
usaclat
usactla
usactal
usacatl
usacalt
ucsalta
ucsalat
ucsatla
ucsatal
ucsaatl
ucsaalt
ucslata
ucslaat
ucsltaa
ucsltaa
ucslata
ucslaat
ucstlaa
ucstlaa
ucstala
ucstaal
ucstaal
ucstala
ucsalta
ucsalat
ucsatla
ucsatal
ucsaatl
ucsaalt
ucaslta
ucaslat
ucastla
ucastal
ucasatl
ucasalt
ucalsta
ucalsat
ucaltsa
ucaltas
ucalats
ucalast
ucatlsa
ucatlas
ucatsla
ucatsal
ucatasl
ucatals
ucaalts
ucaalst
ucaatls
ucaatsl
ucaastl
ucaaslt
uclasta
uclasat
uclatsa
uclatas
uclaats
uclaast
uclsata
uclsaat
uclstaa
uclstaa
uclsata
uclsaat
ucltsaa
ucltsaa
ucltasa
ucltaas
ucltaas
ucltasa
uclasta
uclasat
uclatsa
uclatas
uclaats
uclaast
uctalsa
uctalas
uctasla
uctasal
uctaasl
uctaals
uctlasa
uctlaas
uctlsaa
uctlsaa
uctlasa
uctlaas
uctslaa
uctslaa
uctsala
uctsaal
uctsaal
uctsala
uctalsa
uctalas
uctasla
uctasal
uctaasl
uctaals
ucaalts
ucaalst
ucaatls
ucaatsl
ucaastl
ucaaslt
ucalats
ucalast
ucaltas
ucaltsa
ucalsta
ucalsat
ucatlas
ucatlsa
ucatals
ucatasl
ucatsal
ucatsla
ucaslta
ucaslat
ucastla
ucastal
ucasatl
ucasalt
uacslta
uacslat
uacstla
uacstal
uacsatl
uacsalt
uaclsta
uaclsat
uacltsa
uacltas
uaclats
uaclast
uactlsa
uactlas
uactsla
uactsal
uactasl
uactals
uacalts
uacalst
uacatls
uacatsl
uacastl
uacaslt
uasclta
uasclat
uasctla
uasctal
uascatl
uascalt
uaslcta
uaslcat
uasltca
uasltac
uaslatc
uaslact
uastlca
uastlac
uastcla
uastcal
uastacl
uastalc
uasaltc
uasalct
uasatlc
uasatcl
uasactl
uasaclt
ualscta
ualscat
ualstca
ualstac
ualsatc
ualsact
ualcsta
ualcsat
ualctsa
ualctas
ualcats
ualcast
ualtcsa
ualtcas
ualtsca
ualtsac
ualtasc
ualtacs
ualacts
ualacst
ualatcs
ualatsc
ualastc
ualasct
uatslca
uatslac
uatscla
uatscal
uatsacl
uatsalc
uatlsca
uatlsac
uatlcsa
uatlcas
uatlacs
uatlasc
uatclsa
uatclas
uatcsla
uatcsal
uatcasl
uatcals
uatalcs
uatalsc
uatacls
uatacsl
uatascl
uataslc
uaasltc
uaaslct
uaastlc
uaastcl
uaasctl
uaasclt
uaalstc
uaalsct
uaaltsc
uaaltcs
uaalcts
uaalcst
uaatlsc
uaatlcs
uaatslc
uaatscl
uaatcsl
uaatcls
uaaclts
uaaclst
uaactls
uaactsl
uaacstl
uaacslt
ulcasta
ulcasat
ulcatsa
ulcatas
ulcaats
ulcaast
ulcsata
ulcsaat
ulcstaa
ulcstaa
ulcsata
ulcsaat
ulctsaa
ulctsaa
ulctasa
ulctaas
ulctaas
ulctasa
ulcasta
ulcasat
ulcatsa
ulcatas
ulcaats
ulcaast
ulacsta
ulacsat
ulactsa
ulactas
ulacats
ulacast
ulascta
ulascat
ulastca
ulastac
ulasatc
ulasact
ulatsca
ulatsac
ulatcsa
ulatcas
ulatacs
ulatasc
ulaastc
ulaasct
ulaatsc
ulaatcs
ulaacts
ulaacst
ulsacta
ulsacat
ulsatca
ulsatac
ulsaatc
ulsaact
ulscata
ulscaat
ulsctaa
ulsctaa
ulscata
ulscaat
ulstcaa
ulstcaa
ulstaca
ulstaac
ulstaac
ulstaca
ulsacta
ulsacat
ulsatca
ulsatac
ulsaatc
ulsaact
ultasca
ultasac
ultacsa
ultacas
ultaacs
ultaasc
ultsaca
ultsaac
ultscaa
ultscaa
ultsaca
ultsaac
ultcsaa
ultcsaa
ultcasa
ultcaas
ultcaas
ultcasa
ultasca
ultasac
ultacsa
ultacas
ultaacs
ultaasc
ulaastc
ulaasct
ulaatsc
ulaatcs
ulaacts
ulaacst
ulasatc
ulasact
ulastac
ulastca
ulascta
ulascat
ulatsac
ulatsca
ulatasc
ulatacs
ulatcas
ulatcsa
ulacsta
ulacsat
ulactsa
ulactas
ulacats
ulacast
utcalsa
utcalas
utcasla
utcasal
utcaasl
utcaals
utclasa
utclaas
utclsaa
utclsaa
utclasa
utclaas
utcslaa
utcslaa
utcsala
utcsaal
utcsaal
utcsala
utcalsa
utcalas
utcasla
utcasal
utcaasl
utcaals
utaclsa
utaclas
utacsla
utacsal
utacasl
utacals
utalcsa
utalcas
utalsca
utalsac
utalasc
utalacs
utaslca
utaslac
utascla
utascal
utasacl
utasalc
utaalsc
utaalcs
utaaslc
utaascl
utaacsl
utaacls
utlacsa
utlacas
utlasca
utlasac
utlaasc
utlaacs
utlcasa
utlcaas
utlcsaa
utlcsaa
utlcasa
utlcaas
utlscaa
utlscaa
utlsaca
utlsaac
utlsaac
utlsaca
utlacsa
utlacas
utlasca
utlasac
utlaasc
utlaacs
utsalca
utsalac
utsacla
utsacal
utsaacl
utsaalc
utslaca
utslaac
utslcaa
utslcaa
utslaca
utslaac
utsclaa
utsclaa
utscala
utscaal
utscaal
utscala
utsalca
utsalac
utsacla
utsacal
utsaacl
utsaalc
utaalsc
utaalcs
utaaslc
utaascl
utaacsl
utaacls
utalasc
utalacs
utalsac
utalsca
utalcsa
utalcas
utaslac
utaslca
utasalc
utasacl
utascal
utascla
utaclsa
utaclas
utacsla
utacsal
utacasl
utacals
uacalts
uacalst
uacatls
uacatsl
uacastl
uacaslt
uaclats
uaclast
uacltas
uacltsa
uaclsta
uaclsat
uactlas
uactlsa
uactals
uactasl
uactsal
uactsla
uacslta
uacslat
uacstla
uacstal
uacsatl
uacsalt
uaaclts
uaaclst
uaactls
uaactsl
uaacstl
uaacslt
uaalcts
uaalcst
uaaltcs
uaaltsc
uaalstc
uaalsct
uaatlcs
uaatlsc
uaatcls
uaatcsl
uaatscl
uaatslc
uaasltc
uaaslct
uaastlc
uaastcl
uaasctl
uaasclt
ualacts
ualacst
ualatcs
ualatsc
ualastc
ualasct
ualcats
ualcast
ualctas
ualctsa
ualcsta
ualcsat
ualtcas
ualtcsa
ualtacs
ualtasc
ualtsac
ualtsca
ualscta
ualscat
ualstca
ualstac
ualsatc
ualsact
uatalcs
uatalsc
uatacls
uatacsl
uatascl
uataslc
uatlacs
uatlasc
uatlcas
uatlcsa
uatlsca
uatlsac
uatclas
uatclsa
uatcals
uatcasl
uatcsal
uatcsla
uatslca
uatslac
uatscla
uatscal
uatsacl
uatsalc
uasaltc
uasalct
uasatlc
uasatcl
uasactl
uasaclt
uaslatc
uaslact
uasltac
uasltca
uaslcta
uaslcat
uastlac
uastlca
uastalc
uastacl
uastcal
uastcla
uasclta
uasclat
uasctla
uasctal
uascatl
uascalt
lscuata
lscuaat
lscutaa
lscutaa
lscuata
lscuaat
lscauta
lscauat
lscatua
lscatau
lscaatu
lscaaut
lsctaua
lsctaau
lsctuaa
lsctuaa
lsctaua
lsctaau
lscaatu
lscaaut
lscatau
lscatua
lscauta
lscauat
lsucata
lsucaat
lsuctaa
lsuctaa
lsucata
lsucaat
lsuacta
lsuacat
lsuatca
lsuatac
lsuaatc
lsuaact
lsutaca
lsutaac
lsutcaa
lsutcaa
lsutaca
lsutaac
lsuaatc
lsuaact
lsuatac
lsuatca
lsuacta
lsuacat
lsaucta
lsaucat
lsautca
lsautac
lsauatc
lsauact
lsacuta
lsacuat
lsactua
lsactau
lsacatu
lsacaut
lsatcua
lsatcau
lsatuca
lsatuac
lsatauc
lsatacu
lsaactu
lsaacut
lsaatcu
lsaatuc
lsaautc
lsaauct
lstuaca
lstuaac
lstucaa
lstucaa
lstuaca
lstuaac
lstauca
lstauac
lstacua
lstacau
lstaacu
lstaauc
lstcaua
lstcaau
lstcuaa
lstcuaa
lstcaua
lstcaau
lstaacu
lstaauc
lstacau
lstacua
lstauca
lstauac
lsauatc
lsauact
lsautac
lsautca
lsaucta
lsaucat
lsaautc
lsaauct
lsaatuc
lsaatcu
lsaactu
lsaacut
lsatauc
lsatacu
lsatuac
lsatuca
lsatcua
lsatcau
lsacatu
lsacaut
lsactau
lsactua
lsacuta
lsacuat
lcsuata
lcsuaat
lcsutaa
lcsutaa
lcsuata
lcsuaat
lcsauta
lcsauat
lcsatua
lcsatau
lcsaatu
lcsaaut
lcstaua
lcstaau
lcstuaa
lcstuaa
lcstaua
lcstaau
lcsaatu
lcsaaut
lcsatau
lcsatua
lcsauta
lcsauat
lcusata
lcusaat
lcustaa
lcustaa
lcusata
lcusaat
lcuasta
lcuasat
lcuatsa
lcuatas
lcuaats
lcuaast
lcutasa
lcutaas
lcutsaa
lcutsaa
lcutasa
lcutaas
lcuaats
lcuaast
lcuatas
lcuatsa
lcuasta
lcuasat
lcausta
lcausat
lcautsa
lcautas
lcauats
lcauast
lcasuta
lcasuat
lcastua
lcastau
lcasatu
lcasaut
lcatsua
lcatsau
lcatusa
lcatuas
lcataus
lcatasu
lcaastu
lcaasut
lcaatsu
lcaatus
lcaauts
lcaaust
lctuasa
lctuaas
lctusaa
lctusaa
lctuasa
lctuaas
lctausa
lctauas
lctasua
lctasau
lctaasu
lctaaus
lctsaua
lctsaau
lctsuaa
lctsuaa
lctsaua
lctsaau
lctaasu
lctaaus
lctasau
lctasua
lctausa
lctauas
lcauats
lcauast
lcautas
lcautsa
lcausta
lcausat
lcaauts
lcaaust
lcaatus
lcaatsu
lcaastu
lcaasut
lcataus
lcatasu
lcatuas
lcatusa
lcatsua
lcatsau
lcasatu
lcasaut
lcastau
lcastua
lcasuta
lcasuat
lucsata
lucsaat
lucstaa
lucstaa
lucsata
lucsaat
lucasta
lucasat
lucatsa
lucatas
lucaats
lucaast
luctasa
luctaas
luctsaa
luctsaa
luctasa
luctaas
lucaats
lucaast
lucatas
lucatsa
lucasta
lucasat
luscata
luscaat
lusctaa
lusctaa
luscata
luscaat
lusacta
lusacat
lusatca
lusatac
lusaatc
lusaact
lustaca
lustaac
lustcaa
lustcaa
lustaca
lustaac
lusaatc
lusaact
lusatac
lusatca
lusacta
lusacat
luascta
luascat
luastca
luastac
luasatc
luasact
luacsta
luacsat
luactsa
luactas
luacats
luacast
luatcsa
luatcas
luatsca
luatsac
luatasc
luatacs
luaacts
luaacst
luaatcs
luaatsc
luaastc
luaasct
lutsaca
lutsaac
lutscaa
lutscaa
lutsaca
lutsaac
lutasca
lutasac
lutacsa
lutacas
lutaacs
lutaasc
lutcasa
lutcaas
lutcsaa
lutcsaa
lutcasa
lutcaas
lutaacs
lutaasc
lutacas
lutacsa
lutasca
lutasac
luasatc
luasact
luastac
luastca
luascta
luascat
luaastc
luaasct
luaatsc
luaatcs
luaacts
luaacst
luatasc
luatacs
luatsac
luatsca
luatcsa
luatcas
luacats
luacast
luactas
luactsa
luacsta
luacsat
lacusta
lacusat
lacutsa
lacutas
lacuats
lacuast
lacsuta
lacsuat
lacstua
lacstau
lacsatu
lacsaut
lactsua
lactsau
lactusa
lactuas
lactaus
lactasu
lacastu
lacasut
lacatsu
lacatus
lacauts
lacaust
laucsta
laucsat
lauctsa
lauctas
laucats
laucast
lauscta
lauscat
laustca
laustac
lausatc
lausact
lautsca
lautsac
lautcsa
lautcas
lautacs
lautasc
lauastc
lauasct
lauatsc
lauatcs
lauacts
lauacst
lasucta
lasucat
lasutca
lasutac
lasuatc
lasuact
lascuta
lascuat
lasctua
lasctau
lascatu
lascaut
lastcua
lastcau
lastuca
lastuac
lastauc
lastacu
lasactu
lasacut
lasatcu
lasatuc
lasautc
lasauct
latusca
latusac
latucsa
latucas
latuacs
latuasc
latsuca
latsuac
latscua
latscau
latsacu
latsauc
latcsua
latcsau
latcusa
latcuas
latcaus
latcasu
latascu
latasuc
latacsu
latacus
lataucs
latausc
laaustc
laausct
laautsc
laautcs
laaucts
laaucst
laasutc
laasuct
laastuc
laastcu
laasctu
laascut
laatsuc
laatscu
laatusc
laatucs
laatcus
laatcsu
laacstu
laacsut
laactsu
laactus
laacuts
laacust
ltcuasa
ltcuaas
ltcusaa
ltcusaa
ltcuasa
ltcuaas
ltcausa
ltcauas
ltcasua
ltcasau
ltcaasu
ltcaaus
ltcsaua
ltcsaau
ltcsuaa
ltcsuaa
ltcsaua
ltcsaau
ltcaasu
ltcaaus
ltcasau
ltcasua
ltcausa
ltcauas
ltucasa
ltucaas
ltucsaa
ltucsaa
ltucasa
ltucaas
ltuacsa
ltuacas
ltuasca
ltuasac
ltuaasc
ltuaacs
ltusaca
ltusaac
ltuscaa
ltuscaa
ltusaca
ltusaac
ltuaasc
ltuaacs
ltuasac
ltuasca
ltuacsa
ltuacas
ltaucsa
ltaucas
ltausca
ltausac
ltauasc
ltauacs
ltacusa
ltacuas
ltacsua
ltacsau
ltacasu
ltacaus
ltascua
ltascau
ltasuca
ltasuac
ltasauc
ltasacu
ltaacsu
ltaacus
ltaascu
ltaasuc
ltaausc
ltaaucs
ltsuaca
ltsuaac
ltsucaa
ltsucaa
ltsuaca
ltsuaac
ltsauca
ltsauac
ltsacua
ltsacau
ltsaacu
ltsaauc
ltscaua
ltscaau
ltscuaa
ltscuaa
ltscaua
ltscaau
ltsaacu
ltsaauc
ltsacau
ltsacua
ltsauca
ltsauac
ltauasc
ltauacs
ltausac
ltausca
ltaucsa
ltaucas
ltaausc
ltaaucs
ltaasuc
ltaascu
ltaacsu
ltaacus
ltasauc
ltasacu
ltasuac
ltasuca
ltascua
ltascau
ltacasu
ltacaus
ltacsau
ltacsua
ltacusa
ltacuas
lacuats
lacuast
lacutas
lacutsa
lacusta
lacusat
lacauts
lacaust
lacatus
lacatsu
lacastu
lacasut
lactaus
lactasu
lactuas
lactusa
lactsua
lactsau
lacsatu
lacsaut
lacstau
lacstua
lacsuta
lacsuat
laucats
laucast
lauctas
lauctsa
laucsta
laucsat
lauacts
lauacst
lauatcs
lauatsc
lauastc
lauasct
lautacs
lautasc
lautcas
lautcsa
lautsca
lautsac
lausatc
lausact
laustac
laustca
lauscta
lauscat
laaucts
laaucst
laautcs
laautsc
laaustc
laausct
laacuts
laacust
laactus
laactsu
laacstu
laacsut
laatcus
laatcsu
laatucs
laatusc
laatsuc
laatscu
laasctu
laascut
laastcu
laastuc
laasutc
laasuct
latuacs
latuasc
latucas
latucsa
latusca
latusac
lataucs
latausc
latacus
latacsu
latascu
latasuc
latcaus
latcasu
latcuas
latcusa
latcsua
latcsau
latsacu
latsauc
latscau
latscua
latsuca
latsuac
lasuatc
lasuact
lasutac
lasutca
lasucta
lasucat
lasautc
lasauct
lasatuc
lasatcu
lasactu
lasacut
lastauc
lastacu
lastuac
lastuca
lastcua
lastcau
lascatu
lascaut
lasctau
lasctua
lascuta
lascuat
tsculaa
tsculaa
tscuala
tscuaal
tscuaal
tscuala
tscluaa
tscluaa
tsclaua
tsclaau
tsclaau
tsclaua
tscalua
tscalau
tscaula
tscaual
tscaaul
tscaalu
tscalau
tscalua
tscaalu
tscaaul
tscaual
tscaula
tsuclaa
tsuclaa
tsucala
tsucaal
tsucaal
tsucala
tsulcaa
tsulcaa
tsulaca
tsulaac
tsulaac
tsulaca
tsualca
tsualac
tsuacla
tsuacal
tsuaacl
tsuaalc
tsualac
tsualca
tsuaalc
tsuaacl
tsuacal
tsuacla
tslucaa
tslucaa
tsluaca
tsluaac
tsluaac
tsluaca
tslcuaa
tslcuaa
tslcaua
tslcaau
tslcaau
tslcaua
tslacua
tslacau
tslauca
tslauac
tslaauc
tslaacu
tslacau
tslacua
tslaacu
tslaauc
tslauac
tslauca
tsaulca
tsaulac
tsaucla
tsaucal
tsauacl
tsaualc
tsaluca
tsaluac
tsalcua
tsalcau
tsalacu
tsalauc
tsaclua
tsaclau
tsacula
tsacual
tsacaul
tsacalu
tsaalcu
tsaaluc
tsaaclu
tsaacul
tsaaucl
tsaaulc
tsaulac
tsaulca
tsaualc
tsauacl
tsaucal
tsaucla
tsaluac
tsaluca
tsalauc
tsalacu
tsalcau
tsalcua
tsaaluc
tsaalcu
tsaaulc
tsaaucl
tsaacul
tsaaclu
tsaclau
tsaclua
tsacalu
tsacaul
tsacual
tsacula
tcsulaa
tcsulaa
tcsuala
tcsuaal
tcsuaal
tcsuala
tcsluaa
tcsluaa
tcslaua
tcslaau
tcslaau
tcslaua
tcsalua
tcsalau
tcsaula
tcsaual
tcsaaul
tcsaalu
tcsalau
tcsalua
tcsaalu
tcsaaul
tcsaual
tcsaula
tcuslaa
tcuslaa
tcusala
tcusaal
tcusaal
tcusala
tculsaa
tculsaa
tculasa
tculaas
tculaas
tculasa
tcualsa
tcualas
tcuasla
tcuasal
tcuaasl
tcuaals
tcualas
tcualsa
tcuaals
tcuaasl
tcuasal
tcuasla
tclusaa
tclusaa
tcluasa
tcluaas
tcluaas
tcluasa
tclsuaa
tclsuaa
tclsaua
tclsaau
tclsaau
tclsaua
tclasua
tclasau
tclausa
tclauas
tclaaus
tclaasu
tclasau
tclasua
tclaasu
tclaaus
tclauas
tclausa
tcaulsa
tcaulas
tcausla
tcausal
tcauasl
tcauals
tcalusa
tcaluas
tcalsua
tcalsau
tcalasu
tcalaus
tcaslua
tcaslau
tcasula
tcasual
tcasaul
tcasalu
tcaalsu
tcaalus
tcaaslu
tcaasul
tcaausl
tcaauls
tcaulas
tcaulsa
tcauals
tcauasl
tcausal
tcausla
tcaluas
tcalusa
tcalaus
tcalasu
tcalsau
tcalsua
tcaalus
tcaalsu
tcaauls
tcaausl
tcaasul
tcaaslu
tcaslau
tcaslua
tcasalu
tcasaul
tcasual
tcasula
tucslaa
tucslaa
tucsala
tucsaal
tucsaal
tucsala
tuclsaa
tuclsaa
tuclasa
tuclaas
tuclaas
tuclasa
tucalsa
tucalas
tucasla
tucasal
tucaasl
tucaals
tucalas
tucalsa
tucaals
tucaasl
tucasal
tucasla
tusclaa
tusclaa
tuscala
tuscaal
tuscaal
tuscala
tuslcaa
tuslcaa
tuslaca
tuslaac
tuslaac
tuslaca
tusalca
tusalac
tusacla
tusacal
tusaacl
tusaalc
tusalac
tusalca
tusaalc
tusaacl
tusacal
tusacla
tulscaa
tulscaa
tulsaca
tulsaac
tulsaac
tulsaca
tulcsaa
tulcsaa
tulcasa
tulcaas
tulcaas
tulcasa
tulacsa
tulacas
tulasca
tulasac
tulaasc
tulaacs
tulacas
tulacsa
tulaacs
tulaasc
tulasac
tulasca
tuaslca
tuaslac
tuascla
tuascal
tuasacl
tuasalc
tualsca
tualsac
tualcsa
tualcas
tualacs
tualasc
tuaclsa
tuaclas
tuacsla
tuacsal
tuacasl
tuacals
tuaalcs
tuaalsc
tuaacls
tuaacsl
tuaascl
tuaaslc
tuaslac
tuaslca
tuasalc
tuasacl
tuascal
tuascla
tualsac
tualsca
tualasc
tualacs
tualcas
tualcsa
tuaalsc
tuaalcs
tuaaslc
tuaascl
tuaacsl
tuaacls
tuaclas
tuaclsa
tuacals
tuacasl
tuacsal
tuacsla
tlcusaa
tlcusaa
tlcuasa
tlcuaas
tlcuaas
tlcuasa
tlcsuaa
tlcsuaa
tlcsaua
tlcsaau
tlcsaau
tlcsaua
tlcasua
tlcasau
tlcausa
tlcauas
tlcaaus
tlcaasu
tlcasau
tlcasua
tlcaasu
tlcaaus
tlcauas
tlcausa
tlucsaa
tlucsaa
tlucasa
tlucaas
tlucaas
tlucasa
tluscaa
tluscaa
tlusaca
tlusaac
tlusaac
tlusaca
tluasca
tluasac
tluacsa
tluacas
tluaacs
tluaasc
tluasac
tluasca
tluaasc
tluaacs
tluacas
tluacsa
tlsucaa
tlsucaa
tlsuaca
tlsuaac
tlsuaac
tlsuaca
tlscuaa
tlscuaa
tlscaua
tlscaau
tlscaau
tlscaua
tlsacua
tlsacau
tlsauca
tlsauac
tlsaauc
tlsaacu
tlsacau
tlsacua
tlsaacu
tlsaauc
tlsauac
tlsauca
tlausca
tlausac
tlaucsa
tlaucas
tlauacs
tlauasc
tlasuca
tlasuac
tlascua
tlascau
tlasacu
tlasauc
tlacsua
tlacsau
tlacusa
tlacuas
tlacaus
tlacasu
tlaascu
tlaasuc
tlaacsu
tlaacus
tlaaucs
tlaausc
tlausac
tlausca
tlauasc
tlauacs
tlaucas
tlaucsa
tlasuac
tlasuca
tlasauc
tlasacu
tlascau
tlascua
tlaasuc
tlaascu
tlaausc
tlaaucs
tlaacus
tlaacsu
tlacsau
tlacsua
tlacasu
tlacaus
tlacuas
tlacusa
taculsa
taculas
tacusla
tacusal
tacuasl
tacuals
taclusa
tacluas
taclsua
taclsau
taclasu
taclaus
tacslua
tacslau
tacsula
tacsual
tacsaul
tacsalu
tacalsu
tacalus
tacaslu
tacasul
tacausl
tacauls
tauclsa
tauclas
taucsla
taucsal
taucasl
taucals
taulcsa
taulcas
taulsca
taulsac
taulasc
taulacs
tauslca
tauslac
tauscla
tauscal
tausacl
tausalc
taualsc
taualcs
tauaslc
tauascl
tauacsl
tauacls
talucsa
talucas
talusca
talusac
taluasc
taluacs
talcusa
talcuas
talcsua
talcsau
talcasu
talcaus
talscua
talscau
talsuca
talsuac
talsauc
talsacu
talacsu
talacus
talascu
talasuc
talausc
talaucs
tasulca
tasulac
tasucla
tasucal
tasuacl
tasualc
tasluca
tasluac
taslcua
taslcau
taslacu
taslauc
tasclua
tasclau
tascula
tascual
tascaul
tascalu
tasalcu
tasaluc
tasaclu
tasacul
tasaucl
tasaulc
taaulsc
taaulcs
taauslc
taauscl
taaucsl
taaucls
taalusc
taalucs
taalsuc
taalscu
taalcsu
taalcus
taasluc
taaslcu
taasulc
taasucl
taascul
taasclu
taaclsu
taaclus
taacslu
taacsul
taacusl
taaculs
taculas
taculsa
tacuals
tacuasl
tacusal
tacusla
tacluas
taclusa
taclaus
taclasu
taclsau
taclsua
tacalus
tacalsu
tacauls
tacausl
tacasul
tacaslu
tacslau
tacslua
tacsalu
tacsaul
tacsual
tacsula
tauclas
tauclsa
taucals
taucasl
taucsal
taucsla
taulcas
taulcsa
taulacs
taulasc
taulsac
taulsca
taualcs
taualsc
tauacls
tauacsl
tauascl
tauaslc
tauslac
tauslca
tausalc
tausacl
tauscal
tauscla
talucas
talucsa
taluacs
taluasc
talusac
talusca
talcuas
talcusa
talcaus
talcasu
talcsau
talcsua
talacus
talacsu
talaucs
talausc
talasuc
talascu
talscau
talscua
talsacu
talsauc
talsuac
talsuca
taaulcs
taaulsc
taaucls
taaucsl
taauscl
taauslc
taalucs
taalusc
taalcus
taalcsu
taalscu
taalsuc
taaclus
taaclsu
taaculs
taacusl
taacsul
taacslu
taaslcu
taasluc
taasclu
taascul
taasucl
taasulc
tasulac
tasulca
tasualc
tasuacl
tasucal
tasucla
tasluac
tasluca
taslauc
taslacu
taslcau
taslcua
tasaluc
tasalcu
tasaulc
tasaucl
tasacul
tasaclu
tasclau
tasclua
tascalu
tascaul
tascual
tascula
asculta
asculat
ascutla
ascutal
ascuatl
ascualt
ascluta
ascluat
ascltua
ascltau
asclatu
asclaut
asctlua
asctlau
asctula
asctual
asctaul
asctalu
ascaltu
ascalut
ascatlu
ascatul
ascautl
ascault
asuclta
asuclat
asuctla
asuctal
asucatl
asucalt
asulcta
asulcat
asultca
asultac
asulatc
asulact
asutlca
asutlac
asutcla
asutcal
asutacl
asutalc
asualtc
asualct
asuatlc
asuatcl
asuactl
asuaclt
aslucta
aslucat
aslutca
aslutac
asluatc
asluact
aslcuta
aslcuat
aslctua
aslctau
aslcatu
aslcaut
asltcua
asltcau
asltuca
asltuac
asltauc
asltacu
aslactu
aslacut
aslatcu
aslatuc
aslautc
aslauct
astulca
astulac
astucla
astucal
astuacl
astualc
astluca
astluac
astlcua
astlcau
astlacu
astlauc
astclua
astclau
astcula
astcual
astcaul
astcalu
astalcu
astaluc
astaclu
astacul
astaucl
astaulc
asaultc
asaulct
asautlc
asautcl
asauctl
asauclt
asalutc
asaluct
asaltuc
asaltcu
asalctu
asalcut
asatluc
asatlcu
asatulc
asatucl
asatcul
asatclu
asacltu
asaclut
asactlu
asactul
asacutl
asacult
acsulta
acsulat
acsutla
acsutal
acsuatl
acsualt
acsluta
acsluat
acsltua
acsltau
acslatu
acslaut
acstlua
acstlau
acstula
acstual
acstaul
acstalu
acsaltu
acsalut
acsatlu
acsatul
acsautl
acsault
acuslta
acuslat
acustla
acustal
acusatl
acusalt
aculsta
aculsat
acultsa
acultas
aculats
aculast
acutlsa
acutlas
acutsla
acutsal
acutasl
acutals
acualts
acualst
acuatls
acuatsl
acuastl
acuaslt
aclusta
aclusat
aclutsa
aclutas
acluats
acluast
aclsuta
aclsuat
aclstua
aclstau
aclsatu
aclsaut
acltsua
acltsau
acltusa
acltuas
acltaus
acltasu
aclastu
aclasut
aclatsu
aclatus
aclauts
aclaust
actulsa
actulas
actusla
actusal
actuasl
actuals
actlusa
actluas
actlsua
actlsau
actlasu
actlaus
actslua
actslau
actsula
actsual
actsaul
actsalu
actalsu
actalus
actaslu
actasul
actausl
actauls
acaults
acaulst
acautls
acautsl
acaustl
acauslt
acaluts
acalust
acaltus
acaltsu
acalstu
acalsut
acatlus
acatlsu
acatuls
acatusl
acatsul
acatslu
acasltu
acaslut
acastlu
acastul
acasutl
acasult
aucslta
aucslat
aucstla
aucstal
aucsatl
aucsalt
auclsta
auclsat
aucltsa
aucltas
auclats
auclast
auctlsa
auctlas
auctsla
auctsal
auctasl
auctals
aucalts
aucalst
aucatls
aucatsl
aucastl
aucaslt
ausclta
ausclat
ausctla
ausctal
auscatl
auscalt
auslcta
auslcat
ausltca
ausltac
auslatc
auslact
austlca
austlac
austcla
austcal
austacl
austalc
ausaltc
ausalct
ausatlc
ausatcl
ausactl
ausaclt
aulscta
aulscat
aulstca
aulstac
aulsatc
aulsact
aulcsta
aulcsat
aulctsa
aulctas
aulcats
aulcast
aultcsa
aultcas
aultsca
aultsac
aultasc
aultacs
aulacts
aulacst
aulatcs
aulatsc
aulastc
aulasct
autslca
autslac
autscla
autscal
autsacl
autsalc
autlsca
autlsac
autlcsa
autlcas
autlacs
autlasc
autclsa
autclas
autcsla
autcsal
autcasl
autcals
autalcs
autalsc
autacls
autacsl
autascl
autaslc
auasltc
auaslct
auastlc
auastcl
auasctl
auasclt
aualstc
aualsct
aualtsc
aualtcs
aualcts
aualcst
auatlsc
auatlcs
auatslc
auatscl
auatcsl
auatcls
auaclts
auaclst
auactls
auactsl
auacstl
auacslt
alcusta
alcusat
alcutsa
alcutas
alcuats
alcuast
alcsuta
alcsuat
alcstua
alcstau
alcsatu
alcsaut
alctsua
alctsau
alctusa
alctuas
alctaus
alctasu
alcastu
alcasut
alcatsu
alcatus
alcauts
alcaust
alucsta
alucsat
aluctsa
aluctas
alucats
alucast
aluscta
aluscat
alustca
alustac
alusatc
alusact
alutsca
alutsac
alutcsa
alutcas
alutacs
alutasc
aluastc
aluasct
aluatsc
aluatcs
aluacts
aluacst
alsucta
alsucat
alsutca
alsutac
alsuatc
alsuact
alscuta
alscuat
alsctua
alsctau
alscatu
alscaut
alstcua
alstcau
alstuca
alstuac
alstauc
alstacu
alsactu
alsacut
alsatcu
alsatuc
alsautc
alsauct
altusca
altusac
altucsa
altucas
altuacs
altuasc
altsuca
altsuac
altscua
altscau
altsacu
altsauc
altcsua
altcsau
altcusa
altcuas
altcaus
altcasu
altascu
altasuc
altacsu
altacus
altaucs
altausc
alaustc
alausct
alautsc
alautcs
alaucts
alaucst
alasutc
alasuct
alastuc
alastcu
alasctu
alascut
alatsuc
alatscu
alatusc
alatucs
alatcus
alatcsu
alacstu
alacsut
alactsu
alactus
alacuts
alacust
atculsa
atculas
atcusla
atcusal
atcuasl
atcuals
atclusa
atcluas
atclsua
atclsau
atclasu
atclaus
atcslua
atcslau
atcsula
atcsual
atcsaul
atcsalu
atcalsu
atcalus
atcaslu
atcasul
atcausl
atcauls
atuclsa
atuclas
atucsla
atucsal
atucasl
atucals
atulcsa
atulcas
atulsca
atulsac
atulasc
atulacs
atuslca
atuslac
atuscla
atuscal
atusacl
atusalc
atualsc
atualcs
atuaslc
atuascl
atuacsl
atuacls
atlucsa
atlucas
atlusca
atlusac
atluasc
atluacs
atlcusa
atlcuas
atlcsua
atlcsau
atlcasu
atlcaus
atlscua
atlscau
atlsuca
atlsuac
atlsauc
atlsacu
atlacsu
atlacus
atlascu
atlasuc
atlausc
atlaucs
atsulca
atsulac
atsucla
atsucal
atsuacl
atsualc
atsluca
atsluac
atslcua
atslcau
atslacu
atslauc
atsclua
atsclau
atscula
atscual
atscaul
atscalu
atsalcu
atsaluc
atsaclu
atsacul
atsaucl
atsaulc
ataulsc
ataulcs
atauslc
atauscl
ataucsl
ataucls
atalusc
atalucs
atalsuc
atalscu
atalcsu
atalcus
atasluc
ataslcu
atasulc
atasucl
atascul
atasclu
ataclsu
ataclus
atacslu
atacsul
atacusl
ataculs
aacults
aaculst
aacutls
aacutsl
aacustl
aacuslt
aacluts
aaclust
aacltus
aacltsu
aaclstu
aaclsut
aactlus
aactlsu
aactuls
aactusl
aactsul
aactslu
aacsltu
aacslut
aacstlu
aacstul
aacsutl
aacsult
aauclts
aauclst
aauctls
aauctsl
aaucstl
aaucslt
aaulcts
aaulcst
aaultcs
aaultsc
aaulstc
aaulsct
aautlcs
aautlsc
aautcls
aautcsl
aautscl
aautslc
aausltc
aauslct
aaustlc
aaustcl
aausctl
aausclt
aalucts
aalucst
aalutcs
aalutsc
aalustc
aalusct
aalcuts
aalcust
aalctus
aalctsu
aalcstu
aalcsut
aaltcus
aaltcsu
aaltucs
aaltusc
aaltsuc
aaltscu
aalsctu
aalscut
aalstcu
aalstuc
aalsutc
aalsuct
aatulcs
aatulsc
aatucls
aatucsl
aatuscl
aatuslc
aatlucs
aatlusc
aatlcus
aatlcsu
aatlscu
aatlsuc
aatclus
aatclsu
aatculs
aatcusl
aatcsul
aatcslu
aatslcu
aatsluc
aatsclu
aatscul
aatsucl
aatsulc
aasultc
aasulct
aasutlc
aasutcl
aasuctl
aasuclt
aaslutc
aasluct
aasltuc
aasltcu
aaslctu
aaslcut
aastluc
aastlcu
aastulc
aastucl
aastcul
aastclu
aascltu
aasclut
aasctlu
aasctul
aascutl
aascult

