prieten
prietne
prieetn
prieent
prienet
priente
priteen
pritene
priteen
pritene
pritnee
pritnee
prieten
prietne
prieetn
prieent
prienet
priente
printee
printee
prinete
prineet
prineet
prinete
preiten
preitne
preietn
preient
preinet
preinte
pretien
pretine
pretein
preteni
pretnei
pretnie
preetin
preetni
preeitn
preeint
preenit
preenti
prentei
prentie
preneti
preneit
preniet
prenite
prteien
prteine
prteein
prteeni
prtenei
prtenie
prtieen
prtiene
prtieen
prtiene
prtinee
prtinee
prteien
prteine
prteein
prteeni
prtenei
prtenie
prtniee
prtniee
prtneie
prtneei
prtneei
prtneie
preetin
preetni
preeitn
preeint
preenit
preenti
pretein
preteni
pretien
pretine
pretnie
pretnei
preiten
preitne
preietn
preient
preinet
preinte
prentie
prentei
prenite
preniet
preneit
preneti
prnetei
prnetie
prneeti
prneeit
prneiet
prneite
prnteei
prnteie
prnteei
prnteie
prntiee
prntiee
prnetei
prnetie
prneeti
prneeit
prneiet
prneite
prnitee
prnitee
prniete
prnieet
prnieet
prniete
pireten
piretne
pireetn
pireent
pirenet
pirente
pirteen
pirtene
pirteen
pirtene
pirtnee
pirtnee
pireten
piretne
pireetn
pireent
pirenet
pirente
pirntee
pirntee
pirnete
pirneet
pirneet
pirnete
pierten
piertne
pieretn
pierent
piernet
piernte
pietren
pietrne
pietern
pietenr
pietner
pietnre
pieetrn
pieetnr
pieertn
pieernt
pieenrt
pieentr
pienter
pientre
pienetr
pienert
pienret
pienrte
piteren
piterne
piteern
piteenr
pitener
pitenre
pitreen
pitrene
pitreen
pitrene
pitrnee
pitrnee
piteren
piterne
piteern
piteenr
pitener
pitenre
pitnree
pitnree
pitnere
pitneer
pitneer
pitnere
pieetrn
pieetnr
pieertn
pieernt
pieenrt
pieentr
pietern
pietenr
pietren
pietrne
pietnre
pietner
pierten
piertne
pieretn
pierent
piernet
piernte
pientre
pienter
pienrte
pienret
pienert
pienetr
pineter
pinetre
pineetr
pineert
pineret
pinerte
pinteer
pintere
pinteer
pintere
pintree
pintree
pineter
pinetre
pineetr
pineert
pineret
pinerte
pinrtee
pinrtee
pinrete
pinreet
pinreet
pinrete
peirten
peirtne
peiretn
peirent
peirnet
peirnte
peitren
peitrne
peitern
peitenr
peitner
peitnre
peietrn
peietnr
peiertn
peiernt
peienrt
peientr
peinter
peintre
peinetr
peinert
peinret
peinrte
periten
peritne
perietn
perient
perinet
perinte
pertien
pertine
pertein
perteni
pertnei
pertnie
peretin
peretni
pereitn
pereint
perenit
perenti
perntei
perntie
perneti
perneit
perniet
pernite
petrien
petrine
petrein
petreni
petrnei
petrnie
petiren
petirne
petiern
petienr
petiner
petinre
peteirn
peteinr
peterin
peterni
petenri
petenir
petnier
petnire
petneir
petneri
petnrei
petnrie
peertin
peertni
peeritn
peerint
peernit
peernti
peetrin
peetrni
peetirn
peetinr
peetnir
peetnri
peeitrn
peeitnr
peeirtn
peeirnt
peeinrt
peeintr
peentir
peentri
peenitr
peenirt
peenrit
peenrti
penrtei
penrtie
penreti
penreit
penriet
penrite
pentrei
pentrie
penteri
penteir
pentier
pentire
penetri
penetir
penerti
penerit
peneirt
peneitr
peniter
penitre
penietr
peniert
peniret
penirte
ptieren
ptierne
ptieern
ptieenr
ptiener
ptienre
ptireen
ptirene
ptireen
ptirene
ptirnee
ptirnee
ptieren
ptierne
ptieern
ptieenr
ptiener
ptienre
ptinree
ptinree
ptinere
ptineer
ptineer
ptinere
pteiren
pteirne
pteiern
pteienr
pteiner
pteinre
pterien
pterine
pterein
ptereni
pternei
pternie
pteerin
pteerni
pteeirn
pteeinr
pteenir
pteenri
ptenrei
ptenrie
pteneri
pteneir
ptenier
ptenire
ptreien
ptreine
ptreein
ptreeni
ptrenei
ptrenie
ptrieen
ptriene
ptrieen
ptriene
ptrinee
ptrinee
ptreien
ptreine
ptreein
ptreeni
ptrenei
ptrenie
ptrniee
ptrniee
ptrneie
ptrneei
ptrneei
ptrneie
pteerin
pteerni
pteeirn
pteeinr
pteenir
pteenri
pterein
ptereni
pterien
pterine
pternie
pternei
pteiren
pteirne
pteiern
pteienr
pteiner
pteinre
ptenrie
ptenrei
ptenire
ptenier
pteneir
pteneri
ptnerei
ptnerie
ptneeri
ptneeir
ptneier
ptneire
ptnreei
ptnreie
ptnreei
ptnreie
ptnriee
ptnriee
ptnerei
ptnerie
ptneeri
ptneeir
ptneier
ptneire
ptniree
ptniree
ptniere
ptnieer
ptnieer
ptniere
peietrn
peietnr
peiertn
peiernt
peienrt
peientr
peitern
peitenr
peitren
peitrne
peitnre
peitner
peirten
peirtne
peiretn
peirent
peirnet
peirnte
peintre
peinter
peinrte
peinret
peinert
peinetr
peeitrn
peeitnr
peeirtn
peeirnt
peeinrt
peeintr
peetirn
peetinr
peetrin
peetrni
peetnri
peetnir
peertin
peertni
peeritn
peerint
peernit
peernti
peentri
peentir
peenrti
peenrit
peenirt
peenitr
peteirn
peteinr
peterin
peterni
petenri
petenir
petiern
petienr
petiren
petirne
petinre
petiner
petrien
petrine
petrein
petreni
petrnei
petrnie
petnire
petnier
petnrie
petnrei
petneri
petneir
peretin
peretni
pereitn
pereint
perenit
perenti
pertein
perteni
pertien
pertine
pertnie
pertnei
periten
peritne
perietn
perient
perinet
perinte
perntie
perntei
pernite
perniet
perneit
perneti
penetri
penetir
penerti
penerit
peneirt
peneitr
penteri
penteir
pentrei
pentrie
pentire
pentier
penrtei
penrtie
penreti
penreit
penriet
penrite
penitre
peniter
penirte
peniret
peniert
penietr
pnieter
pnietre
pnieetr
pnieert
pnieret
pnierte
pniteer
pnitere
pniteer
pnitere
pnitree
pnitree
pnieter
pnietre
pnieetr
pnieert
pnieret
pnierte
pnirtee
pnirtee
pnirete
pnireet
pnireet
pnirete
pneiter
pneitre
pneietr
pneiert
pneiret
pneirte
pnetier
pnetire
pneteir
pneteri
pnetrei
pnetrie
pneetir
pneetri
pneeitr
pneeirt
pneerit
pneerti
pnertei
pnertie
pnereti
pnereit
pneriet
pnerite
pnteier
pnteire
pnteeir
pnteeri
pnterei
pnterie
pntieer
pntiere
pntieer
pntiere
pntiree
pntiree
pnteier
pnteire
pnteeir
pnteeri
pnterei
pnterie
pntriee
pntriee
pntreie
pntreei
pntreei
pntreie
pneetir
pneetri
pneeitr
pneeirt
pneerit
pneerti
pneteir
pneteri
pnetier
pnetire
pnetrie
pnetrei
pneiter
pneitre
pneietr
pneiert
pneiret
pneirte
pnertie
pnertei
pnerite
pneriet
pnereit
pnereti
pnretei
pnretie
pnreeti
pnreeit
pnreiet
pnreite
pnrteei
pnrteie
pnrteei
pnrteie
pnrtiee
pnrtiee
pnretei
pnretie
pnreeti
pnreeit
pnreiet
pnreite
pnritee
pnritee
pnriete
pnrieet
pnrieet
pnriete
rpieten
rpietne
rpieetn
rpieent
rpienet
rpiente
rpiteen
rpitene
rpiteen
rpitene
rpitnee
rpitnee
rpieten
rpietne
rpieetn
rpieent
rpienet
rpiente
rpintee
rpintee
rpinete
rpineet
rpineet
rpinete
rpeiten
rpeitne
rpeietn
rpeient
rpeinet
rpeinte
rpetien
rpetine
rpetein
rpeteni
rpetnei
rpetnie
rpeetin
rpeetni
rpeeitn
rpeeint
rpeenit
rpeenti
rpentei
rpentie
rpeneti
rpeneit
rpeniet
rpenite
rpteien
rpteine
rpteein
rpteeni
rptenei
rptenie
rptieen
rptiene
rptieen
rptiene
rptinee
rptinee
rpteien
rpteine
rpteein
rpteeni
rptenei
rptenie
rptniee
rptniee
rptneie
rptneei
rptneei
rptneie
rpeetin
rpeetni
rpeeitn
rpeeint
rpeenit
rpeenti
rpetein
rpeteni
rpetien
rpetine
rpetnie
rpetnei
rpeiten
rpeitne
rpeietn
rpeient
rpeinet
rpeinte
rpentie
rpentei
rpenite
rpeniet
rpeneit
rpeneti
rpnetei
rpnetie
rpneeti
rpneeit
rpneiet
rpneite
rpnteei
rpnteie
rpnteei
rpnteie
rpntiee
rpntiee
rpnetei
rpnetie
rpneeti
rpneeit
rpneiet
rpneite
rpnitee
rpnitee
rpniete
rpnieet
rpnieet
rpniete
ripeten
ripetne
ripeetn
ripeent
ripenet
ripente
ripteen
riptene
ripteen
riptene
riptnee
riptnee
ripeten
ripetne
ripeetn
ripeent
ripenet
ripente
ripntee
ripntee
ripnete
ripneet
ripneet
ripnete
riepten
rieptne
riepetn
riepent
riepnet
riepnte
rietpen
rietpne
rietepn
rietenp
rietnep
rietnpe
rieetpn
rieetnp
rieeptn
rieepnt
rieenpt
rieentp
rientep
rientpe
rienetp
rienept
rienpet
rienpte
ritepen
ritepne
riteepn
riteenp
ritenep
ritenpe
ritpeen
ritpene
ritpeen
ritpene
ritpnee
ritpnee
ritepen
ritepne
riteepn
riteenp
ritenep
ritenpe
ritnpee
ritnpee
ritnepe
ritneep
ritneep
ritnepe
rieetpn
rieetnp
rieeptn
rieepnt
rieenpt
rieentp
rietepn
rietenp
rietpen
rietpne
rietnpe
rietnep
riepten
rieptne
riepetn
riepent
riepnet
riepnte
rientpe
rientep
rienpte
rienpet
rienept
rienetp
rinetep
rinetpe
rineetp
rineept
rinepet
rinepte
rinteep
rintepe
rinteep
rintepe
rintpee
rintpee
rinetep
rinetpe
rineetp
rineept
rinepet
rinepte
rinptee
rinptee
rinpete
rinpeet
rinpeet
rinpete
reipten
reiptne
reipetn
reipent
reipnet
reipnte
reitpen
reitpne
reitepn
reitenp
reitnep
reitnpe
reietpn
reietnp
reieptn
reiepnt
reienpt
reientp
reintep
reintpe
reinetp
reinept
reinpet
reinpte
repiten
repitne
repietn
repient
repinet
repinte
reptien
reptine
reptein
repteni
reptnei
reptnie
repetin
repetni
repeitn
repeint
repenit
repenti
repntei
repntie
repneti
repneit
repniet
repnite
retpien
retpine
retpein
retpeni
retpnei
retpnie
retipen
retipne
retiepn
retienp
retinep
retinpe
reteipn
reteinp
retepin
retepni
retenpi
retenip
retniep
retnipe
retneip
retnepi
retnpei
retnpie
reeptin
reeptni
reepitn
reepint
reepnit
reepnti
reetpin
reetpni
reetipn
reetinp
reetnip
reetnpi
reeitpn
reeitnp
reeiptn
reeipnt
reeinpt
reeintp
reentip
reentpi
reenitp
reenipt
reenpit
reenpti
renptei
renptie
renpeti
renpeit
renpiet
renpite
rentpei
rentpie
rentepi
renteip
rentiep
rentipe
renetpi
renetip
renepti
renepit
reneipt
reneitp
renitep
renitpe
renietp
reniept
renipet
renipte
rtiepen
rtiepne
rtieepn
rtieenp
rtienep
rtienpe
rtipeen
rtipene
rtipeen
rtipene
rtipnee
rtipnee
rtiepen
rtiepne
rtieepn
rtieenp
rtienep
rtienpe
rtinpee
rtinpee
rtinepe
rtineep
rtineep
rtinepe
rteipen
rteipne
rteiepn
rteienp
rteinep
rteinpe
rtepien
rtepine
rtepein
rtepeni
rtepnei
rtepnie
rteepin
rteepni
rteeipn
rteeinp
rteenip
rteenpi
rtenpei
rtenpie
rtenepi
rteneip
rteniep
rtenipe
rtpeien
rtpeine
rtpeein
rtpeeni
rtpenei
rtpenie
rtpieen
rtpiene
rtpieen
rtpiene
rtpinee
rtpinee
rtpeien
rtpeine
rtpeein
rtpeeni
rtpenei
rtpenie
rtpniee
rtpniee
rtpneie
rtpneei
rtpneei
rtpneie
rteepin
rteepni
rteeipn
rteeinp
rteenip
rteenpi
rtepein
rtepeni
rtepien
rtepine
rtepnie
rtepnei
rteipen
rteipne
rteiepn
rteienp
rteinep
rteinpe
rtenpie
rtenpei
rtenipe
rteniep
rteneip
rtenepi
rtnepei
rtnepie
rtneepi
rtneeip
rtneiep
rtneipe
rtnpeei
rtnpeie
rtnpeei
rtnpeie
rtnpiee
rtnpiee
rtnepei
rtnepie
rtneepi
rtneeip
rtneiep
rtneipe
rtnipee
rtnipee
rtniepe
rtnieep
rtnieep
rtniepe
reietpn
reietnp
reieptn
reiepnt
reienpt
reientp
reitepn
reitenp
reitpen
reitpne
reitnpe
reitnep
reipten
reiptne
reipetn
reipent
reipnet
reipnte
reintpe
reintep
reinpte
reinpet
reinept
reinetp
reeitpn
reeitnp
reeiptn
reeipnt
reeinpt
reeintp
reetipn
reetinp
reetpin
reetpni
reetnpi
reetnip
reeptin
reeptni
reepitn
reepint
reepnit
reepnti
reentpi
reentip
reenpti
reenpit
reenipt
reenitp
reteipn
reteinp
retepin
retepni
retenpi
retenip
retiepn
retienp
retipen
retipne
retinpe
retinep
retpien
retpine
retpein
retpeni
retpnei
retpnie
retnipe
retniep
retnpie
retnpei
retnepi
retneip
repetin
repetni
repeitn
repeint
repenit
repenti
reptein
repteni
reptien
reptine
reptnie
reptnei
repiten
repitne
repietn
repient
repinet
repinte
repntie
repntei
repnite
repniet
repneit
repneti
renetpi
renetip
renepti
renepit
reneipt
reneitp
rentepi
renteip
rentpei
rentpie
rentipe
rentiep
renptei
renptie
renpeti
renpeit
renpiet
renpite
renitpe
renitep
renipte
renipet
reniept
renietp
rnietep
rnietpe
rnieetp
rnieept
rniepet
rniepte
rniteep
rnitepe
rniteep
rnitepe
rnitpee
rnitpee
rnietep
rnietpe
rnieetp
rnieept
rniepet
rniepte
rniptee
rniptee
rnipete
rnipeet
rnipeet
rnipete
rneitep
rneitpe
rneietp
rneiept
rneipet
rneipte
rnetiep
rnetipe
rneteip
rnetepi
rnetpei
rnetpie
rneetip
rneetpi
rneeitp
rneeipt
rneepit
rneepti
rneptei
rneptie
rnepeti
rnepeit
rnepiet
rnepite
rnteiep
rnteipe
rnteeip
rnteepi
rntepei
rntepie
rntieep
rntiepe
rntieep
rntiepe
rntipee
rntipee
rnteiep
rnteipe
rnteeip
rnteepi
rntepei
rntepie
rntpiee
rntpiee
rntpeie
rntpeei
rntpeei
rntpeie
rneetip
rneetpi
rneeitp
rneeipt
rneepit
rneepti
rneteip
rnetepi
rnetiep
rnetipe
rnetpie
rnetpei
rneitep
rneitpe
rneietp
rneiept
rneipet
rneipte
rneptie
rneptei
rnepite
rnepiet
rnepeit
rnepeti
rnpetei
rnpetie
rnpeeti
rnpeeit
rnpeiet
rnpeite
rnpteei
rnpteie
rnpteei
rnpteie
rnptiee
rnptiee
rnpetei
rnpetie
rnpeeti
rnpeeit
rnpeiet
rnpeite
rnpitee
rnpitee
rnpiete
rnpieet
rnpieet
rnpiete
irpeten
irpetne
irpeetn
irpeent
irpenet
irpente
irpteen
irptene
irpteen
irptene
irptnee
irptnee
irpeten
irpetne
irpeetn
irpeent
irpenet
irpente
irpntee
irpntee
irpnete
irpneet
irpneet
irpnete
irepten
ireptne
irepetn
irepent
irepnet
irepnte
iretpen
iretpne
iretepn
iretenp
iretnep
iretnpe
ireetpn
ireetnp
ireeptn
ireepnt
ireenpt
ireentp
irentep
irentpe
irenetp
irenept
irenpet
irenpte
irtepen
irtepne
irteepn
irteenp
irtenep
irtenpe
irtpeen
irtpene
irtpeen
irtpene
irtpnee
irtpnee
irtepen
irtepne
irteepn
irteenp
irtenep
irtenpe
irtnpee
irtnpee
irtnepe
irtneep
irtneep
irtnepe
ireetpn
ireetnp
ireeptn
ireepnt
ireenpt
ireentp
iretepn
iretenp
iretpen
iretpne
iretnpe
iretnep
irepten
ireptne
irepetn
irepent
irepnet
irepnte
irentpe
irentep
irenpte
irenpet
irenept
irenetp
irnetep
irnetpe
irneetp
irneept
irnepet
irnepte
irnteep
irntepe
irnteep
irntepe
irntpee
irntpee
irnetep
irnetpe
irneetp
irneept
irnepet
irnepte
irnptee
irnptee
irnpete
irnpeet
irnpeet
irnpete
ipreten
ipretne
ipreetn
ipreent
iprenet
iprente
iprteen
iprtene
iprteen
iprtene
iprtnee
iprtnee
ipreten
ipretne
ipreetn
ipreent
iprenet
iprente
iprntee
iprntee
iprnete
iprneet
iprneet
iprnete
iperten
ipertne
iperetn
iperent
ipernet
ipernte
ipetren
ipetrne
ipetern
ipetenr
ipetner
ipetnre
ipeetrn
ipeetnr
ipeertn
ipeernt
ipeenrt
ipeentr
ipenter
ipentre
ipenetr
ipenert
ipenret
ipenrte
ipteren
ipterne
ipteern
ipteenr
iptener
iptenre
iptreen
iptrene
iptreen
iptrene
iptrnee
iptrnee
ipteren
ipterne
ipteern
ipteenr
iptener
iptenre
iptnree
iptnree
iptnere
iptneer
iptneer
iptnere
ipeetrn
ipeetnr
ipeertn
ipeernt
ipeenrt
ipeentr
ipetern
ipetenr
ipetren
ipetrne
ipetnre
ipetner
iperten
ipertne
iperetn
iperent
ipernet
ipernte
ipentre
ipenter
ipenrte
ipenret
ipenert
ipenetr
ipneter
ipnetre
ipneetr
ipneert
ipneret
ipnerte
ipnteer
ipntere
ipnteer
ipntere
ipntree
ipntree
ipneter
ipnetre
ipneetr
ipneert
ipneret
ipnerte
ipnrtee
ipnrtee
ipnrete
ipnreet
ipnreet
ipnrete
ieprten
ieprtne
iepretn
ieprent
ieprnet
ieprnte
ieptren
ieptrne
ieptern
ieptenr
ieptner
ieptnre
iepetrn
iepetnr
iepertn
iepernt
iepenrt
iepentr
iepnter
iepntre
iepnetr
iepnert
iepnret
iepnrte
ierpten
ierptne
ierpetn
ierpent
ierpnet
ierpnte
iertpen
iertpne
iertepn
iertenp
iertnep
iertnpe
ieretpn
ieretnp
iereptn
ierepnt
ierenpt
ierentp
ierntep
ierntpe
iernetp
iernept
iernpet
iernpte
ietrpen
ietrpne
ietrepn
ietrenp
ietrnep
ietrnpe
ietpren
ietprne
ietpern
ietpenr
ietpner
ietpnre
ieteprn
ietepnr
ieterpn
ieternp
ietenrp
ietenpr
ietnper
ietnpre
ietnepr
ietnerp
ietnrep
ietnrpe
ieertpn
ieertnp
ieerptn
ieerpnt
ieernpt
ieerntp
ieetrpn
ieetrnp
ieetprn
ieetpnr
ieetnpr
ieetnrp
ieeptrn
ieeptnr
ieeprtn
ieeprnt
ieepnrt
ieepntr
ieentpr
ieentrp
ieenptr
ieenprt
ieenrpt
ieenrtp
ienrtep
ienrtpe
ienretp
ienrept
ienrpet
ienrpte
ientrep
ientrpe
ienterp
ientepr
ientper
ientpre
ienetrp
ienetpr
ienertp
ienerpt
ieneprt
ieneptr
ienpter
ienptre
ienpetr
ienpert
ienpret
ienprte
itperen
itperne
itpeern
itpeenr
itpener
itpenre
itpreen
itprene
itpreen
itprene
itprnee
itprnee
itperen
itperne
itpeern
itpeenr
itpener
itpenre
itpnree
itpnree
itpnere
itpneer
itpneer
itpnere
itepren
iteprne
itepern
itepenr
itepner
itepnre
iterpen
iterpne
iterepn
iterenp
iternep
iternpe
iteerpn
iteernp
iteeprn
iteepnr
iteenpr
iteenrp
itenrep
itenrpe
itenerp
itenepr
itenper
itenpre
itrepen
itrepne
itreepn
itreenp
itrenep
itrenpe
itrpeen
itrpene
itrpeen
itrpene
itrpnee
itrpnee
itrepen
itrepne
itreepn
itreenp
itrenep
itrenpe
itrnpee
itrnpee
itrnepe
itrneep
itrneep
itrnepe
iteerpn
iteernp
iteeprn
iteepnr
iteenpr
iteenrp
iterepn
iterenp
iterpen
iterpne
iternpe
iternep
itepren
iteprne
itepern
itepenr
itepner
itepnre
itenrpe
itenrep
itenpre
itenper
itenepr
itenerp
itnerep
itnerpe
itneerp
itneepr
itneper
itnepre
itnreep
itnrepe
itnreep
itnrepe
itnrpee
itnrpee
itnerep
itnerpe
itneerp
itneepr
itneper
itnepre
itnpree
itnpree
itnpere
itnpeer
itnpeer
itnpere
iepetrn
iepetnr
iepertn
iepernt
iepenrt
iepentr
ieptern
ieptenr
ieptren
ieptrne
ieptnre
ieptner
ieprten
ieprtne
iepretn
ieprent
ieprnet
ieprnte
iepntre
iepnter
iepnrte
iepnret
iepnert
iepnetr
ieeptrn
ieeptnr
ieeprtn
ieeprnt
ieepnrt
ieepntr
ieetprn
ieetpnr
ieetrpn
ieetrnp
ieetnrp
ieetnpr
ieertpn
ieertnp
ieerptn
ieerpnt
ieernpt
ieerntp
ieentrp
ieentpr
ieenrtp
ieenrpt
ieenprt
ieenptr
ieteprn
ietepnr
ieterpn
ieternp
ietenrp
ietenpr
ietpern
ietpenr
ietpren
ietprne
ietpnre
ietpner
ietrpen
ietrpne
ietrepn
ietrenp
ietrnep
ietrnpe
ietnpre
ietnper
ietnrpe
ietnrep
ietnerp
ietnepr
ieretpn
ieretnp
iereptn
ierepnt
ierenpt
ierentp
iertepn
iertenp
iertpen
iertpne
iertnpe
iertnep
ierpten
ierptne
ierpetn
ierpent
ierpnet
ierpnte
ierntpe
ierntep
iernpte
iernpet
iernept
iernetp
ienetrp
ienetpr
ienertp
ienerpt
ieneprt
ieneptr
ienterp
ientepr
ientrep
ientrpe
ientpre
ientper
ienrtep
ienrtpe
ienretp
ienrept
ienrpet
ienrpte
ienptre
ienpter
ienprte
ienpret
ienpert
ienpetr
inpeter
inpetre
inpeetr
inpeert
inperet
inperte
inpteer
inptere
inpteer
inptere
inptree
inptree
inpeter
inpetre
inpeetr
inpeert
inperet
inperte
inprtee
inprtee
inprete
inpreet
inpreet
inprete
inepter
ineptre
inepetr
inepert
inepret
ineprte
inetper
inetpre
inetepr
ineterp
inetrep
inetrpe
ineetpr
ineetrp
ineeptr
ineeprt
ineerpt
ineertp
inertep
inertpe
ineretp
inerept
inerpet
inerpte
inteper
intepre
inteepr
inteerp
interep
interpe
intpeer
intpere
intpeer
intpere
intpree
intpree
inteper
intepre
inteepr
inteerp
interep
interpe
intrpee
intrpee
intrepe
intreep
intreep
intrepe
ineetpr
ineetrp
ineeptr
ineeprt
ineerpt
ineertp
inetepr
ineterp
inetper
inetpre
inetrpe
inetrep
inepter
ineptre
inepetr
inepert
inepret
ineprte
inertpe
inertep
inerpte
inerpet
inerept
ineretp
inretep
inretpe
inreetp
inreept
inrepet
inrepte
inrteep
inrtepe
inrteep
inrtepe
inrtpee
inrtpee
inretep
inretpe
inreetp
inreept
inrepet
inrepte
inrptee
inrptee
inrpete
inrpeet
inrpeet
inrpete
eripten
eriptne
eripetn
eripent
eripnet
eripnte
eritpen
eritpne
eritepn
eritenp
eritnep
eritnpe
erietpn
erietnp
erieptn
eriepnt
erienpt
erientp
erintep
erintpe
erinetp
erinept
erinpet
erinpte
erpiten
erpitne
erpietn
erpient
erpinet
erpinte
erptien
erptine
erptein
erpteni
erptnei
erptnie
erpetin
erpetni
erpeitn
erpeint
erpenit
erpenti
erpntei
erpntie
erpneti
erpneit
erpniet
erpnite
ertpien
ertpine
ertpein
ertpeni
ertpnei
ertpnie
ertipen
ertipne
ertiepn
ertienp
ertinep
ertinpe
erteipn
erteinp
ertepin
ertepni
ertenpi
ertenip
ertniep
ertnipe
ertneip
ertnepi
ertnpei
ertnpie
ereptin
ereptni
erepitn
erepint
erepnit
erepnti
eretpin
eretpni
eretipn
eretinp
eretnip
eretnpi
ereitpn
ereitnp
ereiptn
ereipnt
ereinpt
ereintp
erentip
erentpi
erenitp
erenipt
erenpit
erenpti
ernptei
ernptie
ernpeti
ernpeit
ernpiet
ernpite
erntpei
erntpie
erntepi
ernteip
erntiep
erntipe
ernetpi
ernetip
ernepti
ernepit
erneipt
erneitp
ernitep
ernitpe
ernietp
erniept
ernipet
ernipte
eirpten
eirptne
eirpetn
eirpent
eirpnet
eirpnte
eirtpen
eirtpne
eirtepn
eirtenp
eirtnep
eirtnpe
eiretpn
eiretnp
eireptn
eirepnt
eirenpt
eirentp
eirntep
eirntpe
eirnetp
eirnept
eirnpet
eirnpte
eiprten
eiprtne
eipretn
eiprent
eiprnet
eiprnte
eiptren
eiptrne
eiptern
eiptenr
eiptner
eiptnre
eipetrn
eipetnr
eipertn
eipernt
eipenrt
eipentr
eipnter
eipntre
eipnetr
eipnert
eipnret
eipnrte
eitpren
eitprne
eitpern
eitpenr
eitpner
eitpnre
eitrpen
eitrpne
eitrepn
eitrenp
eitrnep
eitrnpe
eiterpn
eiternp
eiteprn
eitepnr
eitenpr
eitenrp
eitnrep
eitnrpe
eitnerp
eitnepr
eitnper
eitnpre
eieptrn
eieptnr
eieprtn
eieprnt
eiepnrt
eiepntr
eietprn
eietpnr
eietrpn
eietrnp
eietnrp
eietnpr
eiertpn
eiertnp
eierptn
eierpnt
eiernpt
eierntp
eientrp
eientpr
eienrtp
eienrpt
eienprt
eienptr
einpter
einptre
einpetr
einpert
einpret
einprte
eintper
eintpre
eintepr
einterp
eintrep
eintrpe
einetpr
einetrp
eineptr
eineprt
einerpt
einertp
einrtep
einrtpe
einretp
einrept
einrpet
einrpte
epirten
epirtne
epiretn
epirent
epirnet
epirnte
epitren
epitrne
epitern
epitenr
epitner
epitnre
epietrn
epietnr
epiertn
epiernt
epienrt
epientr
epinter
epintre
epinetr
epinert
epinret
epinrte
epriten
epritne
eprietn
eprient
eprinet
eprinte
eprtien
eprtine
eprtein
eprteni
eprtnei
eprtnie
epretin
epretni
epreitn
epreint
eprenit
eprenti
eprntei
eprntie
eprneti
eprneit
eprniet
eprnite
eptrien
eptrine
eptrein
eptreni
eptrnei
eptrnie
eptiren
eptirne
eptiern
eptienr
eptiner
eptinre
epteirn
epteinr
epterin
epterni
eptenri
eptenir
eptnier
eptnire
eptneir
eptneri
eptnrei
eptnrie
epertin
epertni
eperitn
eperint
epernit
epernti
epetrin
epetrni
epetirn
epetinr
epetnir
epetnri
epeitrn
epeitnr
epeirtn
epeirnt
epeinrt
epeintr
epentir
epentri
epenitr
epenirt
epenrit
epenrti
epnrtei
epnrtie
epnreti
epnreit
epnriet
epnrite
epntrei
epntrie
epnteri
epnteir
epntier
epntire
epnetri
epnetir
epnerti
epnerit
epneirt
epneitr
epniter
epnitre
epnietr
epniert
epniret
epnirte
etipren
etiprne
etipern
etipenr
etipner
etipnre
etirpen
etirpne
etirepn
etirenp
etirnep
etirnpe
etierpn
etiernp
etieprn
etiepnr
etienpr
etienrp
etinrep
etinrpe
etinerp
etinepr
etinper
etinpre
etpiren
etpirne
etpiern
etpienr
etpiner
etpinre
etprien
etprine
etprein
etpreni
etprnei
etprnie
etperin
etperni
etpeirn
etpeinr
etpenir
etpenri
etpnrei
etpnrie
etpneri
etpneir
etpnier
etpnire
etrpien
etrpine
etrpein
etrpeni
etrpnei
etrpnie
etripen
etripne
etriepn
etrienp
etrinep
etrinpe
etreipn
etreinp
etrepin
etrepni
etrenpi
etrenip
etrniep
etrnipe
etrneip
etrnepi
etrnpei
etrnpie
eteprin
eteprni
etepirn
etepinr
etepnir
etepnri
eterpin
eterpni
eteripn
eterinp
eternip
eternpi
eteirpn
eteirnp
eteiprn
eteipnr
eteinpr
eteinrp
etenrip
etenrpi
etenirp
etenipr
etenpir
etenpri
etnprei
etnprie
etnperi
etnpeir
etnpier
etnpire
etnrpei
etnrpie
etnrepi
etnreip
etnriep
etnripe
etnerpi
etnerip
etnepri
etnepir
etneipr
etneirp
etnirep
etnirpe
etnierp
etniepr
etniper
etnipre
eeiptrn
eeiptnr
eeiprtn
eeiprnt
eeipnrt
eeipntr
eeitprn
eeitpnr
eeitrpn
eeitrnp
eeitnrp
eeitnpr
eeirtpn
eeirtnp
eeirptn
eeirpnt
eeirnpt
eeirntp
eeintrp
eeintpr
eeinrtp
eeinrpt
eeinprt
eeinptr
eepitrn
eepitnr
eepirtn
eepirnt
eepinrt
eepintr
eeptirn
eeptinr
eeptrin
eeptrni
eeptnri
eeptnir
eeprtin
eeprtni
eepritn
eeprint
eeprnit
eeprnti
eepntri
eepntir
eepnrti
eepnrit
eepnirt
eepnitr
eetpirn
eetpinr
eetprin
eetprni
eetpnri
eetpnir
eetiprn
eetipnr
eetirpn
eetirnp
eetinrp
eetinpr
eetripn
eetrinp
eetrpin
eetrpni
eetrnpi
eetrnip
eetnirp
eetnipr
eetnrip
eetnrpi
eetnpri
eetnpir
eerptin
eerptni
eerpitn
eerpint
eerpnit
eerpnti
eertpin
eertpni
eertipn
eertinp
eertnip
eertnpi
eeritpn
eeritnp
eeriptn
eeripnt
eerinpt
eerintp
eerntip
eerntpi
eernitp
eernipt
eernpit
eernpti
eenptri
eenptir
eenprti
eenprit
eenpirt
eenpitr
eentpri
eentpir
eentrpi
eentrip
eentirp
eentipr
eenrtpi
eenrtip
eenrpti
eenrpit
eenript
eenritp
eenitrp
eenitpr
eenirtp
eenirpt
eeniprt
eeniptr
enipter
eniptre
enipetr
enipert
enipret
eniprte
enitper
enitpre
enitepr
eniterp
enitrep
enitrpe
enietpr
enietrp
enieptr
enieprt
enierpt
eniertp
enirtep
enirtpe
eniretp
enirept
enirpet
enirpte
enpiter
enpitre
enpietr
enpiert
enpiret
enpirte
enptier
enptire
enpteir
enpteri
enptrei
enptrie
enpetir
enpetri
enpeitr
enpeirt
enperit
enperti
enprtei
enprtie
enpreti
enpreit
enpriet
enprite
entpier
entpire
entpeir
entperi
entprei
entprie
entiper
entipre
entiepr
entierp
entirep
entirpe
enteipr
enteirp
entepir
entepri
enterpi
enterip
entriep
entripe
entreip
entrepi
entrpei
entrpie
eneptir
eneptri
enepitr
enepirt
eneprit
eneprti
enetpir
enetpri
enetipr
enetirp
enetrip
enetrpi
eneitpr
eneitrp
eneiptr
eneiprt
eneirpt
eneirtp
enertip
enertpi
eneritp
eneript
enerpit
enerpti
enrptei
enrptie
enrpeti
enrpeit
enrpiet
enrpite
enrtpei
enrtpie
enrtepi
enrteip
enrtiep
enrtipe
enretpi
enretip
enrepti
enrepit
enreipt
enreitp
enritep
enritpe
enrietp
enriept
enripet
enripte
triepen
triepne
trieepn
trieenp
trienep
trienpe
tripeen
tripene
tripeen
tripene
tripnee
tripnee
triepen
triepne
trieepn
trieenp
trienep
trienpe
trinpee
trinpee
trinepe
trineep
trineep
trinepe
treipen
treipne
treiepn
treienp
treinep
treinpe
trepien
trepine
trepein
trepeni
trepnei
trepnie
treepin
treepni
treeipn
treeinp
treenip
treenpi
trenpei
trenpie
trenepi
treneip
treniep
trenipe
trpeien
trpeine
trpeein
trpeeni
trpenei
trpenie
trpieen
trpiene
trpieen
trpiene
trpinee
trpinee
trpeien
trpeine
trpeein
trpeeni
trpenei
trpenie
trpniee
trpniee
trpneie
trpneei
trpneei
trpneie
treepin
treepni
treeipn
treeinp
treenip
treenpi
trepein
trepeni
trepien
trepine
trepnie
trepnei
treipen
treipne
treiepn
treienp
treinep
treinpe
trenpie
trenpei
trenipe
treniep
treneip
trenepi
trnepei
trnepie
trneepi
trneeip
trneiep
trneipe
trnpeei
trnpeie
trnpeei
trnpeie
trnpiee
trnpiee
trnepei
trnepie
trneepi
trneeip
trneiep
trneipe
trnipee
trnipee
trniepe
trnieep
trnieep
trniepe
tirepen
tirepne
tireepn
tireenp
tirenep
tirenpe
tirpeen
tirpene
tirpeen
tirpene
tirpnee
tirpnee
tirepen
tirepne
tireepn
tireenp
tirenep
tirenpe
tirnpee
tirnpee
tirnepe
tirneep
tirneep
tirnepe
tierpen
tierpne
tierepn
tierenp
tiernep
tiernpe
tiepren
tieprne
tiepern
tiepenr
tiepner
tiepnre
tieeprn
tieepnr
tieerpn
tieernp
tieenrp
tieenpr
tienper
tienpre
tienepr
tienerp
tienrep
tienrpe
tiperen
tiperne
tipeern
tipeenr
tipener
tipenre
tipreen
tiprene
tipreen
tiprene
tiprnee
tiprnee
tiperen
tiperne
tipeern
tipeenr
tipener
tipenre
tipnree
tipnree
tipnere
tipneer
tipneer
tipnere
tieeprn
tieepnr
tieerpn
tieernp
tieenrp
tieenpr
tiepern
tiepenr
tiepren
tieprne
tiepnre
tiepner
tierpen
tierpne
tierepn
tierenp
tiernep
tiernpe
tienpre
tienper
tienrpe
tienrep
tienerp
tienepr
tineper
tinepre
tineepr
tineerp
tinerep
tinerpe
tinpeer
tinpere
tinpeer
tinpere
tinpree
tinpree
tineper
tinepre
tineepr
tineerp
tinerep
tinerpe
tinrpee
tinrpee
tinrepe
tinreep
tinreep
tinrepe
teirpen
teirpne
teirepn
teirenp
teirnep
teirnpe
teipren
teiprne
teipern
teipenr
teipner
teipnre
teieprn
teiepnr
teierpn
teiernp
teienrp
teienpr
teinper
teinpre
teinepr
teinerp
teinrep
teinrpe
teripen
teripne
teriepn
terienp
terinep
terinpe
terpien
terpine
terpein
terpeni
terpnei
terpnie
terepin
terepni
tereipn
tereinp
terenip
terenpi
ternpei
ternpie
ternepi
terneip
terniep
ternipe
teprien
teprine
teprein
tepreni
teprnei
teprnie
tepiren
tepirne
tepiern
tepienr
tepiner
tepinre
tepeirn
tepeinr
teperin
teperni
tepenri
tepenir
tepnier
tepnire
tepneir
tepneri
tepnrei
tepnrie
teerpin
teerpni
teeripn
teerinp
teernip
teernpi
teeprin
teeprni
teepirn
teepinr
teepnir
teepnri
teeiprn
teeipnr
teeirpn
teeirnp
teeinrp
teeinpr
teenpir
teenpri
teenipr
teenirp
teenrip
teenrpi
tenrpei
tenrpie
tenrepi
tenreip
tenriep
tenripe
tenprei
tenprie
tenperi
tenpeir
tenpier
tenpire
tenepri
tenepir
tenerpi
tenerip
teneirp
teneipr
teniper
tenipre
teniepr
tenierp
tenirep
tenirpe
tpieren
tpierne
tpieern
tpieenr
tpiener
tpienre
tpireen
tpirene
tpireen
tpirene
tpirnee
tpirnee
tpieren
tpierne
tpieern
tpieenr
tpiener
tpienre
tpinree
tpinree
tpinere
tpineer
tpineer
tpinere
tpeiren
tpeirne
tpeiern
tpeienr
tpeiner
tpeinre
tperien
tperine
tperein
tpereni
tpernei
tpernie
tpeerin
tpeerni
tpeeirn
tpeeinr
tpeenir
tpeenri
tpenrei
tpenrie
tpeneri
tpeneir
tpenier
tpenire
tpreien
tpreine
tpreein
tpreeni
tprenei
tprenie
tprieen
tpriene
tprieen
tpriene
tprinee
tprinee
tpreien
tpreine
tpreein
tpreeni
tprenei
tprenie
tprniee
tprniee
tprneie
tprneei
tprneei
tprneie
tpeerin
tpeerni
tpeeirn
tpeeinr
tpeenir
tpeenri
tperein
tpereni
tperien
tperine
tpernie
tpernei
tpeiren
tpeirne
tpeiern
tpeienr
tpeiner
tpeinre
tpenrie
tpenrei
tpenire
tpenier
tpeneir
tpeneri
tpnerei
tpnerie
tpneeri
tpneeir
tpneier
tpneire
tpnreei
tpnreie
tpnreei
tpnreie
tpnriee
tpnriee
tpnerei
tpnerie
tpneeri
tpneeir
tpneier
tpneire
tpniree
tpniree
tpniere
tpnieer
tpnieer
tpniere
teieprn
teiepnr
teierpn
teiernp
teienrp
teienpr
teipern
teipenr
teipren
teiprne
teipnre
teipner
teirpen
teirpne
teirepn
teirenp
teirnep
teirnpe
teinpre
teinper
teinrpe
teinrep
teinerp
teinepr
teeiprn
teeipnr
teeirpn
teeirnp
teeinrp
teeinpr
teepirn
teepinr
teeprin
teeprni
teepnri
teepnir
teerpin
teerpni
teeripn
teerinp
teernip
teernpi
teenpri
teenpir
teenrpi
teenrip
teenirp
teenipr
tepeirn
tepeinr
teperin
teperni
tepenri
tepenir
tepiern
tepienr
tepiren
tepirne
tepinre
tepiner
teprien
teprine
teprein
tepreni
teprnei
teprnie
tepnire
tepnier
tepnrie
tepnrei
tepneri
tepneir
terepin
terepni
tereipn
tereinp
terenip
terenpi
terpein
terpeni
terpien
terpine
terpnie
terpnei
teripen
teripne
teriepn
terienp
terinep
terinpe
ternpie
ternpei
ternipe
terniep
terneip
ternepi
tenepri
tenepir
tenerpi
tenerip
teneirp
teneipr
tenperi
tenpeir
tenprei
tenprie
tenpire
tenpier
tenrpei
tenrpie
tenrepi
tenreip
tenriep
tenripe
tenipre
teniper
tenirpe
tenirep
tenierp
teniepr
tnieper
tniepre
tnieepr
tnieerp
tnierep
tnierpe
tnipeer
tnipere
tnipeer
tnipere
tnipree
tnipree
tnieper
tniepre
tnieepr
tnieerp
tnierep
tnierpe
tnirpee
tnirpee
tnirepe
tnireep
tnireep
tnirepe
tneiper
tneipre
tneiepr
tneierp
tneirep
tneirpe
tnepier
tnepire
tnepeir
tneperi
tneprei
tneprie
tneepir
tneepri
tneeipr
tneeirp
tneerip
tneerpi
tnerpei
tnerpie
tnerepi
tnereip
tneriep
tneripe
tnpeier
tnpeire
tnpeeir
tnpeeri
tnperei
tnperie
tnpieer
tnpiere
tnpieer
tnpiere
tnpiree
tnpiree
tnpeier
tnpeire
tnpeeir
tnpeeri
tnperei
tnperie
tnpriee
tnpriee
tnpreie
tnpreei
tnpreei
tnpreie
tneepir
tneepri
tneeipr
tneeirp
tneerip
tneerpi
tnepeir
tneperi
tnepier
tnepire
tneprie
tneprei
tneiper
tneipre
tneiepr
tneierp
tneirep
tneirpe
tnerpie
tnerpei
tneripe
tneriep
tnereip
tnerepi
tnrepei
tnrepie
tnreepi
tnreeip
tnreiep
tnreipe
tnrpeei
tnrpeie
tnrpeei
tnrpeie
tnrpiee
tnrpiee
tnrepei
tnrepie
tnreepi
tnreeip
tnreiep
tnreipe
tnripee
tnripee
tnriepe
tnrieep
tnrieep
tnriepe
erietpn
erietnp
erieptn
eriepnt
erienpt
erientp
eritepn
eritenp
eritpen
eritpne
eritnpe
eritnep
eripten
eriptne
eripetn
eripent
eripnet
eripnte
erintpe
erintep
erinpte
erinpet
erinept
erinetp
ereitpn
ereitnp
ereiptn
ereipnt
ereinpt
ereintp
eretipn
eretinp
eretpin
eretpni
eretnpi
eretnip
ereptin
ereptni
erepitn
erepint
erepnit
erepnti
erentpi
erentip
erenpti
erenpit
erenipt
erenitp
erteipn
erteinp
ertepin
ertepni
ertenpi
ertenip
ertiepn
ertienp
ertipen
ertipne
ertinpe
ertinep
ertpien
ertpine
ertpein
ertpeni
ertpnei
ertpnie
ertnipe
ertniep
ertnpie
ertnpei
ertnepi
ertneip
erpetin
erpetni
erpeitn
erpeint
erpenit
erpenti
erptein
erpteni
erptien
erptine
erptnie
erptnei
erpiten
erpitne
erpietn
erpient
erpinet
erpinte
erpntie
erpntei
erpnite
erpniet
erpneit
erpneti
ernetpi
ernetip
ernepti
ernepit
erneipt
erneitp
erntepi
ernteip
erntpei
erntpie
erntipe
erntiep
ernptei
ernptie
ernpeti
ernpeit
ernpiet
ernpite
ernitpe
ernitep
ernipte
ernipet
erniept
ernietp
eiretpn
eiretnp
eireptn
eirepnt
eirenpt
eirentp
eirtepn
eirtenp
eirtpen
eirtpne
eirtnpe
eirtnep
eirpten
eirptne
eirpetn
eirpent
eirpnet
eirpnte
eirntpe
eirntep
eirnpte
eirnpet
eirnept
eirnetp
eiertpn
eiertnp
eierptn
eierpnt
eiernpt
eierntp
eietrpn
eietrnp
eietprn
eietpnr
eietnpr
eietnrp
eieptrn
eieptnr
eieprtn
eieprnt
eiepnrt
eiepntr
eientpr
eientrp
eienptr
eienprt
eienrpt
eienrtp
eiterpn
eiternp
eiteprn
eitepnr
eitenpr
eitenrp
eitrepn
eitrenp
eitrpen
eitrpne
eitrnpe
eitrnep
eitpren
eitprne
eitpern
eitpenr
eitpner
eitpnre
eitnrpe
eitnrep
eitnpre
eitnper
eitnepr
eitnerp
eipetrn
eipetnr
eipertn
eipernt
eipenrt
eipentr
eiptern
eiptenr
eiptren
eiptrne
eiptnre
eiptner
eiprten
eiprtne
eipretn
eiprent
eiprnet
eiprnte
eipntre
eipnter
eipnrte
eipnret
eipnert
eipnetr
einetpr
einetrp
eineptr
eineprt
einerpt
einertp
eintepr
einterp
eintper
eintpre
eintrpe
eintrep
einpter
einptre
einpetr
einpert
einpret
einprte
einrtpe
einrtep
einrpte
einrpet
einrept
einretp
eeirtpn
eeirtnp
eeirptn
eeirpnt
eeirnpt
eeirntp
eeitrpn
eeitrnp
eeitprn
eeitpnr
eeitnpr
eeitnrp
eeiptrn
eeiptnr
eeiprtn
eeiprnt
eeipnrt
eeipntr
eeintpr
eeintrp
eeinptr
eeinprt
eeinrpt
eeinrtp
eeritpn
eeritnp
eeriptn
eeripnt
eerinpt
eerintp
eertipn
eertinp
eertpin
eertpni
eertnpi
eertnip
eerptin
eerptni
eerpitn
eerpint
eerpnit
eerpnti
eerntpi
eerntip
eernpti
eernpit
eernipt
eernitp
eetripn
eetrinp
eetrpin
eetrpni
eetrnpi
eetrnip
eetirpn
eetirnp
eetiprn
eetipnr
eetinpr
eetinrp
eetpirn
eetpinr
eetprin
eetprni
eetpnri
eetpnir
eetnipr
eetnirp
eetnpir
eetnpri
eetnrpi
eetnrip
eeprtin
eeprtni
eepritn
eeprint
eeprnit
eeprnti
eeptrin
eeptrni
eeptirn
eeptinr
eeptnir
eeptnri
eepitrn
eepitnr
eepirtn
eepirnt
eepinrt
eepintr
eepntir
eepntri
eepnitr
eepnirt
eepnrit
eepnrti
eenrtpi
eenrtip
eenrpti
eenrpit
eenript
eenritp
eentrpi
eentrip
eentpri
eentpir
eentipr
eentirp
eenptri
eenptir
eenprti
eenprit
eenpirt
eenpitr
eenitpr
eenitrp
eeniptr
eeniprt
eenirpt
eenirtp
etierpn
etiernp
etieprn
etiepnr
etienpr
etienrp
etirepn
etirenp
etirpen
etirpne
etirnpe
etirnep
etipren
etiprne
etipern
etipenr
etipner
etipnre
etinrpe
etinrep
etinpre
etinper
etinepr
etinerp
eteirpn
eteirnp
eteiprn
eteipnr
eteinpr
eteinrp
eteripn
eterinp
eterpin
eterpni
eternpi
eternip
eteprin
eteprni
etepirn
etepinr
etepnir
etepnri
etenrpi
etenrip
etenpri
etenpir
etenipr
etenirp
etreipn
etreinp
etrepin
etrepni
etrenpi
etrenip
etriepn
etrienp
etripen
etripne
etrinpe
etrinep
etrpien
etrpine
etrpein
etrpeni
etrpnei
etrpnie
etrnipe
etrniep
etrnpie
etrnpei
etrnepi
etrneip
etperin
etperni
etpeirn
etpeinr
etpenir
etpenri
etprein
etpreni
etprien
etprine
etprnie
etprnei
etpiren
etpirne
etpiern
etpienr
etpiner
etpinre
etpnrie
etpnrei
etpnire
etpnier
etpneir
etpneri
etnerpi
etnerip
etnepri
etnepir
etneipr
etneirp
etnrepi
etnreip
etnrpei
etnrpie
etnripe
etnriep
etnprei
etnprie
etnperi
etnpeir
etnpier
etnpire
etnirpe
etnirep
etnipre
etniper
etniepr
etnierp
epietrn
epietnr
epiertn
epiernt
epienrt
epientr
epitern
epitenr
epitren
epitrne
epitnre
epitner
epirten
epirtne
epiretn
epirent
epirnet
epirnte
epintre
epinter
epinrte
epinret
epinert
epinetr
epeitrn
epeitnr
epeirtn
epeirnt
epeinrt
epeintr
epetirn
epetinr
epetrin
epetrni
epetnri
epetnir
epertin
epertni
eperitn
eperint
epernit
epernti
epentri
epentir
epenrti
epenrit
epenirt
epenitr
epteirn
epteinr
epterin
epterni
eptenri
eptenir
eptiern
eptienr
eptiren
eptirne
eptinre
eptiner
eptrien
eptrine
eptrein
eptreni
eptrnei
eptrnie
eptnire
eptnier
eptnrie
eptnrei
eptneri
eptneir
epretin
epretni
epreitn
epreint
eprenit
eprenti
eprtein
eprteni
eprtien
eprtine
eprtnie
eprtnei
epriten
epritne
eprietn
eprient
eprinet
eprinte
eprntie
eprntei
eprnite
eprniet
eprneit
eprneti
epnetri
epnetir
epnerti
epnerit
epneirt
epneitr
epnteri
epnteir
epntrei
epntrie
epntire
epntier
epnrtei
epnrtie
epnreti
epnreit
epnriet
epnrite
epnitre
epniter
epnirte
epniret
epniert
epnietr
enietpr
enietrp
enieptr
enieprt
enierpt
eniertp
enitepr
eniterp
enitper
enitpre
enitrpe
enitrep
enipter
eniptre
enipetr
enipert
enipret
eniprte
enirtpe
enirtep
enirpte
enirpet
enirept
eniretp
eneitpr
eneitrp
eneiptr
eneiprt
eneirpt
eneirtp
enetipr
enetirp
enetpir
enetpri
enetrpi
enetrip
eneptir
eneptri
enepitr
enepirt
eneprit
eneprti
enertpi
enertip
enerpti
enerpit
eneript
eneritp
enteipr
enteirp
entepir
entepri
enterpi
enterip
entiepr
entierp
entiper
entipre
entirpe
entirep
entpier
entpire
entpeir
entperi
entprei
entprie
entripe
entriep
entrpie
entrpei
entrepi
entreip
enpetir
enpetri
enpeitr
enpeirt
enperit
enperti
enpteir
enpteri
enptier
enptire
enptrie
enptrei
enpiter
enpitre
enpietr
enpiert
enpiret
enpirte
enprtie
enprtei
enprite
enpriet
enpreit
enpreti
enretpi
enretip
enrepti
enrepit
enreipt
enreitp
enrtepi
enrteip
enrtpei
enrtpie
enrtipe
enrtiep
enrptei
enrptie
enrpeti
enrpeit
enrpiet
enrpite
enritpe
enritep
enripte
enripet
enriept
enrietp
nrietep
nrietpe
nrieetp
nrieept
nriepet
nriepte
nriteep
nritepe
nriteep
nritepe
nritpee
nritpee
nrietep
nrietpe
nrieetp
nrieept
nriepet
nriepte
nriptee
nriptee
nripete
nripeet
nripeet
nripete
nreitep
nreitpe
nreietp
nreiept
nreipet
nreipte
nretiep
nretipe
nreteip
nretepi
nretpei
nretpie
nreetip
nreetpi
nreeitp
nreeipt
nreepit
nreepti
nreptei
nreptie
nrepeti
nrepeit
nrepiet
nrepite
nrteiep
nrteipe
nrteeip
nrteepi
nrtepei
nrtepie
nrtieep
nrtiepe
nrtieep
nrtiepe
nrtipee
nrtipee
nrteiep
nrteipe
nrteeip
nrteepi
nrtepei
nrtepie
nrtpiee
nrtpiee
nrtpeie
nrtpeei
nrtpeei
nrtpeie
nreetip
nreetpi
nreeitp
nreeipt
nreepit
nreepti
nreteip
nretepi
nretiep
nretipe
nretpie
nretpei
nreitep
nreitpe
nreietp
nreiept
nreipet
nreipte
nreptie
nreptei
nrepite
nrepiet
nrepeit
nrepeti
nrpetei
nrpetie
nrpeeti
nrpeeit
nrpeiet
nrpeite
nrpteei
nrpteie
nrpteei
nrpteie
nrptiee
nrptiee
nrpetei
nrpetie
nrpeeti
nrpeeit
nrpeiet
nrpeite
nrpitee
nrpitee
nrpiete
nrpieet
nrpieet
nrpiete
niretep
niretpe
nireetp
nireept
nirepet
nirepte
nirteep
nirtepe
nirteep
nirtepe
nirtpee
nirtpee
niretep
niretpe
nireetp
nireept
nirepet
nirepte
nirptee
nirptee
nirpete
nirpeet
nirpeet
nirpete
niertep
niertpe
nieretp
nierept
nierpet
nierpte
nietrep
nietrpe
nieterp
nietepr
nietper
nietpre
nieetrp
nieetpr
nieertp
nieerpt
nieeprt
nieeptr
niepter
nieptre
niepetr
niepert
niepret
nieprte
niterep
niterpe
niteerp
niteepr
niteper
nitepre
nitreep
nitrepe
nitreep
nitrepe
nitrpee
nitrpee
niterep
niterpe
niteerp
niteepr
niteper
nitepre
nitpree
nitpree
nitpere
nitpeer
nitpeer
nitpere
nieetrp
nieetpr
nieertp
nieerpt
nieeprt
nieeptr
nieterp
nietepr
nietrep
nietrpe
nietpre
nietper
niertep
niertpe
nieretp
nierept
nierpet
nierpte
nieptre
niepter
nieprte
niepret
niepert
niepetr
nipeter
nipetre
nipeetr
nipeert
niperet
niperte
nipteer
niptere
nipteer
niptere
niptree
niptree
nipeter
nipetre
nipeetr
nipeert
niperet
niperte
niprtee
niprtee
niprete
nipreet
nipreet
niprete
neirtep
neirtpe
neiretp
neirept
neirpet
neirpte
neitrep
neitrpe
neiterp
neitepr
neitper
neitpre
neietrp
neietpr
neiertp
neierpt
neieprt
neieptr
neipter
neiptre
neipetr
neipert
neipret
neiprte
neritep
neritpe
nerietp
neriept
neripet
neripte
nertiep
nertipe
nerteip
nertepi
nertpei
nertpie
neretip
neretpi
nereitp
nereipt
nerepit
nerepti
nerptei
nerptie
nerpeti
nerpeit
nerpiet
nerpite
netriep
netripe
netreip
netrepi
netrpei
netrpie
netirep
netirpe
netierp
netiepr
netiper
netipre
neteirp
neteipr
neterip
neterpi
netepri
netepir
netpier
netpire
netpeir
netperi
netprei
netprie
neertip
neertpi
neeritp
neeript
neerpit
neerpti
neetrip
neetrpi
neetirp
neetipr
neetpir
neetpri
neeitrp
neeitpr
neeirtp
neeirpt
neeiprt
neeiptr
neeptir
neeptri
neepitr
neepirt
neeprit
neeprti
neprtei
neprtie
nepreti
nepreit
nepriet
neprite
neptrei
neptrie
nepteri
nepteir
neptier
neptire
nepetri
nepetir
neperti
neperit
nepeirt
nepeitr
nepiter
nepitre
nepietr
nepiert
nepiret
nepirte
ntierep
ntierpe
ntieerp
ntieepr
ntieper
ntiepre
ntireep
ntirepe
ntireep
ntirepe
ntirpee
ntirpee
ntierep
ntierpe
ntieerp
ntieepr
ntieper
ntiepre
ntipree
ntipree
ntipere
ntipeer
ntipeer
ntipere
nteirep
nteirpe
nteierp
nteiepr
nteiper
nteipre
nteriep
nteripe
ntereip
nterepi
nterpei
nterpie
nteerip
nteerpi
nteeirp
nteeipr
nteepir
nteepri
nteprei
nteprie
nteperi
ntepeir
ntepier
ntepire
ntreiep
ntreipe
ntreeip
ntreepi
ntrepei
ntrepie
ntrieep
ntriepe
ntrieep
ntriepe
ntripee
ntripee
ntreiep
ntreipe
ntreeip
ntreepi
ntrepei
ntrepie
ntrpiee
ntrpiee
ntrpeie
ntrpeei
ntrpeei
ntrpeie
nteerip
nteerpi
nteeirp
nteeipr
nteepir
nteepri
ntereip
nterepi
nteriep
nteripe
nterpie
nterpei
nteirep
nteirpe
nteierp
nteiepr
nteiper
nteipre
nteprie
nteprei
ntepire
ntepier
ntepeir
nteperi
ntperei
ntperie
ntpeeri
ntpeeir
ntpeier
ntpeire
ntpreei
ntpreie
ntpreei
ntpreie
ntpriee
ntpriee
ntperei
ntperie
ntpeeri
ntpeeir
ntpeier
ntpeire
ntpiree
ntpiree
ntpiere
ntpieer
ntpieer
ntpiere
neietrp
neietpr
neiertp
neierpt
neieprt
neieptr
neiterp
neitepr
neitrep
neitrpe
neitpre
neitper
neirtep
neirtpe
neiretp
neirept
neirpet
neirpte
neiptre
neipter
neiprte
neipret
neipert
neipetr
neeitrp
neeitpr
neeirtp
neeirpt
neeiprt
neeiptr
neetirp
neetipr
neetrip
neetrpi
neetpri
neetpir
neertip
neertpi
neeritp
neeript
neerpit
neerpti
neeptri
neeptir
neeprti
neeprit
neepirt
neepitr
neteirp
neteipr
neterip
neterpi
netepri
netepir
netierp
netiepr
netirep
netirpe
netipre
netiper
netriep
netripe
netreip
netrepi
netrpei
netrpie
netpire
netpier
netprie
netprei
netperi
netpeir
neretip
neretpi
nereitp
nereipt
nerepit
nerepti
nerteip
nertepi
nertiep
nertipe
nertpie
nertpei
neritep
neritpe
nerietp
neriept
neripet
neripte
nerptie
nerptei
nerpite
nerpiet
nerpeit
nerpeti
nepetri
nepetir
neperti
neperit
nepeirt
nepeitr
nepteri
nepteir
neptrei
neptrie
neptire
neptier
neprtei
neprtie
nepreti
nepreit
nepriet
neprite
nepitre
nepiter
nepirte
nepiret
nepiert
nepietr
npieter
npietre
npieetr
npieert
npieret
npierte
npiteer
npitere
npiteer
npitere
npitree
npitree
npieter
npietre
npieetr
npieert
npieret
npierte
npirtee
npirtee
npirete
npireet
npireet
npirete
npeiter
npeitre
npeietr
npeiert
npeiret
npeirte
npetier
npetire
npeteir
npeteri
npetrei
npetrie
npeetir
npeetri
npeeitr
npeeirt
npeerit
npeerti
npertei
npertie
npereti
npereit
nperiet
nperite
npteier
npteire
npteeir
npteeri
npterei
npterie
nptieer
nptiere
nptieer
nptiere
nptiree
nptiree
npteier
npteire
npteeir
npteeri
npterei
npterie
nptriee
nptriee
nptreie
nptreei
nptreei
nptreie
npeetir
npeetri
npeeitr
npeeirt
npeerit
npeerti
npeteir
npeteri
npetier
npetire
npetrie
npetrei
npeiter
npeitre
npeietr
npeiert
npeiret
npeirte
npertie
npertei
nperite
nperiet
npereit
npereti
npretei
npretie
npreeti
npreeit
npreiet
npreite
nprteei
nprteie
nprteei
nprteie
nprtiee
nprtiee
npretei
npretie
npreeti
npreeit
npreiet
npreite
npritee
npritee
npriete
nprieet
nprieet
npriete
