283146
283146
rainbow
rainbwo
rainobw
rainowb
rainwob
rainwbo
raibnow
raibnwo
raibonw
raibown
raibwon
raibwno
raiobnw
raiobwn
raionbw
raionwb
raiownb
raiowbn
raiwbon
raiwbno
raiwobn
raiwonb
raiwnob
raiwnbo
ranibow
ranibwo
raniobw
raniowb
raniwob
raniwbo
ranbiow
ranbiwo
ranboiw
ranbowi
ranbwoi
ranbwio
ranobiw
ranobwi
ranoibw
ranoiwb
ranowib
ranowbi
ranwboi
ranwbio
ranwobi
ranwoib
ranwiob
ranwibo
rabniow
rabniwo
rabnoiw
rabnowi
rabnwoi
rabnwio
rabinow
rabinwo
rabionw
rabiown
rabiwon
rabiwno
raboinw
raboiwn
raboniw
rabonwi
rabowni
rabowin
rabwion
rabwino
rabwoin
rabwoni
rabwnoi
rabwnio
raonbiw
raonbwi
raonibw
raoniwb
raonwib
raonwbi
raobniw
raobnwi
raobinw
raobiwn
raobwin
raobwni
raoibnw
raoibwn
raoinbw
raoinwb
raoiwnb
raoiwbn
raowbin
raowbni
raowibn
raowinb
raownib
raownbi
rawnboi
rawnbio
rawnobi
rawnoib
rawniob
rawnibo
rawbnoi
rawbnio
rawboni
rawboin
rawbion
rawbino
rawobni
rawobin
rawonbi
rawonib
rawoinb
rawoibn
rawibon
rawibno
rawiobn
rawionb
rawinob
rawinbo
rianbow
rianbwo
rianobw
rianowb
rianwob
rianwbo
riabnow
riabnwo
riabonw
riabown
riabwon
riabwno
riaobnw
riaobwn
riaonbw
riaonwb
riaownb
riaowbn
riawbon
riawbno
riawobn
riawonb
riawnob
riawnbo
rinabow
rinabwo
rinaobw
rinaowb
rinawob
rinawbo
rinbaow
rinbawo
rinboaw
rinbowa
rinbwoa
rinbwao
rinobaw
rinobwa
rinoabw
rinoawb
rinowab
rinowba
rinwboa
rinwbao
rinwoba
rinwoab
rinwaob
rinwabo
ribnaow
ribnawo
ribnoaw
ribnowa
ribnwoa
ribnwao
ribanow
ribanwo
ribaonw
ribaown
ribawon
ribawno
riboanw
riboawn
ribonaw
ribonwa
ribowna
ribowan
ribwaon
ribwano
ribwoan
ribwona
ribwnoa
ribwnao
rionbaw
rionbwa
rionabw
rionawb
rionwab
rionwba
riobnaw
riobnwa
riobanw
riobawn
riobwan
riobwna
rioabnw
rioabwn
rioanbw
rioanwb
rioawnb
rioawbn
riowban
riowbna
riowabn
riowanb
riownab
riownba
riwnboa
riwnbao
riwnoba
riwnoab
riwnaob
riwnabo
riwbnoa
riwbnao
riwbona
riwboan
riwbaon
riwbano
riwobna
riwoban
riwonba
riwonab
riwoanb
riwoabn
riwabon
riwabno
riwaobn
riwaonb
riwanob
riwanbo
rniabow
rniabwo
rniaobw
rniaowb
rniawob
rniawbo
rnibaow
rnibawo
rniboaw
rnibowa
rnibwoa
rnibwao
rniobaw
rniobwa
rnioabw
rnioawb
rniowab
rniowba
rniwboa
rniwbao
rniwoba
rniwoab
rniwaob
rniwabo
rnaibow
rnaibwo
rnaiobw
rnaiowb
rnaiwob
rnaiwbo
rnabiow
rnabiwo
rnaboiw
rnabowi
rnabwoi
rnabwio
rnaobiw
rnaobwi
rnaoibw
rnaoiwb
rnaowib
rnaowbi
rnawboi
rnawbio
rnawobi
rnawoib
rnawiob
rnawibo
rnbaiow
rnbaiwo
rnbaoiw
rnbaowi
rnbawoi
rnbawio
rnbiaow
rnbiawo
rnbioaw
rnbiowa
rnbiwoa
rnbiwao
rnboiaw
rnboiwa
rnboaiw
rnboawi
rnbowai
rnbowia
rnbwioa
rnbwiao
rnbwoia
rnbwoai
rnbwaoi
rnbwaio
rnoabiw
rnoabwi
rnoaibw
rnoaiwb
rnoawib
rnoawbi
rnobaiw
rnobawi
rnobiaw
rnobiwa
rnobwia
rnobwai
rnoibaw
rnoibwa
rnoiabw
rnoiawb
rnoiwab
rnoiwba
rnowbia
rnowbai
rnowiba
rnowiab
rnowaib
rnowabi
rnwaboi
rnwabio
rnwaobi
rnwaoib
rnwaiob
rnwaibo
rnwbaoi
rnwbaio
rnwboai
rnwboia
rnwbioa
rnwbiao
rnwobai
rnwobia
rnwoabi
rnwoaib
rnwoiab
rnwoiba
rnwiboa
rnwibao
rnwioba
rnwioab
rnwiaob
rnwiabo
rbinaow
rbinawo
rbinoaw
rbinowa
rbinwoa
rbinwao
rbianow
rbianwo
rbiaonw
rbiaown
rbiawon
rbiawno
rbioanw
rbioawn
rbionaw
rbionwa
rbiowna
rbiowan
rbiwaon
rbiwano
rbiwoan
rbiwona
rbiwnoa
rbiwnao
rbniaow
rbniawo
rbnioaw
rbniowa
rbniwoa
rbniwao
rbnaiow
rbnaiwo
rbnaoiw
rbnaowi
rbnawoi
rbnawio
rbnoaiw
rbnoawi
rbnoiaw
rbnoiwa
rbnowia
rbnowai
rbnwaoi
rbnwaio
rbnwoai
rbnwoia
rbnwioa
rbnwiao
rbaniow
rbaniwo
rbanoiw
rbanowi
rbanwoi
rbanwio
rbainow
rbainwo
rbaionw
rbaiown
rbaiwon
rbaiwno
rbaoinw
rbaoiwn
rbaoniw
rbaonwi
rbaowni
rbaowin
rbawion
rbawino
rbawoin
rbawoni
rbawnoi
rbawnio
rbonaiw
rbonawi
rboniaw
rboniwa
rbonwia
rbonwai
rboaniw
rboanwi
rboainw
rboaiwn
rboawin
rboawni
rboianw
rboiawn
rboinaw
rboinwa
rboiwna
rboiwan
rbowain
rbowani
rbowian
rbowina
rbownia
rbownai
rbwnaoi
rbwnaio
rbwnoai
rbwnoia
rbwnioa
rbwniao
rbwanoi
rbwanio
rbwaoni
rbwaoin
rbwaion
rbwaino
rbwoani
rbwoain
rbwonai
rbwonia
rbwoina
rbwoian
rbwiaon
rbwiano
rbwioan
rbwiona
rbwinoa
rbwinao
roinbaw
roinbwa
roinabw
roinawb
roinwab
roinwba
roibnaw
roibnwa
roibanw
roibawn
roibwan
roibwna
roiabnw
roiabwn
roianbw
roianwb
roiawnb
roiawbn
roiwban
roiwbna
roiwabn
roiwanb
roiwnab
roiwnba
ronibaw
ronibwa
roniabw
roniawb
roniwab
roniwba
ronbiaw
ronbiwa
ronbaiw
ronbawi
ronbwai
ronbwia
ronabiw
ronabwi
ronaibw
ronaiwb
ronawib
ronawbi
ronwbai
ronwbia
ronwabi
ronwaib
ronwiab
ronwiba
robniaw
robniwa
robnaiw
robnawi
robnwai
robnwia
robinaw
robinwa
robianw
robiawn
robiwan
robiwna
robainw
robaiwn
robaniw
robanwi
robawni
robawin
robwian
robwina
robwain
robwani
robwnai
robwnia
roanbiw
roanbwi
roanibw
roaniwb
roanwib
roanwbi
roabniw
roabnwi
roabinw
roabiwn
roabwin
roabwni
roaibnw
roaibwn
roainbw
roainwb
roaiwnb
roaiwbn
roawbin
roawbni
roawibn
roawinb
roawnib
roawnbi
rownbai
rownbia
rownabi
rownaib
rowniab
rowniba
rowbnai
rowbnia
rowbani
rowbain
rowbian
rowbina
rowabni
rowabin
rowanbi
rowanib
rowainb
rowaibn
rowiban
rowibna
rowiabn
rowianb
rowinab
rowinba
rwinboa
rwinbao
rwinoba
rwinoab
rwinaob
rwinabo
rwibnoa
rwibnao
rwibona
rwiboan
rwibaon
rwibano
rwiobna
rwioban
rwionba
rwionab
rwioanb
rwioabn
rwiabon
rwiabno
rwiaobn
rwiaonb
rwianob
rwianbo
rwniboa
rwnibao
rwnioba
rwnioab
rwniaob
rwniabo
rwnbioa
rwnbiao
rwnboia
rwnboai
rwnbaoi
rwnbaio
rwnobia
rwnobai
rwnoiba
rwnoiab
rwnoaib
rwnoabi
rwnaboi
rwnabio
rwnaobi
rwnaoib
rwnaiob
rwnaibo
rwbnioa
rwbniao
rwbnoia
rwbnoai
rwbnaoi
rwbnaio
rwbinoa
rwbinao
rwbiona
rwbioan
rwbiaon
rwbiano
rwboina
rwboian
rwbonia
rwbonai
rwboani
rwboain
rwbaion
rwbaino
rwbaoin
rwbaoni
rwbanoi
rwbanio
rwonbia
rwonbai
rwoniba
rwoniab
rwonaib
rwonabi
rwobnia
rwobnai
rwobina
rwobian
rwobain
rwobani
rwoibna
rwoiban
rwoinba
rwoinab
rwoianb
rwoiabn
rwoabin
rwoabni
rwoaibn
rwoainb
rwoanib
rwoanbi
rwanboi
rwanbio
rwanobi
rwanoib
rwaniob
rwanibo
rwabnoi
rwabnio
rwaboni
rwaboin
rwabion
rwabino
rwaobni
rwaobin
rwaonbi
rwaonib
rwaoinb
rwaoibn
rwaibon
rwaibno
rwaiobn
rwaionb
rwainob
rwainbo
arinbow
arinbwo
arinobw
arinowb
arinwob
arinwbo
aribnow
aribnwo
aribonw
aribown
aribwon
aribwno
ariobnw
ariobwn
arionbw
arionwb
ariownb
ariowbn
ariwbon
ariwbno
ariwobn
ariwonb
ariwnob
ariwnbo
arnibow
arnibwo
arniobw
arniowb
arniwob
arniwbo
arnbiow
arnbiwo
arnboiw
arnbowi
arnbwoi
arnbwio
arnobiw
arnobwi
arnoibw
arnoiwb
arnowib
arnowbi
arnwboi
arnwbio
arnwobi
arnwoib
arnwiob
arnwibo
arbniow
arbniwo
arbnoiw
arbnowi
arbnwoi
arbnwio
arbinow
arbinwo
arbionw
arbiown
arbiwon
arbiwno
arboinw
arboiwn
arboniw
arbonwi
arbowni
arbowin
arbwion
arbwino
arbwoin
arbwoni
arbwnoi
arbwnio
aronbiw
aronbwi
aronibw
aroniwb
aronwib
aronwbi
arobniw
arobnwi
arobinw
arobiwn
arobwin
arobwni
aroibnw
aroibwn
aroinbw
aroinwb
aroiwnb
aroiwbn
arowbin
arowbni
arowibn
arowinb
arownib
arownbi
arwnboi
arwnbio
arwnobi
arwnoib
arwniob
arwnibo
arwbnoi
arwbnio
arwboni
arwboin
arwbion
arwbino
arwobni
arwobin
arwonbi
arwonib
arwoinb
arwoibn
arwibon
arwibno
arwiobn
arwionb
arwinob
arwinbo
airnbow
airnbwo
airnobw
airnowb
airnwob
airnwbo
airbnow
airbnwo
airbonw
airbown
airbwon
airbwno
airobnw
airobwn
aironbw
aironwb
airownb
airowbn
airwbon
airwbno
airwobn
airwonb
airwnob
airwnbo
ainrbow
ainrbwo
ainrobw
ainrowb
ainrwob
ainrwbo
ainbrow
ainbrwo
ainborw
ainbowr
ainbwor
ainbwro
ainobrw
ainobwr
ainorbw
ainorwb
ainowrb
ainowbr
ainwbor
ainwbro
ainwobr
ainworb
ainwrob
ainwrbo
aibnrow
aibnrwo
aibnorw
aibnowr
aibnwor
aibnwro
aibrnow
aibrnwo
aibronw
aibrown
aibrwon
aibrwno
aibornw
aiborwn
aibonrw
aibonwr
aibownr
aibowrn
aibwron
aibwrno
aibworn
aibwonr
aibwnor
aibwnro
aionbrw
aionbwr
aionrbw
aionrwb
aionwrb
aionwbr
aiobnrw
aiobnwr
aiobrnw
aiobrwn
aiobwrn
aiobwnr
aiorbnw
aiorbwn
aiornbw
aiornwb
aiorwnb
aiorwbn
aiowbrn
aiowbnr
aiowrbn
aiowrnb
aiownrb
aiownbr
aiwnbor
aiwnbro
aiwnobr
aiwnorb
aiwnrob
aiwnrbo
aiwbnor
aiwbnro
aiwbonr
aiwborn
aiwbron
aiwbrno
aiwobnr
aiwobrn
aiwonbr
aiwonrb
aiwornb
aiworbn
aiwrbon
aiwrbno
aiwrobn
aiwronb
aiwrnob
aiwrnbo
anirbow
anirbwo
anirobw
anirowb
anirwob
anirwbo
anibrow
anibrwo
aniborw
anibowr
anibwor
anibwro
aniobrw
aniobwr
aniorbw
aniorwb
aniowrb
aniowbr
aniwbor
aniwbro
aniwobr
aniworb
aniwrob
aniwrbo
anribow
anribwo
anriobw
anriowb
anriwob
anriwbo
anrbiow
anrbiwo
anrboiw
anrbowi
anrbwoi
anrbwio
anrobiw
anrobwi
anroibw
anroiwb
anrowib
anrowbi
anrwboi
anrwbio
anrwobi
anrwoib
anrwiob
anrwibo
anbriow
anbriwo
anbroiw
anbrowi
anbrwoi
anbrwio
anbirow
anbirwo
anbiorw
anbiowr
anbiwor
anbiwro
anboirw
anboiwr
anboriw
anborwi
anbowri
anbowir
anbwior
anbwiro
anbwoir
anbwori
anbwroi
anbwrio
anorbiw
anorbwi
anoribw
anoriwb
anorwib
anorwbi
anobriw
anobrwi
anobirw
anobiwr
anobwir
anobwri
anoibrw
anoibwr
anoirbw
anoirwb
anoiwrb
anoiwbr
anowbir
anowbri
anowibr
anowirb
anowrib
anowrbi
anwrboi
anwrbio
anwrobi
anwroib
anwriob
anwribo
anwbroi
anwbrio
anwbori
anwboir
anwbior
anwbiro
anwobri
anwobir
anworbi
anworib
anwoirb
anwoibr
anwibor
anwibro
anwiobr
anwiorb
anwirob
anwirbo
abinrow
abinrwo
abinorw
abinowr
abinwor
abinwro
abirnow
abirnwo
abironw
abirown
abirwon
abirwno
abiornw
abiorwn
abionrw
abionwr
abiownr
abiowrn
abiwron
abiwrno
abiworn
abiwonr
abiwnor
abiwnro
abnirow
abnirwo
abniorw
abniowr
abniwor
abniwro
abnriow
abnriwo
abnroiw
abnrowi
abnrwoi
abnrwio
abnoriw
abnorwi
abnoirw
abnoiwr
abnowir
abnowri
abnwroi
abnwrio
abnwori
abnwoir
abnwior
abnwiro
abrniow
abrniwo
abrnoiw
abrnowi
abrnwoi
abrnwio
abrinow
abrinwo
abrionw
abriown
abriwon
abriwno
abroinw
abroiwn
abroniw
abronwi
abrowni
abrowin
abrwion
abrwino
abrwoin
abrwoni
abrwnoi
abrwnio
abonriw
abonrwi
abonirw
aboniwr
abonwir
abonwri
aborniw
abornwi
aborinw
aboriwn
aborwin
aborwni
aboirnw
aboirwn
aboinrw
aboinwr
aboiwnr
aboiwrn
abowrin
abowrni
abowirn
abowinr
abownir
abownri
abwnroi
abwnrio
abwnori
abwnoir
abwnior
abwniro
abwrnoi
abwrnio
abwroni
abwroin
abwrion
abwrino
abworni
abworin
abwonri
abwonir
abwoinr
abwoirn
abwiron
abwirno
abwiorn
abwionr
abwinor
abwinro
aoinbrw
aoinbwr
aoinrbw
aoinrwb
aoinwrb
aoinwbr
aoibnrw
aoibnwr
aoibrnw
aoibrwn
aoibwrn
aoibwnr
aoirbnw
aoirbwn
aoirnbw
aoirnwb
aoirwnb
aoirwbn
aoiwbrn
aoiwbnr
aoiwrbn
aoiwrnb
aoiwnrb
aoiwnbr
aonibrw
aonibwr
aonirbw
aonirwb
aoniwrb
aoniwbr
aonbirw
aonbiwr
aonbriw
aonbrwi
aonbwri
aonbwir
aonrbiw
aonrbwi
aonribw
aonriwb
aonrwib
aonrwbi
aonwbri
aonwbir
aonwrbi
aonwrib
aonwirb
aonwibr
aobnirw
aobniwr
aobnriw
aobnrwi
aobnwri
aobnwir
aobinrw
aobinwr
aobirnw
aobirwn
aobiwrn
aobiwnr
aobrinw
aobriwn
aobrniw
aobrnwi
aobrwni
aobrwin
aobwirn
aobwinr
aobwrin
aobwrni
aobwnri
aobwnir
aornbiw
aornbwi
aornibw
aorniwb
aornwib
aornwbi
aorbniw
aorbnwi
aorbinw
aorbiwn
aorbwin
aorbwni
aoribnw
aoribwn
aorinbw
aorinwb
aoriwnb
aoriwbn
aorwbin
aorwbni
aorwibn
aorwinb
aorwnib
aorwnbi
aownbri
aownbir
aownrbi
aownrib
aownirb
aownibr
aowbnri
aowbnir
aowbrni
aowbrin
aowbirn
aowbinr
aowrbni
aowrbin
aowrnbi
aowrnib
aowrinb
aowribn
aowibrn
aowibnr
aowirbn
aowirnb
aowinrb
aowinbr
awinbor
awinbro
awinobr
awinorb
awinrob
awinrbo
awibnor
awibnro
awibonr
awiborn
awibron
awibrno
awiobnr
awiobrn
awionbr
awionrb
awiornb
awiorbn
awirbon
awirbno
awirobn
awironb
awirnob
awirnbo
awnibor
awnibro
awniobr
awniorb
awnirob
awnirbo
awnbior
awnbiro
awnboir
awnbori
awnbroi
awnbrio
awnobir
awnobri
awnoibr
awnoirb
awnorib
awnorbi
awnrboi
awnrbio
awnrobi
awnroib
awnriob
awnribo
awbnior
awbniro
awbnoir
awbnori
awbnroi
awbnrio
awbinor
awbinro
awbionr
awbiorn
awbiron
awbirno
awboinr
awboirn
awbonir
awbonri
awborni
awborin
awbrion
awbrino
awbroin
awbroni
awbrnoi
awbrnio
awonbir
awonbri
awonibr
awonirb
awonrib
awonrbi
awobnir
awobnri
awobinr
awobirn
awobrin
awobrni
awoibnr
awoibrn
awoinbr
awoinrb
awoirnb
awoirbn
aworbin
aworbni
aworibn
aworinb
awornib
awornbi
awrnboi
awrnbio
awrnobi
awrnoib
awrniob
awrnibo
awrbnoi
awrbnio
awrboni
awrboin
awrbion
awrbino
awrobni
awrobin
awronbi
awronib
awroinb
awroibn
awribon
awribno
awriobn
awrionb
awrinob
awrinbo
iarnbow
iarnbwo
iarnobw
iarnowb
iarnwob
iarnwbo
iarbnow
iarbnwo
iarbonw
iarbown
iarbwon
iarbwno
iarobnw
iarobwn
iaronbw
iaronwb
iarownb
iarowbn
iarwbon
iarwbno
iarwobn
iarwonb
iarwnob
iarwnbo
ianrbow
ianrbwo
ianrobw
ianrowb
ianrwob
ianrwbo
ianbrow
ianbrwo
ianborw
ianbowr
ianbwor
ianbwro
ianobrw
ianobwr
ianorbw
ianorwb
ianowrb
ianowbr
ianwbor
ianwbro
ianwobr
ianworb
ianwrob
ianwrbo
iabnrow
iabnrwo
iabnorw
iabnowr
iabnwor
iabnwro
iabrnow
iabrnwo
iabronw
iabrown
iabrwon
iabrwno
iabornw
iaborwn
iabonrw
iabonwr
iabownr
iabowrn
iabwron
iabwrno
iabworn
iabwonr
iabwnor
iabwnro
iaonbrw
iaonbwr
iaonrbw
iaonrwb
iaonwrb
iaonwbr
iaobnrw
iaobnwr
iaobrnw
iaobrwn
iaobwrn
iaobwnr
iaorbnw
iaorbwn
iaornbw
iaornwb
iaorwnb
iaorwbn
iaowbrn
iaowbnr
iaowrbn
iaowrnb
iaownrb
iaownbr
iawnbor
iawnbro
iawnobr
iawnorb
iawnrob
iawnrbo
iawbnor
iawbnro
iawbonr
iawborn
iawbron
iawbrno
iawobnr
iawobrn
iawonbr
iawonrb
iawornb
iaworbn
iawrbon
iawrbno
iawrobn
iawronb
iawrnob
iawrnbo
iranbow
iranbwo
iranobw
iranowb
iranwob
iranwbo
irabnow
irabnwo
irabonw
irabown
irabwon
irabwno
iraobnw
iraobwn
iraonbw
iraonwb
iraownb
iraowbn
irawbon
irawbno
irawobn
irawonb
irawnob
irawnbo
irnabow
irnabwo
irnaobw
irnaowb
irnawob
irnawbo
irnbaow
irnbawo
irnboaw
irnbowa
irnbwoa
irnbwao
irnobaw
irnobwa
irnoabw
irnoawb
irnowab
irnowba
irnwboa
irnwbao
irnwoba
irnwoab
irnwaob
irnwabo
irbnaow
irbnawo
irbnoaw
irbnowa
irbnwoa
irbnwao
irbanow
irbanwo
irbaonw
irbaown
irbawon
irbawno
irboanw
irboawn
irbonaw
irbonwa
irbowna
irbowan
irbwaon
irbwano
irbwoan
irbwona
irbwnoa
irbwnao
ironbaw
ironbwa
ironabw
ironawb
ironwab
ironwba
irobnaw
irobnwa
irobanw
irobawn
irobwan
irobwna
iroabnw
iroabwn
iroanbw
iroanwb
iroawnb
iroawbn
irowban
irowbna
irowabn
irowanb
irownab
irownba
irwnboa
irwnbao
irwnoba
irwnoab
irwnaob
irwnabo
irwbnoa
irwbnao
irwbona
irwboan
irwbaon
irwbano
irwobna
irwoban
irwonba
irwonab
irwoanb
irwoabn
irwabon
irwabno
irwaobn
irwaonb
irwanob
irwanbo
inrabow
inrabwo
inraobw
inraowb
inrawob
inrawbo
inrbaow
inrbawo
inrboaw
inrbowa
inrbwoa
inrbwao
inrobaw
inrobwa
inroabw
inroawb
inrowab
inrowba
inrwboa
inrwbao
inrwoba
inrwoab
inrwaob
inrwabo
inarbow
inarbwo
inarobw
inarowb
inarwob
inarwbo
inabrow
inabrwo
inaborw
inabowr
inabwor
inabwro
inaobrw
inaobwr
inaorbw
inaorwb
inaowrb
inaowbr
inawbor
inawbro
inawobr
inaworb
inawrob
inawrbo
inbarow
inbarwo
inbaorw
inbaowr
inbawor
inbawro
inbraow
inbrawo
inbroaw
inbrowa
inbrwoa
inbrwao
inboraw
inborwa
inboarw
inboawr
inbowar
inbowra
inbwroa
inbwrao
inbwora
inbwoar
inbwaor
inbwaro
inoabrw
inoabwr
inoarbw
inoarwb
inoawrb
inoawbr
inobarw
inobawr
inobraw
inobrwa
inobwra
inobwar
inorbaw
inorbwa
inorabw
inorawb
inorwab
inorwba
inowbra
inowbar
inowrba
inowrab
inowarb
inowabr
inwabor
inwabro
inwaobr
inwaorb
inwarob
inwarbo
inwbaor
inwbaro
inwboar
inwbora
inwbroa
inwbrao
inwobar
inwobra
inwoabr
inwoarb
inworab
inworba
inwrboa
inwrbao
inwroba
inwroab
inwraob
inwrabo
ibrnaow
ibrnawo
ibrnoaw
ibrnowa
ibrnwoa
ibrnwao
ibranow
ibranwo
ibraonw
ibraown
ibrawon
ibrawno
ibroanw
ibroawn
ibronaw
ibronwa
ibrowna
ibrowan
ibrwaon
ibrwano
ibrwoan
ibrwona
ibrwnoa
ibrwnao
ibnraow
ibnrawo
ibnroaw
ibnrowa
ibnrwoa
ibnrwao
ibnarow
ibnarwo
ibnaorw
ibnaowr
ibnawor
ibnawro
ibnoarw
ibnoawr
ibnoraw
ibnorwa
ibnowra
ibnowar
ibnwaor
ibnwaro
ibnwoar
ibnwora
ibnwroa
ibnwrao
ibanrow
ibanrwo
ibanorw
ibanowr
ibanwor
ibanwro
ibarnow
ibarnwo
ibaronw
ibarown
ibarwon
ibarwno
ibaornw
ibaorwn
ibaonrw
ibaonwr
ibaownr
ibaowrn
ibawron
ibawrno
ibaworn
ibawonr
ibawnor
ibawnro
ibonarw
ibonawr
ibonraw
ibonrwa
ibonwra
ibonwar
iboanrw
iboanwr
iboarnw
iboarwn
iboawrn
iboawnr
iboranw
iborawn
ibornaw
ibornwa
iborwna
iborwan
ibowarn
ibowanr
ibowran
ibowrna
ibownra
ibownar
ibwnaor
ibwnaro
ibwnoar
ibwnora
ibwnroa
ibwnrao
ibwanor
ibwanro
ibwaonr
ibwaorn
ibwaron
ibwarno
ibwoanr
ibwoarn
ibwonar
ibwonra
ibworna
ibworan
ibwraon
ibwrano
ibwroan
ibwrona
ibwrnoa
ibwrnao
iornbaw
iornbwa
iornabw
iornawb
iornwab
iornwba
iorbnaw
iorbnwa
iorbanw
iorbawn
iorbwan
iorbwna
iorabnw
iorabwn
ioranbw
ioranwb
iorawnb
iorawbn
iorwban
iorwbna
iorwabn
iorwanb
iorwnab
iorwnba
ionrbaw
ionrbwa
ionrabw
ionrawb
ionrwab
ionrwba
ionbraw
ionbrwa
ionbarw
ionbawr
ionbwar
ionbwra
ionabrw
ionabwr
ionarbw
ionarwb
ionawrb
ionawbr
ionwbar
ionwbra
ionwabr
ionwarb
ionwrab
ionwrba
iobnraw
iobnrwa
iobnarw
iobnawr
iobnwar
iobnwra
iobrnaw
iobrnwa
iobranw
iobrawn
iobrwan
iobrwna
iobarnw
iobarwn
iobanrw
iobanwr
iobawnr
iobawrn
iobwran
iobwrna
iobwarn
iobwanr
iobwnar
iobwnra
ioanbrw
ioanbwr
ioanrbw
ioanrwb
ioanwrb
ioanwbr
ioabnrw
ioabnwr
ioabrnw
ioabrwn
ioabwrn
ioabwnr
ioarbnw
ioarbwn
ioarnbw
ioarnwb
ioarwnb
ioarwbn
ioawbrn
ioawbnr
ioawrbn
ioawrnb
ioawnrb
ioawnbr
iownbar
iownbra
iownabr
iownarb
iownrab
iownrba
iowbnar
iowbnra
iowbanr
iowbarn
iowbran
iowbrna
iowabnr
iowabrn
iowanbr
iowanrb
iowarnb
iowarbn
iowrban
iowrbna
iowrabn
iowranb
iowrnab
iowrnba
iwrnboa
iwrnbao
iwrnoba
iwrnoab
iwrnaob
iwrnabo
iwrbnoa
iwrbnao
iwrbona
iwrboan
iwrbaon
iwrbano
iwrobna
iwroban
iwronba
iwronab
iwroanb
iwroabn
iwrabon
iwrabno
iwraobn
iwraonb
iwranob
iwranbo
iwnrboa
iwnrbao
iwnroba
iwnroab
iwnraob
iwnrabo
iwnbroa
iwnbrao
iwnbora
iwnboar
iwnbaor
iwnbaro
iwnobra
iwnobar
iwnorba
iwnorab
iwnoarb
iwnoabr
iwnabor
iwnabro
iwnaobr
iwnaorb
iwnarob
iwnarbo
iwbnroa
iwbnrao
iwbnora
iwbnoar
iwbnaor
iwbnaro
iwbrnoa
iwbrnao
iwbrona
iwbroan
iwbraon
iwbrano
iwborna
iwboran
iwbonra
iwbonar
iwboanr
iwboarn
iwbaron
iwbarno
iwbaorn
iwbaonr
iwbanor
iwbanro
iwonbra
iwonbar
iwonrba
iwonrab
iwonarb
iwonabr
iwobnra
iwobnar
iwobrna
iwobran
iwobarn
iwobanr
iworbna
iworban
iwornba
iwornab
iworanb
iworabn
iwoabrn
iwoabnr
iwoarbn
iwoarnb
iwoanrb
iwoanbr
iwanbor
iwanbro
iwanobr
iwanorb
iwanrob
iwanrbo
iwabnor
iwabnro
iwabonr
iwaborn
iwabron
iwabrno
iwaobnr
iwaobrn
iwaonbr
iwaonrb
iwaornb
iwaorbn
iwarbon
iwarbno
iwarobn
iwaronb
iwarnob
iwarnbo
nairbow
nairbwo
nairobw
nairowb
nairwob
nairwbo
naibrow
naibrwo
naiborw
naibowr
naibwor
naibwro
naiobrw
naiobwr
naiorbw
naiorwb
naiowrb
naiowbr
naiwbor
naiwbro
naiwobr
naiworb
naiwrob
naiwrbo
naribow
naribwo
nariobw
nariowb
nariwob
nariwbo
narbiow
narbiwo
narboiw
narbowi
narbwoi
narbwio
narobiw
narobwi
naroibw
naroiwb
narowib
narowbi
narwboi
narwbio
narwobi
narwoib
narwiob
narwibo
nabriow
nabriwo
nabroiw
nabrowi
nabrwoi
nabrwio
nabirow
nabirwo
nabiorw
nabiowr
nabiwor
nabiwro
naboirw
naboiwr
naboriw
naborwi
nabowri
nabowir
nabwior
nabwiro
nabwoir
nabwori
nabwroi
nabwrio
naorbiw
naorbwi
naoribw
naoriwb
naorwib
naorwbi
naobriw
naobrwi
naobirw
naobiwr
naobwir
naobwri
naoibrw
naoibwr
naoirbw
naoirwb
naoiwrb
naoiwbr
naowbir
naowbri
naowibr
naowirb
naowrib
naowrbi
nawrboi
nawrbio
nawrobi
nawroib
nawriob
nawribo
nawbroi
nawbrio
nawbori
nawboir
nawbior
nawbiro
nawobri
nawobir
naworbi
naworib
nawoirb
nawoibr
nawibor
nawibro
nawiobr
nawiorb
nawirob
nawirbo
niarbow
niarbwo
niarobw
niarowb
niarwob
niarwbo
niabrow
niabrwo
niaborw
niabowr
niabwor
niabwro
niaobrw
niaobwr
niaorbw
niaorwb
niaowrb
niaowbr
niawbor
niawbro
niawobr
niaworb
niawrob
niawrbo
nirabow
nirabwo
niraobw
niraowb
nirawob
nirawbo
nirbaow
nirbawo
nirboaw
nirbowa
nirbwoa
nirbwao
nirobaw
nirobwa
niroabw
niroawb
nirowab
nirowba
nirwboa
nirwbao
nirwoba
nirwoab
nirwaob
nirwabo
nibraow
nibrawo
nibroaw
nibrowa
nibrwoa
nibrwao
nibarow
nibarwo
nibaorw
nibaowr
nibawor
nibawro
niboarw
niboawr
niboraw
niborwa
nibowra
nibowar
nibwaor
nibwaro
nibwoar
nibwora
nibwroa
nibwrao
niorbaw
niorbwa
niorabw
niorawb
niorwab
niorwba
niobraw
niobrwa
niobarw
niobawr
niobwar
niobwra
nioabrw
nioabwr
nioarbw
nioarwb
nioawrb
nioawbr
niowbar
niowbra
niowabr
niowarb
niowrab
niowrba
niwrboa
niwrbao
niwroba
niwroab
niwraob
niwrabo
niwbroa
niwbrao
niwbora
niwboar
niwbaor
niwbaro
niwobra
niwobar
niworba
niworab
niwoarb
niwoabr
niwabor
niwabro
niwaobr
niwaorb
niwarob
niwarbo
nriabow
nriabwo
nriaobw
nriaowb
nriawob
nriawbo
nribaow
nribawo
nriboaw
nribowa
nribwoa
nribwao
nriobaw
nriobwa
nrioabw
nrioawb
nriowab
nriowba
nriwboa
nriwbao
nriwoba
nriwoab
nriwaob
nriwabo
nraibow
nraibwo
nraiobw
nraiowb
nraiwob
nraiwbo
nrabiow
nrabiwo
nraboiw
nrabowi
nrabwoi
nrabwio
nraobiw
nraobwi
nraoibw
nraoiwb
nraowib
nraowbi
nrawboi
nrawbio
nrawobi
nrawoib
nrawiob
nrawibo
nrbaiow
nrbaiwo
nrbaoiw
nrbaowi
nrbawoi
nrbawio
nrbiaow
nrbiawo
nrbioaw
nrbiowa
nrbiwoa
nrbiwao
nrboiaw
nrboiwa
nrboaiw
nrboawi
nrbowai
nrbowia
nrbwioa
nrbwiao
nrbwoia
nrbwoai
nrbwaoi
nrbwaio
nroabiw
nroabwi
nroaibw
nroaiwb
nroawib
nroawbi
nrobaiw
nrobawi
nrobiaw
nrobiwa
nrobwia
nrobwai
nroibaw
nroibwa
nroiabw
nroiawb
nroiwab
nroiwba
nrowbia
nrowbai
nrowiba
nrowiab
nrowaib
nrowabi
nrwaboi
nrwabio
nrwaobi
nrwaoib
nrwaiob
nrwaibo
nrwbaoi
nrwbaio
nrwboai
nrwboia
nrwbioa
nrwbiao
nrwobai
nrwobia
nrwoabi
nrwoaib
nrwoiab
nrwoiba
nrwiboa
nrwibao
nrwioba
nrwioab
nrwiaob
nrwiabo
nbiraow
nbirawo
nbiroaw
nbirowa
nbirwoa
nbirwao
nbiarow
nbiarwo
nbiaorw
nbiaowr
nbiawor
nbiawro
nbioarw
nbioawr
nbioraw
nbiorwa
nbiowra
nbiowar
nbiwaor
nbiwaro
nbiwoar
nbiwora
nbiwroa
nbiwrao
nbriaow
nbriawo
nbrioaw
nbriowa
nbriwoa
nbriwao
nbraiow
nbraiwo
nbraoiw
nbraowi
nbrawoi
nbrawio
nbroaiw
nbroawi
nbroiaw
nbroiwa
nbrowia
nbrowai
nbrwaoi
nbrwaio
nbrwoai
nbrwoia
nbrwioa
nbrwiao
nbariow
nbariwo
nbaroiw
nbarowi
nbarwoi
nbarwio
nbairow
nbairwo
nbaiorw
nbaiowr
nbaiwor
nbaiwro
nbaoirw
nbaoiwr
nbaoriw
nbaorwi
nbaowri
nbaowir
nbawior
nbawiro
nbawoir
nbawori
nbawroi
nbawrio
nboraiw
nborawi
nboriaw
nboriwa
nborwia
nborwai
nboariw
nboarwi
nboairw
nboaiwr
nboawir
nboawri
nboiarw
nboiawr
nboiraw
nboirwa
nboiwra
nboiwar
nbowair
nbowari
nbowiar
nbowira
nbowria
nbowrai
nbwraoi
nbwraio
nbwroai
nbwroia
nbwrioa
nbwriao
nbwaroi
nbwario
nbwaori
nbwaoir
nbwaior
nbwairo
nbwoari
nbwoair
nbworai
nbworia
nbwoira
nbwoiar
nbwiaor
nbwiaro
nbwioar
nbwiora
nbwiroa
nbwirao
noirbaw
noirbwa
noirabw
noirawb
noirwab
noirwba
noibraw
noibrwa
noibarw
noibawr
noibwar
noibwra
noiabrw
noiabwr
noiarbw
noiarwb
noiawrb
noiawbr
noiwbar
noiwbra
noiwabr
noiwarb
noiwrab
noiwrba
noribaw
noribwa
noriabw
noriawb
noriwab
noriwba
norbiaw
norbiwa
norbaiw
norbawi
norbwai
norbwia
norabiw
norabwi
noraibw
noraiwb
norawib
norawbi
norwbai
norwbia
norwabi
norwaib
norwiab
norwiba
nobriaw
nobriwa
nobraiw
nobrawi
nobrwai
nobrwia
nobiraw
nobirwa
nobiarw
nobiawr
nobiwar
nobiwra
nobairw
nobaiwr
nobariw
nobarwi
nobawri
nobawir
nobwiar
nobwira
nobwair
nobwari
nobwrai
nobwria
noarbiw
noarbwi
noaribw
noariwb
noarwib
noarwbi
noabriw
noabrwi
noabirw
noabiwr
noabwir
noabwri
noaibrw
noaibwr
noairbw
noairwb
noaiwrb
noaiwbr
noawbir
noawbri
noawibr
noawirb
noawrib
noawrbi
nowrbai
nowrbia
nowrabi
nowraib
nowriab
nowriba
nowbrai
nowbria
nowbari
nowbair
nowbiar
nowbira
nowabri
nowabir
nowarbi
nowarib
nowairb
nowaibr
nowibar
nowibra
nowiabr
nowiarb
nowirab
nowirba
nwirboa
nwirbao
nwiroba
nwiroab
nwiraob
nwirabo
nwibroa
nwibrao
nwibora
nwiboar
nwibaor
nwibaro
nwiobra
nwiobar
nwiorba
nwiorab
nwioarb
nwioabr
nwiabor
nwiabro
nwiaobr
nwiaorb
nwiarob
nwiarbo
nwriboa
nwribao
nwrioba
nwrioab
nwriaob
nwriabo
nwrbioa
nwrbiao
nwrboia
nwrboai
nwrbaoi
nwrbaio
nwrobia
nwrobai
nwroiba
nwroiab
nwroaib
nwroabi
nwraboi
nwrabio
nwraobi
nwraoib
nwraiob
nwraibo
nwbrioa
nwbriao
nwbroia
nwbroai
nwbraoi
nwbraio
nwbiroa
nwbirao
nwbiora
nwbioar
nwbiaor
nwbiaro
nwboira
nwboiar
nwboria
nwborai
nwboari
nwboair
nwbaior
nwbairo
nwbaoir
nwbaori
nwbaroi
nwbario
nworbia
nworbai
nworiba
nworiab
nworaib
nworabi
nwobria
nwobrai
nwobira
nwobiar
nwobair
nwobari
nwoibra
nwoibar
nwoirba
nwoirab
nwoiarb
nwoiabr
nwoabir
nwoabri
nwoaibr
nwoairb
nwoarib
nwoarbi
nwarboi
nwarbio
nwarobi
nwaroib
nwariob
nwaribo
nwabroi
nwabrio
nwabori
nwaboir
nwabior
nwabiro
nwaobri
nwaobir
nwaorbi
nwaorib
nwaoirb
nwaoibr
nwaibor
nwaibro
nwaiobr
nwaiorb
nwairob
nwairbo
bainrow
bainrwo
bainorw
bainowr
bainwor
bainwro
bairnow
bairnwo
baironw
bairown
bairwon
bairwno
baiornw
baiorwn
baionrw
baionwr
baiownr
baiowrn
baiwron
baiwrno
baiworn
baiwonr
baiwnor
baiwnro
banirow
banirwo
baniorw
baniowr
baniwor
baniwro
banriow
banriwo
banroiw
banrowi
banrwoi
banrwio
banoriw
banorwi
banoirw
banoiwr
banowir
banowri
banwroi
banwrio
banwori
banwoir
banwior
banwiro
barniow
barniwo
barnoiw
barnowi
barnwoi
barnwio
barinow
barinwo
barionw
bariown
bariwon
bariwno
baroinw
baroiwn
baroniw
baronwi
barowni
barowin
barwion
barwino
barwoin
barwoni
barwnoi
barwnio
baonriw
baonrwi
baonirw
baoniwr
baonwir
baonwri
baorniw
baornwi
baorinw
baoriwn
baorwin
baorwni
baoirnw
baoirwn
baoinrw
baoinwr
baoiwnr
baoiwrn
baowrin
baowrni
baowirn
baowinr
baownir
baownri
bawnroi
bawnrio
bawnori
bawnoir
bawnior
bawniro
bawrnoi
bawrnio
bawroni
bawroin
bawrion
bawrino
baworni
baworin
bawonri
bawonir
bawoinr
bawoirn
bawiron
bawirno
bawiorn
bawionr
bawinor
bawinro
bianrow
bianrwo
bianorw
bianowr
bianwor
bianwro
biarnow
biarnwo
biaronw
biarown
biarwon
biarwno
biaornw
biaorwn
biaonrw
biaonwr
biaownr
biaowrn
biawron
biawrno
biaworn
biawonr
biawnor
biawnro
binarow
binarwo
binaorw
binaowr
binawor
binawro
binraow
binrawo
binroaw
binrowa
binrwoa
binrwao
binoraw
binorwa
binoarw
binoawr
binowar
binowra
binwroa
binwrao
binwora
binwoar
binwaor
binwaro
birnaow
birnawo
birnoaw
birnowa
birnwoa
birnwao
biranow
biranwo
biraonw
biraown
birawon
birawno
biroanw
biroawn
bironaw
bironwa
birowna
birowan
birwaon
birwano
birwoan
birwona
birwnoa
birwnao
bionraw
bionrwa
bionarw
bionawr
bionwar
bionwra
biornaw
biornwa
bioranw
biorawn
biorwan
biorwna
bioarnw
bioarwn
bioanrw
bioanwr
bioawnr
bioawrn
biowran
biowrna
biowarn
biowanr
biownar
biownra
biwnroa
biwnrao
biwnora
biwnoar
biwnaor
biwnaro
biwrnoa
biwrnao
biwrona
biwroan
biwraon
biwrano
biworna
biworan
biwonra
biwonar
biwoanr
biwoarn
biwaron
biwarno
biwaorn
biwaonr
biwanor
biwanro
bniarow
bniarwo
bniaorw
bniaowr
bniawor
bniawro
bniraow
bnirawo
bniroaw
bnirowa
bnirwoa
bnirwao
bnioraw
bniorwa
bnioarw
bnioawr
bniowar
bniowra
bniwroa
bniwrao
bniwora
bniwoar
bniwaor
bniwaro
bnairow
bnairwo
bnaiorw
bnaiowr
bnaiwor
bnaiwro
bnariow
bnariwo
bnaroiw
bnarowi
bnarwoi
bnarwio
bnaoriw
bnaorwi
bnaoirw
bnaoiwr
bnaowir
bnaowri
bnawroi
bnawrio
bnawori
bnawoir
bnawior
bnawiro
bnraiow
bnraiwo
bnraoiw
bnraowi
bnrawoi
bnrawio
bnriaow
bnriawo
bnrioaw
bnriowa
bnriwoa
bnriwao
bnroiaw
bnroiwa
bnroaiw
bnroawi
bnrowai
bnrowia
bnrwioa
bnrwiao
bnrwoia
bnrwoai
bnrwaoi
bnrwaio
bnoariw
bnoarwi
bnoairw
bnoaiwr
bnoawir
bnoawri
bnoraiw
bnorawi
bnoriaw
bnoriwa
bnorwia
bnorwai
bnoiraw
bnoirwa
bnoiarw
bnoiawr
bnoiwar
bnoiwra
bnowria
bnowrai
bnowira
bnowiar
bnowair
bnowari
bnwaroi
bnwario
bnwaori
bnwaoir
bnwaior
bnwairo
bnwraoi
bnwraio
bnwroai
bnwroia
bnwrioa
bnwriao
bnworai
bnworia
bnwoari
bnwoair
bnwoiar
bnwoira
bnwiroa
bnwirao
bnwiora
bnwioar
bnwiaor
bnwiaro
brinaow
brinawo
brinoaw
brinowa
brinwoa
brinwao
brianow
brianwo
briaonw
briaown
briawon
briawno
brioanw
brioawn
brionaw
brionwa
briowna
briowan
briwaon
briwano
briwoan
briwona
briwnoa
briwnao
brniaow
brniawo
brnioaw
brniowa
brniwoa
brniwao
brnaiow
brnaiwo
brnaoiw
brnaowi
brnawoi
brnawio
brnoaiw
brnoawi
brnoiaw
brnoiwa
brnowia
brnowai
brnwaoi
brnwaio
brnwoai
brnwoia
brnwioa
brnwiao
braniow
braniwo
branoiw
branowi
branwoi
branwio
brainow
brainwo
braionw
braiown
braiwon
braiwno
braoinw
braoiwn
braoniw
braonwi
braowni
braowin
brawion
brawino
brawoin
brawoni
brawnoi
brawnio
bronaiw
bronawi
broniaw
broniwa
bronwia
bronwai
broaniw
broanwi
broainw
broaiwn
broawin
broawni
broianw
broiawn
broinaw
broinwa
broiwna
broiwan
browain
browani
browian
browina
brownia
brownai
brwnaoi
brwnaio
brwnoai
brwnoia
brwnioa
brwniao
brwanoi
brwanio
brwaoni
brwaoin
brwaion
brwaino
brwoani
brwoain
brwonai
brwonia
brwoina
brwoian
brwiaon
brwiano
brwioan
brwiona
brwinoa
brwinao
boinraw
boinrwa
boinarw
boinawr
boinwar
boinwra
boirnaw
boirnwa
boiranw
boirawn
boirwan
boirwna
boiarnw
boiarwn
boianrw
boianwr
boiawnr
boiawrn
boiwran
boiwrna
boiwarn
boiwanr
boiwnar
boiwnra
boniraw
bonirwa
boniarw
boniawr
boniwar
boniwra
bonriaw
bonriwa
bonraiw
bonrawi
bonrwai
bonrwia
bonariw
bonarwi
bonairw
bonaiwr
bonawir
bonawri
bonwrai
bonwria
bonwari
bonwair
bonwiar
bonwira
borniaw
borniwa
bornaiw
bornawi
bornwai
bornwia
borinaw
borinwa
borianw
boriawn
boriwan
boriwna
borainw
boraiwn
boraniw
boranwi
borawni
borawin
borwian
borwina
borwain
borwani
borwnai
borwnia
boanriw
boanrwi
boanirw
boaniwr
boanwir
boanwri
boarniw
boarnwi
boarinw
boariwn
boarwin
boarwni
boairnw
boairwn
boainrw
boainwr
boaiwnr
boaiwrn
boawrin
boawrni
boawirn
boawinr
boawnir
boawnri
bownrai
bownria
bownari
bownair
bowniar
bownira
bowrnai
bowrnia
bowrani
bowrain
bowrian
bowrina
bowarni
bowarin
bowanri
bowanir
bowainr
bowairn
bowiran
bowirna
bowiarn
bowianr
bowinar
bowinra
bwinroa
bwinrao
bwinora
bwinoar
bwinaor
bwinaro
bwirnoa
bwirnao
bwirona
bwiroan
bwiraon
bwirano
bwiorna
bwioran
bwionra
bwionar
bwioanr
bwioarn
bwiaron
bwiarno
bwiaorn
bwiaonr
bwianor
bwianro
bwniroa
bwnirao
bwniora
bwnioar
bwniaor
bwniaro
bwnrioa
bwnriao
bwnroia
bwnroai
bwnraoi
bwnraio
bwnoria
bwnorai
bwnoira
bwnoiar
bwnoair
bwnoari
bwnaroi
bwnario
bwnaori
bwnaoir
bwnaior
bwnairo
bwrnioa
bwrniao
bwrnoia
bwrnoai
bwrnaoi
bwrnaio
bwrinoa
bwrinao
bwriona
bwrioan
bwriaon
bwriano
bwroina
bwroian
bwronia
bwronai
bwroani
bwroain
bwraion
bwraino
bwraoin
bwraoni
bwranoi
bwranio
bwonria
bwonrai
bwonira
bwoniar
bwonair
bwonari
bwornia
bwornai
bworina
bworian
bworain
bworani
bwoirna
bwoiran
bwoinra
bwoinar
bwoianr
bwoiarn
bwoarin
bwoarni
bwoairn
bwoainr
bwoanir
bwoanri
bwanroi
bwanrio
bwanori
bwanoir
bwanior
bwaniro
bwarnoi
bwarnio
bwaroni
bwaroin
bwarion
bwarino
bwaorni
bwaorin
bwaonri
bwaonir
bwaoinr
bwaoirn
bwairon
bwairno
bwaiorn
bwaionr
bwainor
bwainro
oainbrw
oainbwr
oainrbw
oainrwb
oainwrb
oainwbr
oaibnrw
oaibnwr
oaibrnw
oaibrwn
oaibwrn
oaibwnr
oairbnw
oairbwn
oairnbw
oairnwb
oairwnb
oairwbn
oaiwbrn
oaiwbnr
oaiwrbn
oaiwrnb
oaiwnrb
oaiwnbr
oanibrw
oanibwr
oanirbw
oanirwb
oaniwrb
oaniwbr
oanbirw
oanbiwr
oanbriw
oanbrwi
oanbwri
oanbwir
oanrbiw
oanrbwi
oanribw
oanriwb
oanrwib
oanrwbi
oanwbri
oanwbir
oanwrbi
oanwrib
oanwirb
oanwibr
oabnirw
oabniwr
oabnriw
oabnrwi
oabnwri
oabnwir
oabinrw
oabinwr
oabirnw
oabirwn
oabiwrn
oabiwnr
oabrinw
oabriwn
oabrniw
oabrnwi
oabrwni
oabrwin
oabwirn
oabwinr
oabwrin
oabwrni
oabwnri
oabwnir
oarnbiw
oarnbwi
oarnibw
oarniwb
oarnwib
oarnwbi
oarbniw
oarbnwi
oarbinw
oarbiwn
oarbwin
oarbwni
oaribnw
oaribwn
oarinbw
oarinwb
oariwnb
oariwbn
oarwbin
oarwbni
oarwibn
oarwinb
oarwnib
oarwnbi
oawnbri
oawnbir
oawnrbi
oawnrib
oawnirb
oawnibr
oawbnri
oawbnir
oawbrni
oawbrin
oawbirn
oawbinr
oawrbni
oawrbin
oawrnbi
oawrnib
oawrinb
oawribn
oawibrn
oawibnr
oawirbn
oawirnb
oawinrb
oawinbr
oianbrw
oianbwr
oianrbw
oianrwb
oianwrb
oianwbr
oiabnrw
oiabnwr
oiabrnw
oiabrwn
oiabwrn
oiabwnr
oiarbnw
oiarbwn
oiarnbw
oiarnwb
oiarwnb
oiarwbn
oiawbrn
oiawbnr
oiawrbn
oiawrnb
oiawnrb
oiawnbr
oinabrw
oinabwr
oinarbw
oinarwb
oinawrb
oinawbr
oinbarw
oinbawr
oinbraw
oinbrwa
oinbwra
oinbwar
oinrbaw
oinrbwa
oinrabw
oinrawb
oinrwab
oinrwba
oinwbra
oinwbar
oinwrba
oinwrab
oinwarb
oinwabr
oibnarw
oibnawr
oibnraw
oibnrwa
oibnwra
oibnwar
oibanrw
oibanwr
oibarnw
oibarwn
oibawrn
oibawnr
oibranw
oibrawn
oibrnaw
oibrnwa
oibrwna
oibrwan
oibwarn
oibwanr
oibwran
oibwrna
oibwnra
oibwnar
oirnbaw
oirnbwa
oirnabw
oirnawb
oirnwab
oirnwba
oirbnaw
oirbnwa
oirbanw
oirbawn
oirbwan
oirbwna
oirabnw
oirabwn
oiranbw
oiranwb
oirawnb
oirawbn
oirwban
oirwbna
oirwabn
oirwanb
oirwnab
oirwnba
oiwnbra
oiwnbar
oiwnrba
oiwnrab
oiwnarb
oiwnabr
oiwbnra
oiwbnar
oiwbrna
oiwbran
oiwbarn
oiwbanr
oiwrbna
oiwrban
oiwrnba
oiwrnab
oiwranb
oiwrabn
oiwabrn
oiwabnr
oiwarbn
oiwarnb
oiwanrb
oiwanbr
oniabrw
oniabwr
oniarbw
oniarwb
oniawrb
oniawbr
onibarw
onibawr
onibraw
onibrwa
onibwra
onibwar
onirbaw
onirbwa
onirabw
onirawb
onirwab
onirwba
oniwbra
oniwbar
oniwrba
oniwrab
oniwarb
oniwabr
onaibrw
onaibwr
onairbw
onairwb
onaiwrb
onaiwbr
onabirw
onabiwr
onabriw
onabrwi
onabwri
onabwir
onarbiw
onarbwi
onaribw
onariwb
onarwib
onarwbi
onawbri
onawbir
onawrbi
onawrib
onawirb
onawibr
onbairw
onbaiwr
onbariw
onbarwi
onbawri
onbawir
onbiarw
onbiawr
onbiraw
onbirwa
onbiwra
onbiwar
onbriaw
onbriwa
onbraiw
onbrawi
onbrwai
onbrwia
onbwira
onbwiar
onbwria
onbwrai
onbwari
onbwair
onrabiw
onrabwi
onraibw
onraiwb
onrawib
onrawbi
onrbaiw
onrbawi
onrbiaw
onrbiwa
onrbwia
onrbwai
onribaw
onribwa
onriabw
onriawb
onriwab
onriwba
onrwbia
onrwbai
onrwiba
onrwiab
onrwaib
onrwabi
onwabri
onwabir
onwarbi
onwarib
onwairb
onwaibr
onwbari
onwbair
onwbrai
onwbria
onwbira
onwbiar
onwrbai
onwrbia
onwrabi
onwraib
onwriab
onwriba
onwibra
onwibar
onwirba
onwirab
onwiarb
onwiabr
obinarw
obinawr
obinraw
obinrwa
obinwra
obinwar
obianrw
obianwr
obiarnw
obiarwn
obiawrn
obiawnr
obiranw
obirawn
obirnaw
obirnwa
obirwna
obirwan
obiwarn
obiwanr
obiwran
obiwrna
obiwnra
obiwnar
obniarw
obniawr
obniraw
obnirwa
obniwra
obniwar
obnairw
obnaiwr
obnariw
obnarwi
obnawri
obnawir
obnraiw
obnrawi
obnriaw
obnriwa
obnrwia
obnrwai
obnwari
obnwair
obnwrai
obnwria
obnwira
obnwiar
obanirw
obaniwr
obanriw
obanrwi
obanwri
obanwir
obainrw
obainwr
obairnw
obairwn
obaiwrn
obaiwnr
obarinw
obariwn
obarniw
obarnwi
obarwni
obarwin
obawirn
obawinr
obawrin
obawrni
obawnri
obawnir
obrnaiw
obrnawi
obrniaw
obrniwa
obrnwia
obrnwai
obraniw
obranwi
obrainw
obraiwn
obrawin
obrawni
obrianw
obriawn
obrinaw
obrinwa
obriwna
obriwan
obrwain
obrwani
obrwian
obrwina
obrwnia
obrwnai
obwnari
obwnair
obwnrai
obwnria
obwnira
obwniar
obwanri
obwanir
obwarni
obwarin
obwairn
obwainr
obwrani
obwrain
obwrnai
obwrnia
obwrina
obwrian
obwiarn
obwianr
obwiran
obwirna
obwinra
obwinar
orinbaw
orinbwa
orinabw
orinawb
orinwab
orinwba
oribnaw
oribnwa
oribanw
oribawn
oribwan
oribwna
oriabnw
oriabwn
orianbw
orianwb
oriawnb
oriawbn
oriwban
oriwbna
oriwabn
oriwanb
oriwnab
oriwnba
ornibaw
ornibwa
orniabw
orniawb
orniwab
orniwba
ornbiaw
ornbiwa
ornbaiw
ornbawi
ornbwai
ornbwia
ornabiw
ornabwi
ornaibw
ornaiwb
ornawib
ornawbi
ornwbai
ornwbia
ornwabi
ornwaib
ornwiab
ornwiba
orbniaw
orbniwa
orbnaiw
orbnawi
orbnwai
orbnwia
orbinaw
orbinwa
orbianw
orbiawn
orbiwan
orbiwna
orbainw
orbaiwn
orbaniw
orbanwi
orbawni
orbawin
orbwian
orbwina
orbwain
orbwani
orbwnai
orbwnia
oranbiw
oranbwi
oranibw
oraniwb
oranwib
oranwbi
orabniw
orabnwi
orabinw
orabiwn
orabwin
orabwni
oraibnw
oraibwn
orainbw
orainwb
oraiwnb
oraiwbn
orawbin
orawbni
orawibn
orawinb
orawnib
orawnbi
orwnbai
orwnbia
orwnabi
orwnaib
orwniab
orwniba
orwbnai
orwbnia
orwbani
orwbain
orwbian
orwbina
orwabni
orwabin
orwanbi
orwanib
orwainb
orwaibn
orwiban
orwibna
orwiabn
orwianb
orwinab
orwinba
owinbra
owinbar
owinrba
owinrab
owinarb
owinabr
owibnra
owibnar
owibrna
owibran
owibarn
owibanr
owirbna
owirban
owirnba
owirnab
owiranb
owirabn
owiabrn
owiabnr
owiarbn
owiarnb
owianrb
owianbr
ownibra
ownibar
ownirba
ownirab
owniarb
owniabr
ownbira
ownbiar
ownbria
ownbrai
ownbari
ownbair
ownrbia
ownrbai
ownriba
ownriab
ownraib
ownrabi
ownabri
ownabir
ownarbi
ownarib
ownairb
ownaibr
owbnira
owbniar
owbnria
owbnrai
owbnari
owbnair
owbinra
owbinar
owbirna
owbiran
owbiarn
owbianr
owbrina
owbrian
owbrnia
owbrnai
owbrani
owbrain
owbairn
owbainr
owbarin
owbarni
owbanri
owbanir
owrnbia
owrnbai
owrniba
owrniab
owrnaib
owrnabi
owrbnia
owrbnai
owrbina
owrbian
owrbain
owrbani
owribna
owriban
owrinba
owrinab
owrianb
owriabn
owrabin
owrabni
owraibn
owrainb
owranib
owranbi
owanbri
owanbir
owanrbi
owanrib
owanirb
owanibr
owabnri
owabnir
owabrni
owabrin
owabirn
owabinr
owarbni
owarbin
owarnbi
owarnib
owarinb
owaribn
owaibrn
owaibnr
owairbn
owairnb
owainrb
owainbr
wainbor
wainbro
wainobr
wainorb
wainrob
wainrbo
waibnor
waibnro
waibonr
waiborn
waibron
waibrno
waiobnr
waiobrn
waionbr
waionrb
waiornb
waiorbn
wairbon
wairbno
wairobn
waironb
wairnob
wairnbo
wanibor
wanibro
waniobr
waniorb
wanirob
wanirbo
wanbior
wanbiro
wanboir
wanbori
wanbroi
wanbrio
wanobir
wanobri
wanoibr
wanoirb
wanorib
wanorbi
wanrboi
wanrbio
wanrobi
wanroib
wanriob
wanribo
wabnior
wabniro
wabnoir
wabnori
wabnroi
wabnrio
wabinor
wabinro
wabionr
wabiorn
wabiron
wabirno
waboinr
waboirn
wabonir
wabonri
waborni
waborin
wabrion
wabrino
wabroin
wabroni
wabrnoi
wabrnio
waonbir
waonbri
waonibr
waonirb
waonrib
waonrbi
waobnir
waobnri
waobinr
waobirn
waobrin
waobrni
waoibnr
waoibrn
waoinbr
waoinrb
waoirnb
waoirbn
waorbin
waorbni
waoribn
waorinb
waornib
waornbi
warnboi
warnbio
warnobi
warnoib
warniob
warnibo
warbnoi
warbnio
warboni
warboin
warbion
warbino
warobni
warobin
waronbi
waronib
waroinb
waroibn
waribon
waribno
wariobn
warionb
warinob
warinbo
wianbor
wianbro
wianobr
wianorb
wianrob
wianrbo
wiabnor
wiabnro
wiabonr
wiaborn
wiabron
wiabrno
wiaobnr
wiaobrn
wiaonbr
wiaonrb
wiaornb
wiaorbn
wiarbon
wiarbno
wiarobn
wiaronb
wiarnob
wiarnbo
winabor
winabro
winaobr
winaorb
winarob
winarbo
winbaor
winbaro
winboar
winbora
winbroa
winbrao
winobar
winobra
winoabr
winoarb
winorab
winorba
winrboa
winrbao
winroba
winroab
winraob
winrabo
wibnaor
wibnaro
wibnoar
wibnora
wibnroa
wibnrao
wibanor
wibanro
wibaonr
wibaorn
wibaron
wibarno
wiboanr
wiboarn
wibonar
wibonra
wiborna
wiboran
wibraon
wibrano
wibroan
wibrona
wibrnoa
wibrnao
wionbar
wionbra
wionabr
wionarb
wionrab
wionrba
wiobnar
wiobnra
wiobanr
wiobarn
wiobran
wiobrna
wioabnr
wioabrn
wioanbr
wioanrb
wioarnb
wioarbn
wiorban
wiorbna
wiorabn
wioranb
wiornab
wiornba
wirnboa
wirnbao
wirnoba
wirnoab
wirnaob
wirnabo
wirbnoa
wirbnao
wirbona
wirboan
wirbaon
wirbano
wirobna
wiroban
wironba
wironab
wiroanb
wiroabn
wirabon
wirabno
wiraobn
wiraonb
wiranob
wiranbo
wniabor
wniabro
wniaobr
wniaorb
wniarob
wniarbo
wnibaor
wnibaro
wniboar
wnibora
wnibroa
wnibrao
wniobar
wniobra
wnioabr
wnioarb
wniorab
wniorba
wnirboa
wnirbao
wniroba
wniroab
wniraob
wnirabo
wnaibor
wnaibro
wnaiobr
wnaiorb
wnairob
wnairbo
wnabior
wnabiro
wnaboir
wnabori
wnabroi
wnabrio
wnaobir
wnaobri
wnaoibr
wnaoirb
wnaorib
wnaorbi
wnarboi
wnarbio
wnarobi
wnaroib
wnariob
wnaribo
wnbaior
wnbairo
wnbaoir
wnbaori
wnbaroi
wnbario
wnbiaor
wnbiaro
wnbioar
wnbiora
wnbiroa
wnbirao
wnboiar
wnboira
wnboair
wnboari
wnborai
wnboria
wnbrioa
wnbriao
wnbroia
wnbroai
wnbraoi
wnbraio
wnoabir
wnoabri
wnoaibr
wnoairb
wnoarib
wnoarbi
wnobair
wnobari
wnobiar
wnobira
wnobria
wnobrai
wnoibar
wnoibra
wnoiabr
wnoiarb
wnoirab
wnoirba
wnorbia
wnorbai
wnoriba
wnoriab
wnoraib
wnorabi
wnraboi
wnrabio
wnraobi
wnraoib
wnraiob
wnraibo
wnrbaoi
wnrbaio
wnrboai
wnrboia
wnrbioa
wnrbiao
wnrobai
wnrobia
wnroabi
wnroaib
wnroiab
wnroiba
wnriboa
wnribao
wnrioba
wnrioab
wnriaob
wnriabo
wbinaor
wbinaro
wbinoar
wbinora
wbinroa
wbinrao
wbianor
wbianro
wbiaonr
wbiaorn
wbiaron
wbiarno
wbioanr
wbioarn
wbionar
wbionra
wbiorna
wbioran
wbiraon
wbirano
wbiroan
wbirona
wbirnoa
wbirnao
wbniaor
wbniaro
wbnioar
wbniora
wbniroa
wbnirao
wbnaior
wbnairo
wbnaoir
wbnaori
wbnaroi
wbnario
wbnoair
wbnoari
wbnoiar
wbnoira
wbnoria
wbnorai
wbnraoi
wbnraio
wbnroai
wbnroia
wbnrioa
wbnriao
wbanior
wbaniro
wbanoir
wbanori
wbanroi
wbanrio
wbainor
wbainro
wbaionr
wbaiorn
wbairon
wbairno
wbaoinr
wbaoirn
wbaonir
wbaonri
wbaorni
wbaorin
wbarion
wbarino
wbaroin
wbaroni
wbarnoi
wbarnio
wbonair
wbonari
wboniar
wbonira
wbonria
wbonrai
wboanir
wboanri
wboainr
wboairn
wboarin
wboarni
wboianr
wboiarn
wboinar
wboinra
wboirna
wboiran
wborain
wborani
wborian
wborina
wbornia
wbornai
wbrnaoi
wbrnaio
wbrnoai
wbrnoia
wbrnioa
wbrniao
wbranoi
wbranio
wbraoni
wbraoin
wbraion
wbraino
wbroani
wbroain
wbronai
wbronia
wbroina
wbroian
wbriaon
wbriano
wbrioan
wbriona
wbrinoa
wbrinao
woinbar
woinbra
woinabr
woinarb
woinrab
woinrba
woibnar
woibnra
woibanr
woibarn
woibran
woibrna
woiabnr
woiabrn
woianbr
woianrb
woiarnb
woiarbn
woirban
woirbna
woirabn
woiranb
woirnab
woirnba
wonibar
wonibra
woniabr
woniarb
wonirab
wonirba
wonbiar
wonbira
wonbair
wonbari
wonbrai
wonbria
wonabir
wonabri
wonaibr
wonairb
wonarib
wonarbi
wonrbai
wonrbia
wonrabi
wonraib
wonriab
wonriba
wobniar
wobnira
wobnair
wobnari
wobnrai
wobnria
wobinar
wobinra
wobianr
wobiarn
wobiran
wobirna
wobainr
wobairn
wobanir
wobanri
wobarni
wobarin
wobrian
wobrina
wobrain
wobrani
wobrnai
wobrnia
woanbir
woanbri
woanibr
woanirb
woanrib
woanrbi
woabnir
woabnri
woabinr
woabirn
woabrin
woabrni
woaibnr
woaibrn
woainbr
woainrb
woairnb
woairbn
woarbin
woarbni
woaribn
woarinb
woarnib
woarnbi
wornbai
wornbia
wornabi
wornaib
worniab
worniba
worbnai
worbnia
worbani
worbain
worbian
worbina
worabni
worabin
woranbi
woranib
worainb
woraibn
woriban
woribna
woriabn
worianb
worinab
worinba
wrinboa
wrinbao
wrinoba
wrinoab
wrinaob
wrinabo
wribnoa
wribnao
wribona
wriboan
wribaon
wribano
wriobna
wrioban
wrionba
wrionab
wrioanb
wrioabn
wriabon
wriabno
wriaobn
wriaonb
wrianob
wrianbo
wrniboa
wrnibao
wrnioba
wrnioab
wrniaob
wrniabo
wrnbioa
wrnbiao
wrnboia
wrnboai
wrnbaoi
wrnbaio
wrnobia
wrnobai
wrnoiba
wrnoiab
wrnoaib
wrnoabi
wrnaboi
wrnabio
wrnaobi
wrnaoib
wrnaiob
wrnaibo
wrbnioa
wrbniao
wrbnoia
wrbnoai
wrbnaoi
wrbnaio
wrbinoa
wrbinao
wrbiona
wrbioan
wrbiaon
wrbiano
wrboina
wrboian
wrbonia
wrbonai
wrboani
wrboain
wrbaion
wrbaino
wrbaoin
wrbaoni
wrbanoi
wrbanio
wronbia
wronbai
wroniba
wroniab
wronaib
wronabi
wrobnia
wrobnai
wrobina
wrobian
wrobain
wrobani
wroibna
wroiban
wroinba
wroinab
wroianb
wroiabn
wroabin
wroabni
wroaibn
wroainb
wroanib
wroanbi
wranboi
wranbio
wranobi
wranoib
wraniob
wranibo
wrabnoi
wrabnio
wraboni
wraboin
wrabion
wrabino
wraobni
wraobin
wraonbi
wraonib
wraoinb
wraoibn
wraibon
wraibno
wraiobn
wraionb
wrainob
wrainbo

283146
283146
283146
283146
283146
283146
283146
283146
283146
283146
283146
